Apache Maven 3.9.6 (bc0240f3c744dd6b6ec2920b3cd08dcc295161ae)
Maven home: C:\Users\Asus\.m2\wrapper\dists\apache-maven-3.9.6-bin\3311e1d4\apache-maven-3.9.6
Java version: 23.0.1, vendor: Oracle Corporation, runtime: C:\Program Files\Java\jdk-23
Default locale: en_IN, platform encoding: UTF-8
OS name: "windows 11", version: "10.0", arch: "amd64", family: "windows"
[DEBUG] Created new class realm maven.api
[DEBUG] Importing foreign packages into class realm maven.api
[DEBUG]   Imported: javax.annotation.* < plexus.core
[DEBUG]   Imported: javax.annotation.security.* < plexus.core
[DEBUG]   Imported: javax.inject.* < plexus.core
[DEBUG]   Imported: org.apache.maven.* < plexus.core
[DEBUG]   Imported: org.apache.maven.artifact < plexus.core
[DEBUG]   Imported: org.apache.maven.classrealm < plexus.core
[DEBUG]   Imported: org.apache.maven.cli < plexus.core
[DEBUG]   Imported: org.apache.maven.configuration < plexus.core
[DEBUG]   Imported: org.apache.maven.exception < plexus.core
[DEBUG]   Imported: org.apache.maven.execution < plexus.core
[DEBUG]   Imported: org.apache.maven.execution.scope < plexus.core
[DEBUG]   Imported: org.apache.maven.graph < plexus.core
[DEBUG]   Imported: org.apache.maven.lifecycle < plexus.core
[DEBUG]   Imported: org.apache.maven.model < plexus.core
[DEBUG]   Imported: org.apache.maven.monitor < plexus.core
[DEBUG]   Imported: org.apache.maven.plugin < plexus.core
[DEBUG]   Imported: org.apache.maven.profiles < plexus.core
[DEBUG]   Imported: org.apache.maven.project < plexus.core
[DEBUG]   Imported: org.apache.maven.reporting < plexus.core
[DEBUG]   Imported: org.apache.maven.repository < plexus.core
[DEBUG]   Imported: org.apache.maven.rtinfo < plexus.core
[DEBUG]   Imported: org.apache.maven.settings < plexus.core
[DEBUG]   Imported: org.apache.maven.toolchain < plexus.core
[DEBUG]   Imported: org.apache.maven.usability < plexus.core
[DEBUG]   Imported: org.apache.maven.wagon.* < plexus.core
[DEBUG]   Imported: org.apache.maven.wagon.authentication < plexus.core
[DEBUG]   Imported: org.apache.maven.wagon.authorization < plexus.core
[DEBUG]   Imported: org.apache.maven.wagon.events < plexus.core
[DEBUG]   Imported: org.apache.maven.wagon.observers < plexus.core
[DEBUG]   Imported: org.apache.maven.wagon.proxy < plexus.core
[DEBUG]   Imported: org.apache.maven.wagon.repository < plexus.core
[DEBUG]   Imported: org.apache.maven.wagon.resource < plexus.core
[DEBUG]   Imported: org.codehaus.classworlds < plexus.core
[DEBUG]   Imported: org.codehaus.plexus.* < plexus.core
[DEBUG]   Imported: org.codehaus.plexus.classworlds < plexus.core
[DEBUG]   Imported: org.codehaus.plexus.component < plexus.core
[DEBUG]   Imported: org.codehaus.plexus.configuration < plexus.core
[DEBUG]   Imported: org.codehaus.plexus.container < plexus.core
[DEBUG]   Imported: org.codehaus.plexus.context < plexus.core
[DEBUG]   Imported: org.codehaus.plexus.lifecycle < plexus.core
[DEBUG]   Imported: org.codehaus.plexus.logging < plexus.core
[DEBUG]   Imported: org.codehaus.plexus.personality < plexus.core
[DEBUG]   Imported: org.codehaus.plexus.util.xml.Xpp3Dom < plexus.core
[DEBUG]   Imported: org.codehaus.plexus.util.xml.pull.XmlPullParser < plexus.core
[DEBUG]   Imported: org.codehaus.plexus.util.xml.pull.XmlPullParserException < plexus.core
[DEBUG]   Imported: org.codehaus.plexus.util.xml.pull.XmlSerializer < plexus.core
[DEBUG]   Imported: org.eclipse.aether.* < plexus.core
[DEBUG]   Imported: org.eclipse.aether.artifact < plexus.core
[DEBUG]   Imported: org.eclipse.aether.collection < plexus.core
[DEBUG]   Imported: org.eclipse.aether.deployment < plexus.core
[DEBUG]   Imported: org.eclipse.aether.graph < plexus.core
[DEBUG]   Imported: org.eclipse.aether.impl < plexus.core
[DEBUG]   Imported: org.eclipse.aether.installation < plexus.core
[DEBUG]   Imported: org.eclipse.aether.internal.impl < plexus.core
[DEBUG]   Imported: org.eclipse.aether.metadata < plexus.core
[DEBUG]   Imported: org.eclipse.aether.repository < plexus.core
[DEBUG]   Imported: org.eclipse.aether.resolution < plexus.core
[DEBUG]   Imported: org.eclipse.aether.spi < plexus.core
[DEBUG]   Imported: org.eclipse.aether.transfer < plexus.core
[DEBUG]   Imported: org.eclipse.aether.util < plexus.core
[DEBUG]   Imported: org.eclipse.aether.version < plexus.core
[DEBUG]   Imported: org.fusesource.jansi.* < plexus.core
[DEBUG]   Imported: org.slf4j.* < plexus.core
[DEBUG]   Imported: org.slf4j.event.* < plexus.core
[DEBUG]   Imported: org.slf4j.helpers.* < plexus.core
[DEBUG]   Imported: org.slf4j.spi.* < plexus.core
[DEBUG] Populating class realm maven.api
[DEBUG] Created adapter factory; available factories [file-lock, rwlock-local, semaphore-local, noop]; available name mappers [discriminating, file-gav, file-hgav, file-static, gav, static]
[INFO] Error stacktraces are turned on.
[DEBUG] Message scheme: color
[DEBUG] Message styles: debug info warning error success failure strong mojo project
[DEBUG] Reading global settings from C:\Users\Asus\.m2\wrapper\dists\apache-maven-3.9.6-bin\3311e1d4\apache-maven-3.9.6\conf\settings.xml
[DEBUG] Reading user settings from C:\Users\Asus\.m2\settings.xml
[DEBUG] Reading global toolchains from C:\Users\Asus\.m2\wrapper\dists\apache-maven-3.9.6-bin\3311e1d4\apache-maven-3.9.6\conf\toolchains.xml
[DEBUG] Reading user toolchains from C:\Users\Asus\.m2\toolchains.xml
[DEBUG] Using local repository at C:\Users\Asus\.m2\repository
[DEBUG] Using manager EnhancedLocalRepositoryManager with priority 10.0 for C:\Users\Asus\.m2\repository
[INFO] Scanning for projects...
[DEBUG] Creating adapter using nameMapper 'gav' and factory 'rwlock-local'
[DEBUG] Extension realms for project com.financeboard:financeboard-api:jar:1.0.0: (none)
[DEBUG] Looking up lifecycle mappings for packaging jar from ClassRealm[plexus.core, parent: null]
[DEBUG] Extension realms for project org.springframework.boot:spring-boot-starter-parent:pom:3.2.5: (none)
[DEBUG] Looking up lifecycle mappings for packaging pom from ClassRealm[plexus.core, parent: null]
[DEBUG] Extension realms for project org.springframework.boot:spring-boot-dependencies:pom:3.2.5: (none)
[DEBUG] Looking up lifecycle mappings for packaging pom from ClassRealm[plexus.core, parent: null]
[DEBUG] === REACTOR BUILD PLAN ================================================
[DEBUG] Project: com.financeboard:financeboard-api:jar:1.0.0
[DEBUG] Tasks:   [test]
[DEBUG] Style:   Regular
[DEBUG] =======================================================================
[INFO] 
[INFO] -----------------< com.financeboard:financeboard-api >------------------
[INFO] Building FinanceBoard API 1.0.0
[INFO]   from pom.xml
[INFO] --------------------------------[ jar ]---------------------------------
[DEBUG] Lifecycle clean -> [pre-clean, clean, post-clean]
[DEBUG] Lifecycle default -> [validate, initialize, generate-sources, process-sources, generate-resources, process-resources, compile, process-classes, generate-test-sources, process-test-sources, generate-test-resources, process-test-resources, test-compile, process-test-classes, test, prepare-package, package, pre-integration-test, integration-test, post-integration-test, verify, install, deploy]
[DEBUG] Lifecycle site -> [pre-site, site, post-site, site-deploy]
[DEBUG] Lifecycle clean -> [pre-clean, clean, post-clean]
[DEBUG] Lifecycle default -> [validate, initialize, generate-sources, process-sources, generate-resources, process-resources, compile, process-classes, generate-test-sources, process-test-sources, generate-test-resources, process-test-resources, test-compile, process-test-classes, test, prepare-package, package, pre-integration-test, integration-test, post-integration-test, verify, install, deploy]
[DEBUG] Lifecycle site -> [pre-site, site, post-site, site-deploy]
[DEBUG] Lifecycle clean -> [pre-clean, clean, post-clean]
[DEBUG] Lifecycle default -> [validate, initialize, generate-sources, process-sources, generate-resources, process-resources, compile, process-classes, generate-test-sources, process-test-sources, generate-test-resources, process-test-resources, test-compile, process-test-classes, test, prepare-package, package, pre-integration-test, integration-test, post-integration-test, verify, install, deploy]
[DEBUG] Lifecycle site -> [pre-site, site, post-site, site-deploy]
[DEBUG] Lifecycle clean -> [pre-clean, clean, post-clean]
[DEBUG] Lifecycle default -> [validate, initialize, generate-sources, process-sources, generate-resources, process-resources, compile, process-classes, generate-test-sources, process-test-sources, generate-test-resources, process-test-resources, test-compile, process-test-classes, test, prepare-package, package, pre-integration-test, integration-test, post-integration-test, verify, install, deploy]
[DEBUG] Lifecycle site -> [pre-site, site, post-site, site-deploy]
[DEBUG] Lifecycle clean -> [pre-clean, clean, post-clean]
[DEBUG] Lifecycle default -> [validate, initialize, generate-sources, process-sources, generate-resources, process-resources, compile, process-classes, generate-test-sources, process-test-sources, generate-test-resources, process-test-resources, test-compile, process-test-classes, test, prepare-package, package, pre-integration-test, integration-test, post-integration-test, verify, install, deploy]
[DEBUG] Lifecycle site -> [pre-site, site, post-site, site-deploy]
[DEBUG] Lifecycle clean -> [pre-clean, clean, post-clean]
[DEBUG] Lifecycle default -> [validate, initialize, generate-sources, process-sources, generate-resources, process-resources, compile, process-classes, generate-test-sources, process-test-sources, generate-test-resources, process-test-resources, test-compile, process-test-classes, test, prepare-package, package, pre-integration-test, integration-test, post-integration-test, verify, install, deploy]
[DEBUG] Lifecycle site -> [pre-site, site, post-site, site-deploy]
[DEBUG] === PROJECT BUILD PLAN ================================================
[DEBUG] Project:       com.financeboard:financeboard-api:1.0.0
[DEBUG] Dependencies (collect): []
[DEBUG] Dependencies (resolve): [compile, test]
[DEBUG] Repositories (dependencies): [central (https://repo.maven.apache.org/maven2, default, releases)]
[DEBUG] Repositories (plugins)     : [central (https://repo.maven.apache.org/maven2, default, releases)]
[DEBUG] -----------------------------------------------------------------------
[DEBUG] Goal:          org.apache.maven.plugins:maven-resources-plugin:3.3.1:resources (default-resources)
[DEBUG] Style:         Regular
[DEBUG] Configuration: <?xml version="1.0" encoding="UTF-8"?>
<configuration>
  <addDefaultExcludes default-value="true"/>
  <buildFilters default-value="${project.build.filters}"/>
  <delimiters>
    <delimiter>@</delimiter>
  </delimiters>
  <encoding default-value="${project.build.sourceEncoding}"/>
  <escapeWindowsPaths default-value="true"/>
  <fileNameFiltering default-value="false"/>
  <includeEmptyDirs default-value="false"/>
  <outputDirectory default-value="${project.build.outputDirectory}"/>
  <overwrite default-value="false"/>
  <project default-value="${project}"/>
  <propertiesEncoding>UTF-8</propertiesEncoding>
  <resources default-value="${project.resources}"/>
  <session default-value="${session}"/>
  <skip default-value="false">${maven.resources.skip}</skip>
  <supportMultiLineFiltering default-value="false"/>
  <useBuildFilters default-value="true"/>
  <useDefaultDelimiters default-value="true">false</useDefaultDelimiters>
</configuration>
[DEBUG] -----------------------------------------------------------------------
[DEBUG] Goal:          org.apache.maven.plugins:maven-compiler-plugin:3.11.0:compile (default-compile)
[DEBUG] Style:         Regular
[DEBUG] Configuration: <?xml version="1.0" encoding="UTF-8"?>
<configuration>
  <annotationProcessorPaths>
    <path>
      <groupId>org.projectlombok</groupId>
      <artifactId>lombok</artifactId>
      <version>1.18.32</version>
    </path>
    <path>
      <groupId>org.projectlombok</groupId>
      <artifactId>lombok-mapstruct-binding</artifactId>
      <version>0.2.0</version>
    </path>
    <path>
      <groupId>org.mapstruct</groupId>
      <artifactId>mapstruct-processor</artifactId>
      <version>1.5.5.Final</version>
    </path>
  </annotationProcessorPaths>
  <basedir default-value="${basedir}"/>
  <buildDirectory default-value="${project.build.directory}"/>
  <compilePath default-value="${project.compileClasspathElements}"/>
  <compileSourceRoots default-value="${project.compileSourceRoots}"/>
  <compilerId default-value="javac">${maven.compiler.compilerId}</compilerId>
  <compilerReuseStrategy default-value="${reuseCreated}">${maven.compiler.compilerReuseStrategy}</compilerReuseStrategy>
  <compilerVersion>${maven.compiler.compilerVersion}</compilerVersion>
  <createMissingPackageInfoClass default-value="true">${maven.compiler.createMissingPackageInfoClass}</createMissingPackageInfoClass>
  <debug default-value="true">${maven.compiler.debug}</debug>
  <debugFileName default-value="javac"/>
  <debuglevel>${maven.compiler.debuglevel}</debuglevel>
  <enablePreview default-value="false">${maven.compiler.enablePreview}</enablePreview>
  <encoding default-value="${project.build.sourceEncoding}">${encoding}</encoding>
  <executable>${maven.compiler.executable}</executable>
  <failOnError default-value="true">${maven.compiler.failOnError}</failOnError>
  <failOnWarning default-value="false">${maven.compiler.failOnWarning}</failOnWarning>
  <forceJavacCompilerUse default-value="false">${maven.compiler.forceJavacCompilerUse}</forceJavacCompilerUse>
  <fork default-value="false">${maven.compiler.fork}</fork>
  <generatedSourcesDirectory default-value="${project.build.directory}/generated-sources/annotations"/>
  <implicit>${maven.compiler.implicit}</implicit>
  <maxmem>${maven.compiler.maxmem}</maxmem>
  <meminitial>${maven.compiler.meminitial}</meminitial>
  <mojoExecution default-value="${mojoExecution}"/>
  <optimize default-value="false">${maven.compiler.optimize}</optimize>
  <outputDirectory default-value="${project.build.outputDirectory}"/>
  <parameters default-value="false">true</parameters>
  <project default-value="${project}"/>
  <projectArtifact default-value="${project.artifact}"/>
  <release>${maven.compiler.release}</release>
  <session default-value="${session}"/>
  <showCompilationChanges default-value="false">${maven.compiler.showCompilationChanges}</showCompilationChanges>
  <showDeprecation default-value="false">${maven.compiler.showDeprecation}</showDeprecation>
  <showWarnings default-value="true">${maven.compiler.showWarnings}</showWarnings>
  <skipMain>${maven.main.skip}</skipMain>
  <skipMultiThreadWarning default-value="false">${maven.compiler.skipMultiThreadWarning}</skipMultiThreadWarning>
  <source default-value="1.8">17</source>
  <staleMillis default-value="0">${lastModGranularityMs}</staleMillis>
  <target default-value="1.8">17</target>
  <useIncrementalCompilation default-value="true">${maven.compiler.useIncrementalCompilation}</useIncrementalCompilation>
  <verbose default-value="false">${maven.compiler.verbose}</verbose>
</configuration>
[DEBUG] -----------------------------------------------------------------------
[DEBUG] Goal:          org.apache.maven.plugins:maven-resources-plugin:3.3.1:testResources (default-testResources)
[DEBUG] Style:         Regular
[DEBUG] Configuration: <?xml version="1.0" encoding="UTF-8"?>
<configuration>
  <addDefaultExcludes default-value="true"/>
  <buildFilters default-value="${project.build.filters}"/>
  <delimiters>
    <delimiter>@</delimiter>
  </delimiters>
  <encoding default-value="${project.build.sourceEncoding}"/>
  <escapeWindowsPaths default-value="true"/>
  <fileNameFiltering default-value="false"/>
  <includeEmptyDirs default-value="false"/>
  <outputDirectory default-value="${project.build.testOutputDirectory}"/>
  <overwrite default-value="false"/>
  <project default-value="${project}"/>
  <propertiesEncoding>UTF-8</propertiesEncoding>
  <resources default-value="${project.testResources}"/>
  <session default-value="${session}"/>
  <skip default-value="false">${maven.test.skip}</skip>
  <supportMultiLineFiltering default-value="false"/>
  <useBuildFilters default-value="true"/>
  <useDefaultDelimiters default-value="true">false</useDefaultDelimiters>
</configuration>
[DEBUG] -----------------------------------------------------------------------
[DEBUG] Goal:          org.apache.maven.plugins:maven-compiler-plugin:3.11.0:testCompile (default-testCompile)
[DEBUG] Style:         Regular
[DEBUG] Configuration: <?xml version="1.0" encoding="UTF-8"?>
<configuration>
  <annotationProcessorPaths>
    <path>
      <groupId>org.projectlombok</groupId>
      <artifactId>lombok</artifactId>
      <version>1.18.32</version>
    </path>
    <path>
      <groupId>org.projectlombok</groupId>
      <artifactId>lombok-mapstruct-binding</artifactId>
      <version>0.2.0</version>
    </path>
    <path>
      <groupId>org.mapstruct</groupId>
      <artifactId>mapstruct-processor</artifactId>
      <version>1.5.5.Final</version>
    </path>
  </annotationProcessorPaths>
  <basedir default-value="${basedir}"/>
  <buildDirectory default-value="${project.build.directory}"/>
  <compileSourceRoots default-value="${project.testCompileSourceRoots}"/>
  <compilerId default-value="javac">${maven.compiler.compilerId}</compilerId>
  <compilerReuseStrategy default-value="${reuseCreated}">${maven.compiler.compilerReuseStrategy}</compilerReuseStrategy>
  <compilerVersion>${maven.compiler.compilerVersion}</compilerVersion>
  <createMissingPackageInfoClass default-value="true">${maven.compiler.createMissingPackageInfoClass}</createMissingPackageInfoClass>
  <debug default-value="true">${maven.compiler.debug}</debug>
  <debugFileName default-value="javac-test"/>
  <debuglevel>${maven.compiler.debuglevel}</debuglevel>
  <enablePreview default-value="false">${maven.compiler.enablePreview}</enablePreview>
  <encoding default-value="${project.build.sourceEncoding}">${encoding}</encoding>
  <executable>${maven.compiler.executable}</executable>
  <failOnError default-value="true">${maven.compiler.failOnError}</failOnError>
  <failOnWarning default-value="false">${maven.compiler.failOnWarning}</failOnWarning>
  <forceJavacCompilerUse default-value="false">${maven.compiler.forceJavacCompilerUse}</forceJavacCompilerUse>
  <fork default-value="false">${maven.compiler.fork}</fork>
  <generatedTestSourcesDirectory default-value="${project.build.directory}/generated-test-sources/test-annotations"/>
  <implicit>${maven.compiler.implicit}</implicit>
  <maxmem>${maven.compiler.maxmem}</maxmem>
  <meminitial>${maven.compiler.meminitial}</meminitial>
  <mojoExecution default-value="${mojoExecution}"/>
  <optimize default-value="false">${maven.compiler.optimize}</optimize>
  <outputDirectory default-value="${project.build.testOutputDirectory}"/>
  <parameters default-value="false">true</parameters>
  <project default-value="${project}"/>
  <release>${maven.compiler.release}</release>
  <session default-value="${session}"/>
  <showCompilationChanges default-value="false">${maven.compiler.showCompilationChanges}</showCompilationChanges>
  <showDeprecation default-value="false">${maven.compiler.showDeprecation}</showDeprecation>
  <showWarnings default-value="true">${maven.compiler.showWarnings}</showWarnings>
  <skip>${maven.test.skip}</skip>
  <skipMultiThreadWarning default-value="false">${maven.compiler.skipMultiThreadWarning}</skipMultiThreadWarning>
  <source default-value="1.8">17</source>
  <staleMillis default-value="0">${lastModGranularityMs}</staleMillis>
  <target default-value="1.8">17</target>
  <testPath default-value="${project.testClasspathElements}"/>
  <testRelease>${maven.compiler.testRelease}</testRelease>
  <testSource>${maven.compiler.testSource}</testSource>
  <testTarget>${maven.compiler.testTarget}</testTarget>
  <useIncrementalCompilation default-value="true">${maven.compiler.useIncrementalCompilation}</useIncrementalCompilation>
  <useModulePath default-value="true"/>
  <verbose default-value="false">${maven.compiler.verbose}</verbose>
</configuration>
[DEBUG] -----------------------------------------------------------------------
[DEBUG] Goal:          org.apache.maven.plugins:maven-surefire-plugin:3.1.2:test (default-test)
[DEBUG] Style:         Regular
[DEBUG] Configuration: <?xml version="1.0" encoding="UTF-8"?>
<configuration>
  <additionalClasspathElements>${maven.test.additionalClasspath}</additionalClasspathElements>
  <argLine>${argLine}</argLine>
  <basedir default-value="${basedir}"/>
  <childDelegation default-value="false">${childDelegation}</childDelegation>
  <classesDirectory default-value="${project.build.outputDirectory}"/>
  <classpathDependencyExcludes>${maven.test.dependency.excludes}</classpathDependencyExcludes>
  <debugForkedProcess>${maven.surefire.debug}</debugForkedProcess>
  <dependenciesToScan>${dependenciesToScan}</dependenciesToScan>
  <disableXmlReport default-value="false">${disableXmlReport}</disableXmlReport>
  <enableAssertions default-value="true">${enableAssertions}</enableAssertions>
  <enableProcessChecker>${surefire.enableProcessChecker}</enableProcessChecker>
  <encoding default-value="${project.reporting.outputEncoding}">${surefire.encoding}</encoding>
  <excludeJUnit5Engines>${surefire.excludeJUnit5Engines}</excludeJUnit5Engines>
  <excludedEnvironmentVariables>${surefire.excludedEnvironmentVariables}</excludedEnvironmentVariables>
  <excludedGroups>${excludedGroups}</excludedGroups>
  <excludes>${surefire.excludes}</excludes>
  <excludesFile>${surefire.excludesFile}</excludesFile>
  <failIfNoSpecifiedTests default-value="true">${surefire.failIfNoSpecifiedTests}</failIfNoSpecifiedTests>
  <failIfNoTests default-value="false">${failIfNoTests}</failIfNoTests>
  <failOnFlakeCount default-value="0">${surefire.failOnFlakeCount}</failOnFlakeCount>
  <forkCount default-value="1">${forkCount}</forkCount>
  <forkNode>${surefire.forkNode}</forkNode>
  <forkedProcessExitTimeoutInSeconds default-value="30">${surefire.exitTimeout}</forkedProcessExitTimeoutInSeconds>
  <forkedProcessTimeoutInSeconds>${surefire.timeout}</forkedProcessTimeoutInSeconds>
  <groups>${groups}</groups>
  <includeJUnit5Engines>${surefire.includeJUnit5Engines}</includeJUnit5Engines>
  <includes>${surefire.includes}</includes>
  <includesFile>${surefire.includesFile}</includesFile>
  <junitArtifactName default-value="junit:junit">${junitArtifactName}</junitArtifactName>
  <jvm>${jvm}</jvm>
  <objectFactory>${objectFactory}</objectFactory>
  <parallel>${parallel}</parallel>
  <parallelMavenExecution default-value="${session.parallel}"/>
  <parallelOptimized default-value="true">${parallelOptimized}</parallelOptimized>
  <parallelTestsTimeoutForcedInSeconds>${surefire.parallel.forcedTimeout}</parallelTestsTimeoutForcedInSeconds>
  <parallelTestsTimeoutInSeconds>${surefire.parallel.timeout}</parallelTestsTimeoutInSeconds>
  <perCoreThreadCount default-value="true">${perCoreThreadCount}</perCoreThreadCount>
  <pluginArtifactMap>${plugin.artifactMap}</pluginArtifactMap>
  <pluginDescriptor default-value="${plugin}"/>
  <printSummary default-value="true">${surefire.printSummary}</printSummary>
  <project default-value="${project}"/>
  <projectArtifactMap>${project.artifactMap}</projectArtifactMap>
  <projectBuildDirectory default-value="${project.build.directory}"/>
  <redirectTestOutputToFile default-value="false">${maven.test.redirectTestOutputToFile}</redirectTestOutputToFile>
  <reportFormat default-value="brief">${surefire.reportFormat}</reportFormat>
  <reportNameSuffix default-value="">${surefire.reportNameSuffix}</reportNameSuffix>
  <reportsDirectory default-value="${project.build.directory}/surefire-reports"/>
  <rerunFailingTestsCount default-value="0">${surefire.rerunFailingTestsCount}</rerunFailingTestsCount>
  <reuseForks default-value="true">${reuseForks}</reuseForks>
  <runOrder default-value="filesystem">${surefire.runOrder}</runOrder>
  <runOrderRandomSeed>${surefire.runOrder.random.seed}</runOrderRandomSeed>
  <session default-value="${session}"/>
  <shutdown default-value="exit">${surefire.shutdown}</shutdown>
  <skip default-value="false">${maven.test.skip}</skip>
  <skipAfterFailureCount default-value="0">${surefire.skipAfterFailureCount}</skipAfterFailureCount>
  <skipExec>${maven.test.skip.exec}</skipExec>
  <skipTests default-value="false">${skipTests}</skipTests>
  <suiteXmlFiles>${surefire.suiteXmlFiles}</suiteXmlFiles>
  <systemPropertiesFile>${surefire.systemPropertiesFile}</systemPropertiesFile>
  <tempDir default-value="surefire">${tempDir}</tempDir>
  <test>${test}</test>
  <testClassesDirectory default-value="${project.build.testOutputDirectory}"/>
  <testFailureIgnore default-value="false">${maven.test.failure.ignore}</testFailureIgnore>
  <testNGArtifactName default-value="org.testng:testng">${testNGArtifactName}</testNGArtifactName>
  <testSourceDirectory default-value="${project.build.testSourceDirectory}"/>
  <threadCount>${threadCount}</threadCount>
  <threadCountClasses default-value="0">${threadCountClasses}</threadCountClasses>
  <threadCountMethods default-value="0">${threadCountMethods}</threadCountMethods>
  <threadCountSuites default-value="0">${threadCountSuites}</threadCountSuites>
  <trimStackTrace default-value="false">${trimStackTrace}</trimStackTrace>
  <useFile default-value="true">${surefire.useFile}</useFile>
  <useManifestOnlyJar default-value="true">${surefire.useManifestOnlyJar}</useManifestOnlyJar>
  <useModulePath default-value="true">${surefire.useModulePath}</useModulePath>
  <useSystemClassLoader default-value="true">${surefire.useSystemClassLoader}</useSystemClassLoader>
  <useUnlimitedThreads default-value="false">${useUnlimitedThreads}</useUnlimitedThreads>
  <workingDirectory>${basedir}</workingDirectory>
</configuration>
[DEBUG] =======================================================================
[DEBUG] Using mirror maven-default-http-blocker (http://0.0.0.0/) for vaadin-snapshots (http://oss.sonatype.org/content/repositories/vaadin-snapshots/).
[DEBUG] Using mirror maven-default-http-blocker (http://0.0.0.0/) for vaadin-releases (http://oss.sonatype.org/content/repositories/vaadin-releases/).
[DEBUG] Dependency collection stats {ConflictMarker.analyzeTime=3181800, ConflictMarker.markTime=395300, ConflictMarker.nodeCount=274, ConflictIdSorter.graphTime=2168400, ConflictIdSorter.topsortTime=1677600, ConflictIdSorter.conflictIdCount=114, ConflictIdSorter.conflictIdCycleCount=0, ConflictResolver.totalTime=11391900, ConflictResolver.conflictItemCount=237, DfDependencyCollector.collectTime=442765700, DfDependencyCollector.transformTime=25333300}
[DEBUG] com.financeboard:financeboard-api:jar:1.0.0
[DEBUG]    org.springframework.boot:spring-boot-starter-web:jar:3.2.5:compile
[DEBUG]       org.springframework.boot:spring-boot-starter:jar:3.2.5:compile (version managed from 3.2.5)
[DEBUG]          org.springframework.boot:spring-boot:jar:3.2.5:compile (version managed from 3.2.5)
[DEBUG]          org.springframework.boot:spring-boot-autoconfigure:jar:3.2.5:compile (version managed from 3.2.5)
[DEBUG]          org.springframework.boot:spring-boot-starter-logging:jar:3.2.5:compile (version managed from 3.2.5)
[DEBUG]             ch.qos.logback:logback-classic:jar:1.4.14:compile (version managed from 1.4.14)
[DEBUG]                ch.qos.logback:logback-core:jar:1.4.14:compile (version managed from 1.4.14)
[DEBUG]             org.apache.logging.log4j:log4j-to-slf4j:jar:2.21.1:compile (version managed from 2.21.1)
[DEBUG]                org.apache.logging.log4j:log4j-api:jar:2.21.1:compile (version managed from 2.21.1)
[DEBUG]             org.slf4j:jul-to-slf4j:jar:2.0.13:compile (version managed from 2.0.13)
[DEBUG]          jakarta.annotation:jakarta.annotation-api:jar:2.1.1:compile (version managed from 2.1.1)
[DEBUG]          org.yaml:snakeyaml:jar:2.2:compile (version managed from 2.2)
[DEBUG]       org.springframework.boot:spring-boot-starter-json:jar:3.2.5:compile (version managed from 3.2.5)
[DEBUG]          com.fasterxml.jackson.datatype:jackson-datatype-jdk8:jar:2.15.4:compile (version managed from 2.15.4)
[DEBUG]          com.fasterxml.jackson.datatype:jackson-datatype-jsr310:jar:2.15.4:compile (version managed from 2.15.4)
[DEBUG]          com.fasterxml.jackson.module:jackson-module-parameter-names:jar:2.15.4:compile (version managed from 2.15.4)
[DEBUG]       org.springframework.boot:spring-boot-starter-tomcat:jar:3.2.5:compile (version managed from 3.2.5)
[DEBUG]          org.apache.tomcat.embed:tomcat-embed-core:jar:10.1.20:compile (version managed from 10.1.20)
[DEBUG]          org.apache.tomcat.embed:tomcat-embed-websocket:jar:10.1.20:compile (version managed from 10.1.20)
[DEBUG]       org.springframework:spring-web:jar:6.1.6:compile (version managed from 6.1.6)
[DEBUG]          org.springframework:spring-beans:jar:6.1.6:compile (version managed from 6.1.6)
[DEBUG]          io.micrometer:micrometer-observation:jar:1.12.5:compile (version managed from 1.12.5)
[DEBUG]             io.micrometer:micrometer-commons:jar:1.12.5:compile (version managed from 1.12.5)
[DEBUG]       org.springframework:spring-webmvc:jar:6.1.6:compile (version managed from 6.1.6)
[DEBUG]          org.springframework:spring-context:jar:6.1.6:compile (version managed from 6.1.6)
[DEBUG]          org.springframework:spring-expression:jar:6.1.6:compile (version managed from 6.1.6)
[DEBUG]    org.springframework.boot:spring-boot-starter-data-jpa:jar:3.2.5:compile
[DEBUG]       org.springframework.boot:spring-boot-starter-aop:jar:3.2.5:compile (version managed from 3.2.5)
[DEBUG]          org.aspectj:aspectjweaver:jar:1.9.22:compile (version managed from 1.9.22)
[DEBUG]       org.springframework.boot:spring-boot-starter-jdbc:jar:3.2.5:compile (version managed from 3.2.5)
[DEBUG]          com.zaxxer:HikariCP:jar:5.0.1:compile (version managed from 5.0.1)
[DEBUG]          org.springframework:spring-jdbc:jar:6.1.6:compile (version managed from 6.1.6)
[DEBUG]       org.hibernate.orm:hibernate-core:jar:6.4.4.Final:compile (version managed from 6.4.4.Final)
[DEBUG]          jakarta.persistence:jakarta.persistence-api:jar:3.1.0:compile (version managed from 3.1.0)
[DEBUG]          jakarta.transaction:jakarta.transaction-api:jar:2.0.1:compile (version managed from 2.0.1)
[DEBUG]          org.jboss.logging:jboss-logging:jar:3.5.3.Final:compile (version managed from 3.5.0.Final)
[DEBUG]          org.hibernate.common:hibernate-commons-annotations:jar:6.0.6.Final:runtime
[DEBUG]          io.smallrye:jandex:jar:3.1.2:runtime
[DEBUG]          com.fasterxml:classmate:jar:1.6.0:compile (version managed from 1.5.1)
[DEBUG]          net.bytebuddy:byte-buddy:jar:1.14.13:runtime (version managed from 1.14.11)
[DEBUG]          org.glassfish.jaxb:jaxb-runtime:jar:4.0.5:runtime (version managed from 4.0.2)
[DEBUG]             org.glassfish.jaxb:jaxb-core:jar:4.0.5:runtime (version managed from 4.0.5)
[DEBUG]                org.eclipse.angus:angus-activation:jar:2.0.2:runtime (version managed from 2.0.2)
[DEBUG]                org.glassfish.jaxb:txw2:jar:4.0.5:runtime (version managed from 4.0.5)
[DEBUG]                com.sun.istack:istack-commons-runtime:jar:4.1.2:runtime (version managed from 4.1.2)
[DEBUG]          jakarta.inject:jakarta.inject-api:jar:2.0.1:runtime
[DEBUG]          org.antlr:antlr4-runtime:jar:4.13.0:compile
[DEBUG]       org.springframework.data:spring-data-jpa:jar:3.2.5:compile (version managed from 3.2.5)
[DEBUG]          org.springframework.data:spring-data-commons:jar:3.2.5:compile (version managed from 3.2.5)
[DEBUG]          org.springframework:spring-orm:jar:6.1.6:compile (version managed from 6.1.6)
[DEBUG]          org.springframework:spring-tx:jar:6.1.6:compile (version managed from 6.1.6)
[DEBUG]          org.slf4j:slf4j-api:jar:2.0.13:compile (version managed from 2.0.2)
[DEBUG]       org.springframework:spring-aspects:jar:6.1.6:compile (version managed from 6.1.6)
[DEBUG]    org.springframework.boot:spring-boot-starter-security:jar:3.2.5:compile
[DEBUG]       org.springframework:spring-aop:jar:6.1.6:compile (version managed from 6.1.6)
[DEBUG]       org.springframework.security:spring-security-config:jar:6.2.4:compile (version managed from 6.2.4)
[DEBUG]       org.springframework.security:spring-security-web:jar:6.2.4:compile (version managed from 6.2.4)
[DEBUG]    org.springframework.boot:spring-boot-starter-validation:jar:3.2.5:compile
[DEBUG]       org.apache.tomcat.embed:tomcat-embed-el:jar:10.1.20:compile (version managed from 10.1.20)
[DEBUG]       org.hibernate.validator:hibernate-validator:jar:8.0.1.Final:compile (version managed from 8.0.1.Final)
[DEBUG]          jakarta.validation:jakarta.validation-api:jar:3.0.2:compile (version managed from 3.0.2)
[DEBUG]    org.springdoc:springdoc-openapi-starter-webmvc-ui:jar:2.5.0:compile
[DEBUG]       org.springdoc:springdoc-openapi-starter-webmvc-api:jar:2.5.0:compile
[DEBUG]          org.springdoc:springdoc-openapi-starter-common:jar:2.5.0:compile
[DEBUG]             io.swagger.core.v3:swagger-core-jakarta:jar:2.2.21:compile
[DEBUG]                org.apache.commons:commons-lang3:jar:3.13.0:compile (version managed from 3.14.0)
[DEBUG]                io.swagger.core.v3:swagger-annotations-jakarta:jar:2.2.21:compile
[DEBUG]                io.swagger.core.v3:swagger-models-jakarta:jar:2.2.21:compile
[DEBUG]                com.fasterxml.jackson.dataformat:jackson-dataformat-yaml:jar:2.15.4:compile (version managed from 2.16.2)
[DEBUG]       org.webjars:swagger-ui:jar:5.13.0:compile
[DEBUG]    io.jsonwebtoken:jjwt-api:jar:0.12.5:compile
[DEBUG]    io.jsonwebtoken:jjwt-impl:jar:0.12.5:runtime
[DEBUG]    io.jsonwebtoken:jjwt-jackson:jar:0.12.5:runtime
[DEBUG]       com.fasterxml.jackson.core:jackson-databind:jar:2.15.4:compile (version managed from 2.12.7.1)
[DEBUG]          com.fasterxml.jackson.core:jackson-annotations:jar:2.15.4:compile (version managed from 2.15.4)
[DEBUG]          com.fasterxml.jackson.core:jackson-core:jar:2.15.4:compile (version managed from 2.15.4)
[DEBUG]    org.postgresql:postgresql:jar:42.6.2:runtime
[DEBUG]       org.checkerframework:checker-qual:jar:3.31.0:runtime
[DEBUG]    com.h2database:h2:jar:2.2.224:runtime
[DEBUG]    org.projectlombok:lombok:jar:1.18.32:compile (optional)
[DEBUG]    org.mapstruct:mapstruct:jar:1.5.5.Final:compile
[DEBUG]    org.springframework.boot:spring-boot-starter-test:jar:3.2.5:test
[DEBUG]       org.springframework.boot:spring-boot-test:jar:3.2.5:test (version managed from 3.2.5)
[DEBUG]       org.springframework.boot:spring-boot-test-autoconfigure:jar:3.2.5:test (version managed from 3.2.5)
[DEBUG]       com.jayway.jsonpath:json-path:jar:2.9.0:test (version managed from 2.9.0)
[DEBUG]       jakarta.xml.bind:jakarta.xml.bind-api:jar:4.0.2:compile (version managed from 4.0.2)
[DEBUG]          jakarta.activation:jakarta.activation-api:jar:2.1.3:compile (version managed from 2.1.3)
[DEBUG]       net.minidev:json-smart:jar:2.5.1:test (version managed from 2.5.1)
[DEBUG]          net.minidev:accessors-smart:jar:2.5.1:test
[DEBUG]             org.ow2.asm:asm:jar:9.6:test
[DEBUG]       org.assertj:assertj-core:jar:3.24.2:test (version managed from 3.24.2)
[DEBUG]       org.awaitility:awaitility:jar:4.2.1:test (version managed from 4.2.1)
[DEBUG]       org.hamcrest:hamcrest:jar:2.2:test (version managed from 2.2)
[DEBUG]       org.junit.jupiter:junit-jupiter:jar:5.10.2:test (version managed from 5.10.2)
[DEBUG]          org.junit.jupiter:junit-jupiter-api:jar:5.10.2:test (version managed from 5.10.2)
[DEBUG]             org.opentest4j:opentest4j:jar:1.3.0:test
[DEBUG]             org.junit.platform:junit-platform-commons:jar:1.10.2:test (version managed from 1.10.2)
[DEBUG]             org.apiguardian:apiguardian-api:jar:1.1.2:test
[DEBUG]          org.junit.jupiter:junit-jupiter-params:jar:5.10.2:test (version managed from 5.10.2)
[DEBUG]          org.junit.jupiter:junit-jupiter-engine:jar:5.10.2:test (version managed from 5.10.2)
[DEBUG]             org.junit.platform:junit-platform-engine:jar:1.10.2:test (version managed from 1.10.2)
[DEBUG]       org.mockito:mockito-core:jar:5.7.0:test (version managed from 5.7.0)
[DEBUG]          net.bytebuddy:byte-buddy-agent:jar:1.14.13:test (version managed from 1.14.9)
[DEBUG]          org.objenesis:objenesis:jar:3.3:test
[DEBUG]       org.mockito:mockito-junit-jupiter:jar:5.7.0:test (version managed from 5.7.0)
[DEBUG]       org.skyscreamer:jsonassert:jar:1.5.1:test (version managed from 1.5.1)
[DEBUG]          com.vaadin.external.google:android-json:jar:0.0.20131108.vaadin1:test
[DEBUG]       org.springframework:spring-core:jar:6.1.6:compile (version managed from 6.1.6)
[DEBUG]          org.springframework:spring-jcl:jar:6.1.6:compile (version managed from 6.1.6)
[DEBUG]       org.springframework:spring-test:jar:6.1.6:test (version managed from 6.1.6)
[DEBUG]       org.xmlunit:xmlunit-core:jar:2.9.1:test (version managed from 2.9.1)
[DEBUG]    org.springframework.security:spring-security-test:jar:6.2.4:test
[DEBUG]       org.springframework.security:spring-security-core:jar:6.2.4:compile (version managed from 6.2.4)
[DEBUG]          org.springframework.security:spring-security-crypto:jar:6.2.4:compile (version managed from 6.2.4)
[INFO] 
[INFO] --- resources:3.3.1:resources (default-resources) @ financeboard-api ---
[DEBUG] Dependency collection stats {ConflictMarker.analyzeTime=126400, ConflictMarker.markTime=37200, ConflictMarker.nodeCount=13, ConflictIdSorter.graphTime=59800, ConflictIdSorter.topsortTime=10100, ConflictIdSorter.conflictIdCount=9, ConflictIdSorter.conflictIdCycleCount=0, ConflictResolver.totalTime=139900, ConflictResolver.conflictItemCount=13, DfDependencyCollector.collectTime=67142100, DfDependencyCollector.transformTime=389300}
[DEBUG] org.apache.maven.plugins:maven-resources-plugin:jar:3.3.1
[DEBUG]    org.codehaus.plexus:plexus-interpolation:jar:1.26:runtime
[DEBUG]    org.codehaus.plexus:plexus-utils:jar:3.5.1:compile
[DEBUG]    org.apache.maven.shared:maven-filtering:jar:3.3.1:compile
[DEBUG]       javax.inject:javax.inject:jar:1:compile
[DEBUG]       org.slf4j:slf4j-api:jar:1.7.36:compile
[DEBUG]       org.sonatype.plexus:plexus-build-api:jar:0.0.7:compile
[DEBUG]    commons-io:commons-io:jar:2.11.0:compile
[DEBUG]    org.apache.commons:commons-lang3:jar:3.12.0:compile
[DEBUG] Created new class realm plugin>org.apache.maven.plugins:maven-resources-plugin:3.3.1
[DEBUG] Importing foreign packages into class realm plugin>org.apache.maven.plugins:maven-resources-plugin:3.3.1
[DEBUG]   Imported:  < maven.api
[DEBUG] Populating class realm plugin>org.apache.maven.plugins:maven-resources-plugin:3.3.1
[DEBUG]   Included: org.apache.maven.plugins:maven-resources-plugin:jar:3.3.1
[DEBUG]   Included: org.codehaus.plexus:plexus-interpolation:jar:1.26
[DEBUG]   Included: org.codehaus.plexus:plexus-utils:jar:3.5.1
[DEBUG]   Included: org.apache.maven.shared:maven-filtering:jar:3.3.1
[DEBUG]   Included: org.sonatype.plexus:plexus-build-api:jar:0.0.7
[DEBUG]   Included: commons-io:commons-io:jar:2.11.0
[DEBUG]   Included: org.apache.commons:commons-lang3:jar:3.12.0
[DEBUG] Loading mojo org.apache.maven.plugins:maven-resources-plugin:3.3.1:resources from plugin realm ClassRealm[plugin>org.apache.maven.plugins:maven-resources-plugin:3.3.1, parent: java.net.URLClassLoader@7aec35a]
[DEBUG] Configuring mojo execution 'org.apache.maven.plugins:maven-resources-plugin:3.3.1:resources:default-resources' with basic configurator -->
[DEBUG]   (f) addDefaultExcludes = true
[DEBUG]   (f) buildFilters = []
[DEBUG]   (s) delimiters = [@]
[DEBUG]   (f) encoding = UTF-8
[DEBUG]   (f) escapeWindowsPaths = true
[DEBUG]   (f) fileNameFiltering = false
[DEBUG]   (s) includeEmptyDirs = false
[DEBUG]   (s) outputDirectory = D:\Z\backend\target\classes
[DEBUG]   (s) overwrite = false
[DEBUG]   (f) project = MavenProject: com.financeboard:financeboard-api:1.0.0 @ D:\Z\backend\pom.xml
[DEBUG]   (f) propertiesEncoding = UTF-8
[DEBUG]   (s) resources = [Resource {targetPath: null, filtering: true, FileSet {directory: D:\Z\backend\src\main\resources, PatternSet [includes: {**/application*.yml, **/application*.yaml, **/application*.properties}, excludes: {}]}}, Resource {targetPath: null, filtering: false, FileSet {directory: D:\Z\backend\src\main\resources, PatternSet [includes: {}, excludes: {**/application*.yml, **/application*.yaml, **/application*.properties}]}}]
[DEBUG]   (f) session = org.apache.maven.execution.MavenSession@2d64c100
[DEBUG]   (f) skip = false
[DEBUG]   (f) supportMultiLineFiltering = false
[DEBUG]   (f) useBuildFilters = true
[DEBUG]   (s) useDefaultDelimiters = false
[DEBUG] -- end configuration --
[DEBUG] properties used:
[DEBUG] activemq.version: 5.18.4
[DEBUG] angus-mail.version: 2.0.3
[DEBUG] artemis.version: 2.31.2
[DEBUG] aspectj.version: 1.9.22
[DEBUG] assertj.version: 3.24.2
[DEBUG] awaitility.version: 4.2.1
[DEBUG] brave.version: 5.16.0
[DEBUG] build-helper-maven-plugin.version: 3.4.0
[DEBUG] byte-buddy.version: 1.14.13
[DEBUG] cache2k.version: 2.6.1.Final
[DEBUG] caffeine.version: 3.1.8
[DEBUG] cassandra-driver.version: 4.17.0
[DEBUG] classmate.version: 1.6.0
[DEBUG] classworlds.conf: C:\Users\Asus\.m2\wrapper\dists\apache-maven-3.9.6-bin\3311e1d4\apache-maven-3.9.6\bin\m2.conf
[DEBUG] commons-codec.version: 1.16.1
[DEBUG] commons-dbcp2.version: 2.10.0
[DEBUG] commons-lang3.version: 3.13.0
[DEBUG] commons-pool.version: 1.6
[DEBUG] commons-pool2.version: 2.12.0
[DEBUG] couchbase-client.version: 3.4.11
[DEBUG] crac.version: 1.4.0
[DEBUG] db2-jdbc.version: 11.5.9.0
[DEBUG] dependency-management-plugin.version: 1.1.4
[DEBUG] derby.version: 10.16.1.1
[DEBUG] dropwizard-metrics.version: 4.2.25
[DEBUG] ehcache3.version: 3.10.8
[DEBUG] elasticsearch-client.version: 8.10.4
[DEBUG] env.=D:: D:\Z\backend
[DEBUG] env.ALLUSERSPROFILE: C:\ProgramData
[DEBUG] env.ANTHROPIC_AUTH_TOKEN: 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
[DEBUG] env.ANTHROPIC_BASE_URL: https://openrouter.ai/api
[DEBUG] env.ANTIGRAVITY_AGENT: 1
[DEBUG] env.ANTIGRAVITY_CLI_ALIAS: agy
[DEBUG] env.APPDATA: C:\Users\Asus\AppData\Roaming
[DEBUG] env.CHROME_CRASHPAD_PIPE_NAME: \\.\pipe\crashpad_7120_PXEHRJQOZZQMZXAN
[DEBUG] env.CLAUDE_CODE_SSE_PORT: 15439
[DEBUG] env.COLORTERM: truecolor
[DEBUG] env.COMMONPROGRAMFILES: C:\Program Files\Common Files
[DEBUG] env.COMMONPROGRAMFILES(X86): C:\Program Files (x86)\Common Files
[DEBUG] env.COMMONPROGRAMW6432: C:\Program Files\Common Files
[DEBUG] env.COMPUTERNAME: LAPTOP-5MKT5O9S
[DEBUG] env.COMSPEC: C:\WINDOWS\system32\cmd.exe
[DEBUG] env.DRIVERDATA: C:\Windows\System32\Drivers\DriverData
[DEBUG] env.EFC_10572_1592913036: 1
[DEBUG] env.EFC_10572_344590478: 1
[DEBUG] env.ERROR_CODE: 0
[DEBUG] env.EXEC_DIR: D:\Z\backend
[DEBUG] env.FPS_BROWSER_APP_PROFILE_STRING: Internet Explorer
[DEBUG] env.FPS_BROWSER_USER_PROFILE_STRING: Default
[DEBUG] env.GIT_ASKPASS: c:\Users\Asus\AppData\Local\Programs\Antigravity\resources\app\extensions\git\dist\askpass.sh
[DEBUG] env.HOME: C:\Users\Asus
[DEBUG] env.HOMEDRIVE: C:
[DEBUG] env.HOMEPATH: \Users\Asus
[DEBUG] env.INTELLIJ IDEA COMMUNITY EDITION: C:\Program Files\JetBrains\IntelliJ IDEA Community Edition 2024.2.3\bin;
[DEBUG] env.JAVA_HOME: C:\Program Files\Java\jdk-23
[DEBUG] env.LANG: en_US.UTF-8
[DEBUG] env.LOCALAPPDATA: C:\Users\Asus\AppData\Local
[DEBUG] env.LOGONSERVER: \\LAPTOP-5MKT5O9S
[DEBUG] env.MAVEN_CMD_LINE_ARGS: test -e -X
[DEBUG] env.MAVEN_JAVA_EXE: "C:\Program Files\Java\jdk-23\bin\java.exe"
[DEBUG] env.MAVEN_PROJECTBASEDIR: D:\Z\backend
[DEBUG] env.NUMBER_OF_PROCESSORS: 16
[DEBUG] env.ONEDRIVE: C:\Users\Asus\OneDrive
[DEBUG] env.ONEDRIVECONSUMER: C:\Users\Asus\OneDrive
[DEBUG] env.OPENAI_API_KEY: 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
[DEBUG] env.OPENROUTER_API_KEY: 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
[DEBUG] env.OS: Windows_NT
[DEBUG] env.PAGER: cat
[DEBUG] env.PATH: C:\oraclexe\app\oracle\product\11.2.0\server\bin;;C:\Program Files\Common Files\Oracle\Java\javapath;C:\Windows\system32;C:\Windows;C:\Windows\System32\Wbem;C:\Windows\System32\WindowsPowerShell\v1.0\;C:\Windows\System32\OpenSSH\;C:\Program Files (x86)\NVIDIA Corporation\PhysX\Common;C:\Program Files\Git\cmd;C:\Program Files\nodejs\;c:\Users\Asus\AppData\Local\Programs\cursor\resources\app\bin;C:\WINDOWS\system32;C:\WINDOWS;C:\WINDOWS\System32\Wbem;C:\WINDOWS\System32\WindowsPowerShell\v1.0\;C:\WINDOWS\System32\OpenSSH\;C:\Program Files\NVIDIA Corporation\NVIDIA App\NvDLISR;C:\src\flutter\bin;C:\Users\Asus\AppData\Local\Programs\cursor\resources\app\bin;C:\Users\Asus\AppData\Local\Programs\Microsoft VS Code\bin;C:\Users\Asus\AppData\Local\Programs\Antigravity\bin;c:\Users\Asus\.antigravity\extensions\vscjava.vscode-java-debug-0.58.5-universal\bundled\scripts\noConfigScripts
[DEBUG] env.PATHEXT: .COM;.EXE;.BAT;.CMD;.VBS;.VBE;.JS;.JSE;.WSF;.WSH;.MSC;.CPL
[DEBUG] env.PROCESSOR_ARCHITECTURE: AMD64
[DEBUG] env.PROCESSOR_IDENTIFIER: Intel64 Family 6 Model 186 Stepping 2, GenuineIntel
[DEBUG] env.PROCESSOR_LEVEL: 6
[DEBUG] env.PROCESSOR_REVISION: ba02
[DEBUG] env.PROGRAMDATA: C:\ProgramData
[DEBUG] env.PROGRAMFILES: C:\Program Files
[DEBUG] env.PROGRAMFILES(X86): C:\Program Files (x86)
[DEBUG] env.PROGRAMW6432: C:\Program Files
[DEBUG] env.PROMPT: $P$G
[DEBUG] env.PSMODULEPATH: C:\Users\Asus\OneDrive\Documents\WindowsPowerShell\Modules;C:\Program Files\WindowsPowerShell\Modules;C:\WINDOWS\system32\WindowsPowerShell\v1.0\Modules
[DEBUG] env.PUBLIC: C:\Users\Public
[DEBUG] env.PYTHONSTARTUP: c:\Users\Asus\AppData\Roaming\Antigravity\User\workspaceStorage\0a439196d793062d25a70db823082adb\ms-python.python\pythonrc.py
[DEBUG] env.PYTHON_BASIC_REPL: 1
[DEBUG] env.SESSIONNAME: Console
[DEBUG] env.SYSTEMDRIVE: C:
[DEBUG] env.SYSTEMROOT: C:\WINDOWS
[DEBUG] env.TEMP: C:\Users\Asus\AppData\Local\Temp
[DEBUG] env.TERM_PROGRAM: vscode
[DEBUG] env.TERM_PROGRAM_VERSION: 1.107.0
[DEBUG] env.TMP: C:\Users\Asus\AppData\Local\Temp
[DEBUG] env.USERDOMAIN: LAPTOP-5MKT5O9S
[DEBUG] env.USERDOMAIN_ROAMINGPROFILE: LAPTOP-5MKT5O9S
[DEBUG] env.USERNAME: Priyanshu
[DEBUG] env.USERPROFILE: C:\Users\Asus
[DEBUG] env.VSCODE_GIT_ASKPASS_EXTRA_ARGS: 
[DEBUG] env.VSCODE_GIT_ASKPASS_MAIN: c:\Users\Asus\AppData\Local\Programs\Antigravity\resources\app\extensions\git\dist\askpass-main.js
[DEBUG] env.VSCODE_GIT_ASKPASS_NODE: C:\Users\Asus\AppData\Local\Programs\Antigravity\Antigravity.exe
[DEBUG] env.VSCODE_GIT_IPC_HANDLE: \\.\pipe\vscode-git-3a6d1f43a3-sock
[DEBUG] env.VSCODE_INJECTION: 1
[DEBUG] env.VSCODE_JAVA_EXEC: C:\Program Files\Java\jdk-23\bin\java
[DEBUG] env.VSCODE_JDWP_ADAPTER_ENDPOINTS: c:\Users\Asus\.antigravity\extensions\vscjava.vscode-java-debug-0.58.5-universal\.noConfigDebugAdapterEndpoints\endpoint-2a2673e3bdf36d28.txt
[DEBUG] env.VSCODE_PYTHON_AUTOACTIVATE_GUARD: 1
[DEBUG] env.WDIR: D:\Z\backend
[DEBUG] env.WINDIR: C:\WINDOWS
[DEBUG] env.WRAPPER_JAR: "D:\Z\backend\.mvn\wrapper\maven-wrapper.jar"
[DEBUG] env.WRAPPER_LAUNCHER: org.apache.maven.wrapper.MavenWrapperMain
[DEBUG] env.WRAPPER_SHA_256_SUM: ""
[DEBUG] env.WRAPPER_URL: https://repo.maven.apache.org/maven2/org/apache/maven/wrapper/maven-wrapper/3.2.0/maven-wrapper-3.2.0.jar
[DEBUG] env.ZES_ENABLE_SYSMAN: 1
[DEBUG] file.encoding: UTF-8
[DEBUG] file.separator: \
[DEBUG] flyway.version: 9.22.3
[DEBUG] freemarker.version: 2.3.32
[DEBUG] git-commit-id-maven-plugin.version: 6.0.0
[DEBUG] glassfish-jaxb.version: 4.0.5
[DEBUG] glassfish-jstl.version: 3.0.1
[DEBUG] graphql-java.version: 21.4
[DEBUG] groovy.version: 4.0.21
[DEBUG] gson.version: 2.10.1
[DEBUG] h2.version: 2.2.224
[DEBUG] hamcrest.version: 2.2
[DEBUG] hazelcast.version: 5.3.7
[DEBUG] hibernate-validator.version: 8.0.1.Final
[DEBUG] hibernate.version: 6.4.4.Final
[DEBUG] hikaricp.version: 5.0.1
[DEBUG] hsqldb.version: 2.7.2
[DEBUG] htmlunit.version: 2.70.0
[DEBUG] httpasyncclient.version: 4.1.5
[DEBUG] httpclient5.version: 5.2.3
[DEBUG] httpcore.version: 4.4.16
[DEBUG] httpcore5.version: 5.2.4
[DEBUG] infinispan.version: 14.0.27.Final
[DEBUG] influxdb-java.version: 2.23
[DEBUG] jackson-bom.version: 2.15.4
[DEBUG] jakarta-activation.version: 2.1.3
[DEBUG] jakarta-annotation.version: 2.1.1
[DEBUG] jakarta-jms.version: 3.1.0
[DEBUG] jakarta-json-bind.version: 3.0.1
[DEBUG] jakarta-json.version: 2.1.3
[DEBUG] jakarta-mail.version: 2.1.3
[DEBUG] jakarta-management.version: 1.1.4
[DEBUG] jakarta-persistence.version: 3.1.0
[DEBUG] jakarta-servlet-jsp-jstl.version: 3.0.0
[DEBUG] jakarta-servlet.version: 6.0.0
[DEBUG] jakarta-transaction.version: 2.0.1
[DEBUG] jakarta-validation.version: 3.0.2
[DEBUG] jakarta-websocket.version: 2.1.1
[DEBUG] jakarta-ws-rs.version: 3.1.0
[DEBUG] jakarta-xml-bind.version: 4.0.2
[DEBUG] jakarta-xml-soap.version: 3.0.1
[DEBUG] jakarta-xml-ws.version: 4.0.1
[DEBUG] janino.version: 3.1.12
[DEBUG] java.class.path: D:\Z\backend\.mvn\wrapper\maven-wrapper.jar
[DEBUG] java.class.version: 67.0
[DEBUG] java.home: C:\Program Files\Java\jdk-23
[DEBUG] java.io.tmpdir: C:\Users\Asus\AppData\Local\Temp\
[DEBUG] java.library.path: C:\Program Files\Java\jdk-23\bin;C:\WINDOWS\Sun\Java\bin;C:\WINDOWS\system32;C:\WINDOWS;C:\oraclexe\app\oracle\product\11.2.0\server\bin;;C:\Program Files\Common Files\Oracle\Java\javapath;C:\Windows\system32;C:\Windows;C:\Windows\System32\Wbem;C:\Windows\System32\WindowsPowerShell\v1.0\;C:\Windows\System32\OpenSSH\;C:\Program Files (x86)\NVIDIA Corporation\PhysX\Common;C:\Program Files\Git\cmd;C:\Program Files\nodejs\;c:\Users\Asus\AppData\Local\Programs\cursor\resources\app\bin;C:\WINDOWS\system32;C:\WINDOWS;C:\WINDOWS\System32\Wbem;C:\WINDOWS\System32\WindowsPowerShell\v1.0\;C:\WINDOWS\System32\OpenSSH\;C:\Program Files\NVIDIA Corporation\NVIDIA App\NvDLISR;C:\src\flutter\bin;C:\Users\Asus\AppData\Local\Programs\cursor\resources\app\bin;C:\Users\Asus\AppData\Local\Programs\Microsoft VS Code\bin;C:\Users\Asus\AppData\Local\Programs\Antigravity\bin;c:\Users\Asus\.antigravity\extensions\vscjava.vscode-java-debug-0.58.5-universal\bundled\scripts\noConfigScripts;.
[DEBUG] java.runtime.name: Java(TM) SE Runtime Environment
[DEBUG] java.runtime.version: 23.0.1+11-39
[DEBUG] java.specification.name: Java Platform API Specification
[DEBUG] java.specification.vendor: Oracle Corporation
[DEBUG] java.specification.version: 23
[DEBUG] java.vendor: Oracle Corporation
[DEBUG] java.vendor.url: https://java.oracle.com/
[DEBUG] java.vendor.url.bug: https://bugreport.java.com/bugreport/
[DEBUG] java.version: 23.0.1
[DEBUG] java.version.date: 2024-10-15
[DEBUG] java.vm.compressedOopsMode: Zero based
[DEBUG] java.vm.info: mixed mode, sharing
[DEBUG] java.vm.name: Java HotSpot(TM) 64-Bit Server VM
[DEBUG] java.vm.specification.name: Java Virtual Machine Specification
[DEBUG] java.vm.specification.vendor: Oracle Corporation
[DEBUG] java.vm.specification.version: 23
[DEBUG] java.vm.vendor: Oracle Corporation
[DEBUG] java.vm.version: 23.0.1+11-39
[DEBUG] javax-cache.version: 1.1.1
[DEBUG] javax-money.version: 1.1
[DEBUG] jaxen.version: 2.0.0
[DEBUG] jaybird.version: 5.0.4.java11
[DEBUG] jboss-logging.version: 3.5.3.Final
[DEBUG] jdk.debug: release
[DEBUG] jdom2.version: 2.0.6.1
[DEBUG] jedis.version: 5.0.2
[DEBUG] jersey.version: 3.1.6
[DEBUG] jetty-reactive-httpclient.version: 4.0.3
[DEBUG] jetty.version: 12.0.8
[DEBUG] jjwt.version: 0.12.5
[DEBUG] jmustache.version: 1.15
[DEBUG] jooq.version: 3.18.14
[DEBUG] json-path.version: 2.9.0
[DEBUG] json-smart.version: 2.5.1
[DEBUG] jsonassert.version: 1.5.1
[DEBUG] jtds.version: 1.3.1
[DEBUG] junit-jupiter.version: 5.10.2
[DEBUG] junit.version: 4.13.2
[DEBUG] kafka.version: 3.6.2
[DEBUG] kotlin-coroutines.version: 1.7.3
[DEBUG] kotlin-serialization.version: 1.6.3
[DEBUG] kotlin.version: 1.9.23
[DEBUG] lettuce.version: 6.3.2.RELEASE
[DEBUG] line.separator: 

[DEBUG] liquibase.version: 4.24.0
[DEBUG] log4j2.version: 2.21.1
[DEBUG] logback.version: 1.4.14
[DEBUG] lombok-mapstruct-binding.version: 0.2.0
[DEBUG] lombok.version: 1.18.32
[DEBUG] mapstruct.version: 1.5.5.Final
[DEBUG] mariadb.version: 3.3.3
[DEBUG] maven-antrun-plugin.version: 3.1.0
[DEBUG] maven-assembly-plugin.version: 3.6.0
[DEBUG] maven-clean-plugin.version: 3.3.2
[DEBUG] maven-compiler-plugin.version: 3.11.0
[DEBUG] maven-dependency-plugin.version: 3.6.1
[DEBUG] maven-deploy-plugin.version: 3.1.1
[DEBUG] maven-enforcer-plugin.version: 3.4.1
[DEBUG] maven-failsafe-plugin.version: 3.1.2
[DEBUG] maven-help-plugin.version: 3.4.0
[DEBUG] maven-install-plugin.version: 3.1.1
[DEBUG] maven-invoker-plugin.version: 3.6.1
[DEBUG] maven-jar-plugin.version: 3.3.0
[DEBUG] maven-javadoc-plugin.version: 3.6.3
[DEBUG] maven-resources-plugin.version: 3.3.1
[DEBUG] maven-shade-plugin.version: 3.5.2
[DEBUG] maven-source-plugin.version: 3.3.1
[DEBUG] maven-surefire-plugin.version: 3.1.2
[DEBUG] maven-war-plugin.version: 3.4.0
[DEBUG] maven.build.timestamp: 2026-04-05T05:53:15Z
[DEBUG] maven.build.version: Apache Maven 3.9.6 (bc0240f3c744dd6b6ec2920b3cd08dcc295161ae)
[DEBUG] maven.compiler.release: 17
[DEBUG] maven.conf: C:\Users\Asus\.m2\wrapper\dists\apache-maven-3.9.6-bin\3311e1d4\apache-maven-3.9.6/conf
[DEBUG] maven.home: C:\Users\Asus\.m2\wrapper\dists\apache-maven-3.9.6-bin\3311e1d4\apache-maven-3.9.6
[DEBUG] maven.multiModuleProjectDirectory: D:\Z\backend
[DEBUG] maven.version: 3.9.6
[DEBUG] micrometer-tracing.version: 1.2.5
[DEBUG] micrometer.version: 1.12.5
[DEBUG] mockito.version: 5.7.0
[DEBUG] mongodb.version: 4.11.2
[DEBUG] mssql-jdbc.version: 12.4.2.jre11
[DEBUG] mysql.version: 8.3.0
[DEBUG] native-build-tools-plugin.version: 0.9.28
[DEBUG] native.encoding: Cp1252
[DEBUG] nekohtml.version: 1.9.22
[DEBUG] neo4j-java-driver.version: 5.19.0
[DEBUG] netty.version: 4.1.109.Final
[DEBUG] okhttp.version: 4.12.0
[DEBUG] opentelemetry.version: 1.31.0
[DEBUG] oracle-database.version: 21.9.0.0
[DEBUG] oracle-r2dbc.version: 1.1.1
[DEBUG] os.arch: amd64
[DEBUG] os.name: Windows 11
[DEBUG] os.version: 10.0
[DEBUG] path.separator: ;
[DEBUG] pooled-jms.version: 3.1.5
[DEBUG] postgresql.version: 42.6.2
[DEBUG] project.baseUri: file:/D:/Z/backend/
[DEBUG] project.build.sourceEncoding: UTF-8
[DEBUG] project.reporting.outputEncoding: UTF-8
[DEBUG] prometheus-client.version: 0.16.0
[DEBUG] pulsar-reactive.version: 0.5.4
[DEBUG] pulsar.version: 3.1.3
[DEBUG] quartz.version: 2.3.2
[DEBUG] querydsl.version: 5.0.0
[DEBUG] r2dbc-h2.version: 1.0.0.RELEASE
[DEBUG] r2dbc-mariadb.version: 1.1.4
[DEBUG] r2dbc-mssql.version: 1.0.2.RELEASE
[DEBUG] r2dbc-mysql.version: 1.0.6
[DEBUG] r2dbc-pool.version: 1.0.1.RELEASE
[DEBUG] r2dbc-postgresql.version: 1.0.5.RELEASE
[DEBUG] r2dbc-proxy.version: 1.1.4.RELEASE
[DEBUG] r2dbc-spi.version: 1.0.0.RELEASE
[DEBUG] rabbit-amqp-client.version: 5.19.0
[DEBUG] rabbit-stream-client.version: 0.14.0
[DEBUG] reactive-streams.version: 1.0.4
[DEBUG] reactor-bom.version: 2023.0.5
[DEBUG] resource.delimiter: @
[DEBUG] rest-assured.version: 5.3.2
[DEBUG] rsocket.version: 1.1.3
[DEBUG] rxjava3.version: 3.1.8
[DEBUG] saaj-impl.version: 3.0.3
[DEBUG] selenium-htmlunit.version: 4.13.0
[DEBUG] selenium.version: 4.14.1
[DEBUG] sendgrid.version: 4.9.3
[DEBUG] slf4j.version: 2.0.13
[DEBUG] snakeyaml.version: 2.2
[DEBUG] spring-amqp.version: 3.1.4
[DEBUG] spring-authorization-server.version: 1.2.4
[DEBUG] spring-batch.version: 5.1.1
[DEBUG] spring-data-bom.version: 2023.1.5
[DEBUG] spring-framework.version: 6.1.6
[DEBUG] spring-graphql.version: 1.2.6
[DEBUG] spring-hateoas.version: 2.2.2
[DEBUG] spring-integration.version: 6.2.4
[DEBUG] spring-kafka.version: 3.1.4
[DEBUG] spring-ldap.version: 3.2.3
[DEBUG] spring-pulsar.version: 1.0.5
[DEBUG] spring-restdocs.version: 3.0.1
[DEBUG] spring-retry.version: 2.0.5
[DEBUG] spring-security.version: 6.2.4
[DEBUG] spring-session.version: 3.2.2
[DEBUG] spring-ws.version: 4.0.10
[DEBUG] sqlite-jdbc.version: 3.43.2.0
[DEBUG] stderr.encoding: Cp1252
[DEBUG] stdout.encoding: Cp1252
[DEBUG] sun.arch.data.model: 64
[DEBUG] sun.boot.library.path: C:\Program Files\Java\jdk-23\bin
[DEBUG] sun.cpu.endian: little
[DEBUG] sun.cpu.isalist: amd64
[DEBUG] sun.io.unicode.encoding: UnicodeLittle
[DEBUG] sun.java.command: org.apache.maven.wrapper.MavenWrapperMain test -e -X
[DEBUG] sun.java.launcher: SUN_STANDARD
[DEBUG] sun.jnu.encoding: Cp1252
[DEBUG] sun.management.compiler: HotSpot 64-Bit Tiered Compilers
[DEBUG] sun.os.patch.level: 
[DEBUG] testcontainers.version: 1.19.7
[DEBUG] thymeleaf-extras-data-attribute.version: 2.0.1
[DEBUG] thymeleaf-extras-springsecurity.version: 3.1.2.RELEASE
[DEBUG] thymeleaf-layout-dialect.version: 3.3.0
[DEBUG] thymeleaf.version: 3.1.2.RELEASE
[DEBUG] tomcat.version: 10.1.20
[DEBUG] unboundid-ldapsdk.version: 6.0.11
[DEBUG] undertow.version: 2.3.12.Final
[DEBUG] user.country: IN
[DEBUG] user.dir: D:\Z\backend
[DEBUG] user.home: C:\Users\Asus
[DEBUG] user.language: en
[DEBUG] user.name: Priyanshu
[DEBUG] user.script: 
[DEBUG] user.variant: 
[DEBUG] versions-maven-plugin.version: 2.16.2
[DEBUG] webjars-locator-core.version: 0.55
[DEBUG] wsdl4j.version: 1.6.3
[DEBUG] xml-maven-plugin.version: 1.1.0
[DEBUG] xmlunit2.version: 2.9.1
[DEBUG] yasson.version: 3.0.3
[DEBUG] Using 'UTF-8' encoding to copy filtered resources.
[DEBUG] Using 'UTF-8' encoding to copy filtered properties files.
[DEBUG] resource with targetPath null
directory D:\Z\backend\src\main\resources
excludes []
includes [**/application*.yml, **/application*.yaml, **/application*.properties]
[DEBUG] ignoreDelta true
[INFO] Copying 3 resources from src\main\resources to target\classes
[DEBUG] Copying file application-dev.properties
[DEBUG] file application-dev.properties has a filtered file extension
[DEBUG] Using 'UTF-8' encoding to copy filtered resource 'application-dev.properties'.
[DEBUG] filtering D:\Z\backend\src\main\resources\application-dev.properties to D:\Z\backend\target\classes\application-dev.properties
[DEBUG] Copying file application-prod.properties
[DEBUG] file application-prod.properties has a filtered file extension
[DEBUG] Using 'UTF-8' encoding to copy filtered resource 'application-prod.properties'.
[DEBUG] filtering D:\Z\backend\src\main\resources\application-prod.properties to D:\Z\backend\target\classes\application-prod.properties
[DEBUG] Copying file application.properties
[DEBUG] file application.properties has a filtered file extension
[DEBUG] Using 'UTF-8' encoding to copy filtered resource 'application.properties'.
[DEBUG] filtering D:\Z\backend\src\main\resources\application.properties to D:\Z\backend\target\classes\application.properties
[DEBUG] resource with targetPath null
directory D:\Z\backend\src\main\resources
excludes [**/application*.yml, **/application*.yaml, **/application*.properties]
includes []
[DEBUG] ignoreDelta true
[INFO] Copying 0 resource from src\main\resources to target\classes
[DEBUG] no user filter components
[INFO] 
[INFO] --- compiler:3.11.0:compile (default-compile) @ financeboard-api ---
[DEBUG] Using mirror maven-default-http-blocker (http://0.0.0.0/) for apache.snapshots (http://repository.apache.org/snapshots).
[DEBUG] Dependency collection stats {ConflictMarker.analyzeTime=25500, ConflictMarker.markTime=24000, ConflictMarker.nodeCount=17, ConflictIdSorter.graphTime=10000, ConflictIdSorter.topsortTime=19500, ConflictIdSorter.conflictIdCount=12, ConflictIdSorter.conflictIdCycleCount=0, ConflictResolver.totalTime=809900, ConflictResolver.conflictItemCount=17, DfDependencyCollector.collectTime=58216300, DfDependencyCollector.transformTime=909000}
[DEBUG] org.apache.maven.plugins:maven-compiler-plugin:jar:3.11.0
[DEBUG]    org.apache.maven.shared:maven-shared-utils:jar:3.3.4:compile
[DEBUG]       commons-io:commons-io:jar:2.6:compile
[DEBUG]    org.apache.maven.shared:maven-shared-incremental:jar:1.1:compile
[DEBUG]       org.codehaus.plexus:plexus-component-annotations:jar:1.5.5:compile
[DEBUG]    org.codehaus.plexus:plexus-java:jar:1.1.2:compile
[DEBUG]       org.ow2.asm:asm:jar:9.4:compile
[DEBUG]       com.thoughtworks.qdox:qdox:jar:2.0.3:compile (version managed from default)
[DEBUG]    org.codehaus.plexus:plexus-compiler-api:jar:2.13.0:compile
[DEBUG]       org.codehaus.plexus:plexus-utils:jar:3.5.0:compile (version managed from default)
[DEBUG]    org.codehaus.plexus:plexus-compiler-manager:jar:2.13.0:compile
[DEBUG]    org.codehaus.plexus:plexus-compiler-javac:jar:2.13.0:runtime
[DEBUG] Created new class realm plugin>org.apache.maven.plugins:maven-compiler-plugin:3.11.0
[DEBUG] Importing foreign packages into class realm plugin>org.apache.maven.plugins:maven-compiler-plugin:3.11.0
[DEBUG]   Imported:  < maven.api
[DEBUG] Populating class realm plugin>org.apache.maven.plugins:maven-compiler-plugin:3.11.0
[DEBUG]   Included: org.apache.maven.plugins:maven-compiler-plugin:jar:3.11.0
[DEBUG]   Included: org.apache.maven.shared:maven-shared-utils:jar:3.3.4
[DEBUG]   Included: commons-io:commons-io:jar:2.6
[DEBUG]   Included: org.apache.maven.shared:maven-shared-incremental:jar:1.1
[DEBUG]   Included: org.codehaus.plexus:plexus-component-annotations:jar:1.5.5
[DEBUG]   Included: org.codehaus.plexus:plexus-java:jar:1.1.2
[DEBUG]   Included: org.ow2.asm:asm:jar:9.4
[DEBUG]   Included: com.thoughtworks.qdox:qdox:jar:2.0.3
[DEBUG]   Included: org.codehaus.plexus:plexus-compiler-api:jar:2.13.0
[DEBUG]   Included: org.codehaus.plexus:plexus-utils:jar:3.5.0
[DEBUG]   Included: org.codehaus.plexus:plexus-compiler-manager:jar:2.13.0
[DEBUG]   Included: org.codehaus.plexus:plexus-compiler-javac:jar:2.13.0
[DEBUG] Loading mojo org.apache.maven.plugins:maven-compiler-plugin:3.11.0:compile from plugin realm ClassRealm[plugin>org.apache.maven.plugins:maven-compiler-plugin:3.11.0, parent: java.net.URLClassLoader@7aec35a]
[DEBUG] Configuring mojo execution 'org.apache.maven.plugins:maven-compiler-plugin:3.11.0:compile:default-compile' with basic configurator -->
[DEBUG]   (s) groupId = org.projectlombok
[DEBUG]   (s) artifactId = lombok
[DEBUG]   (s) version = 1.18.32
[DEBUG]   (s) groupId = org.projectlombok
[DEBUG]   (s) artifactId = lombok-mapstruct-binding
[DEBUG]   (s) version = 0.2.0
[DEBUG]   (s) groupId = org.mapstruct
[DEBUG]   (s) artifactId = mapstruct-processor
[DEBUG]   (s) version = 1.5.5.Final
[DEBUG]   (f) annotationProcessorPaths = [org.projectlombok:lombok:1.18.32.jar, org.projectlombok:lombok-mapstruct-binding:0.2.0.jar, org.mapstruct:mapstruct-processor:1.5.5.Final.jar]
[DEBUG]   (f) basedir = D:\Z\backend
[DEBUG]   (f) buildDirectory = D:\Z\backend\target
[DEBUG]   (f) compilePath = [D:\Z\backend\target\classes, C:\Users\Asus\.m2\repository\org\springframework\boot\spring-boot-starter-web\3.2.5\spring-boot-starter-web-3.2.5.jar, C:\Users\Asus\.m2\repository\org\springframework\boot\spring-boot-starter\3.2.5\spring-boot-starter-3.2.5.jar, C:\Users\Asus\.m2\repository\org\springframework\boot\spring-boot\3.2.5\spring-boot-3.2.5.jar, C:\Users\Asus\.m2\repository\org\springframework\boot\spring-boot-autoconfigure\3.2.5\spring-boot-autoconfigure-3.2.5.jar, C:\Users\Asus\.m2\repository\org\springframework\boot\spring-boot-starter-logging\3.2.5\spring-boot-starter-logging-3.2.5.jar, C:\Users\Asus\.m2\repository\ch\qos\logback\logback-classic\1.4.14\logback-classic-1.4.14.jar, C:\Users\Asus\.m2\repository\ch\qos\logback\logback-core\1.4.14\logback-core-1.4.14.jar, C:\Users\Asus\.m2\repository\org\apache\logging\log4j\log4j-to-slf4j\2.21.1\log4j-to-slf4j-2.21.1.jar, C:\Users\Asus\.m2\repository\org\apache\logging\log4j\log4j-api\2.21.1\log4j-api-2.21.1.jar, C:\Users\Asus\.m2\repository\org\slf4j\jul-to-slf4j\2.0.13\jul-to-slf4j-2.0.13.jar, C:\Users\Asus\.m2\repository\jakarta\annotation\jakarta.annotation-api\2.1.1\jakarta.annotation-api-2.1.1.jar, C:\Users\Asus\.m2\repository\org\yaml\snakeyaml\2.2\snakeyaml-2.2.jar, C:\Users\Asus\.m2\repository\org\springframework\boot\spring-boot-starter-json\3.2.5\spring-boot-starter-json-3.2.5.jar, C:\Users\Asus\.m2\repository\com\fasterxml\jackson\datatype\jackson-datatype-jdk8\2.15.4\jackson-datatype-jdk8-2.15.4.jar, C:\Users\Asus\.m2\repository\com\fasterxml\jackson\datatype\jackson-datatype-jsr310\2.15.4\jackson-datatype-jsr310-2.15.4.jar, C:\Users\Asus\.m2\repository\com\fasterxml\jackson\module\jackson-module-parameter-names\2.15.4\jackson-module-parameter-names-2.15.4.jar, C:\Users\Asus\.m2\repository\org\springframework\boot\spring-boot-starter-tomcat\3.2.5\spring-boot-starter-tomcat-3.2.5.jar, C:\Users\Asus\.m2\repository\org\apache\tomcat\embed\tomcat-embed-core\10.1.20\tomcat-embed-core-10.1.20.jar, C:\Users\Asus\.m2\repository\org\apache\tomcat\embed\tomcat-embed-websocket\10.1.20\tomcat-embed-websocket-10.1.20.jar, C:\Users\Asus\.m2\repository\org\springframework\spring-web\6.1.6\spring-web-6.1.6.jar, C:\Users\Asus\.m2\repository\org\springframework\spring-beans\6.1.6\spring-beans-6.1.6.jar, C:\Users\Asus\.m2\repository\io\micrometer\micrometer-observation\1.12.5\micrometer-observation-1.12.5.jar, C:\Users\Asus\.m2\repository\io\micrometer\micrometer-commons\1.12.5\micrometer-commons-1.12.5.jar, C:\Users\Asus\.m2\repository\org\springframework\spring-webmvc\6.1.6\spring-webmvc-6.1.6.jar, C:\Users\Asus\.m2\repository\org\springframework\spring-context\6.1.6\spring-context-6.1.6.jar, C:\Users\Asus\.m2\repository\org\springframework\spring-expression\6.1.6\spring-expression-6.1.6.jar, C:\Users\Asus\.m2\repository\org\springframework\boot\spring-boot-starter-data-jpa\3.2.5\spring-boot-starter-data-jpa-3.2.5.jar, C:\Users\Asus\.m2\repository\org\springframework\boot\spring-boot-starter-aop\3.2.5\spring-boot-starter-aop-3.2.5.jar, C:\Users\Asus\.m2\repository\org\aspectj\aspectjweaver\1.9.22\aspectjweaver-1.9.22.jar, C:\Users\Asus\.m2\repository\org\springframework\boot\spring-boot-starter-jdbc\3.2.5\spring-boot-starter-jdbc-3.2.5.jar, C:\Users\Asus\.m2\repository\com\zaxxer\HikariCP\5.0.1\HikariCP-5.0.1.jar, C:\Users\Asus\.m2\repository\org\springframework\spring-jdbc\6.1.6\spring-jdbc-6.1.6.jar, C:\Users\Asus\.m2\repository\org\hibernate\orm\hibernate-core\6.4.4.Final\hibernate-core-6.4.4.Final.jar, C:\Users\Asus\.m2\repository\jakarta\persistence\jakarta.persistence-api\3.1.0\jakarta.persistence-api-3.1.0.jar, C:\Users\Asus\.m2\repository\jakarta\transaction\jakarta.transaction-api\2.0.1\jakarta.transaction-api-2.0.1.jar, C:\Users\Asus\.m2\repository\org\jboss\logging\jboss-logging\3.5.3.Final\jboss-logging-3.5.3.Final.jar, C:\Users\Asus\.m2\repository\com\fasterxml\classmate\1.6.0\classmate-1.6.0.jar, C:\Users\Asus\.m2\repository\org\antlr\antlr4-runtime\4.13.0\antlr4-runtime-4.13.0.jar, C:\Users\Asus\.m2\repository\org\springframework\data\spring-data-jpa\3.2.5\spring-data-jpa-3.2.5.jar, C:\Users\Asus\.m2\repository\org\springframework\data\spring-data-commons\3.2.5\spring-data-commons-3.2.5.jar, C:\Users\Asus\.m2\repository\org\springframework\spring-orm\6.1.6\spring-orm-6.1.6.jar, C:\Users\Asus\.m2\repository\org\springframework\spring-tx\6.1.6\spring-tx-6.1.6.jar, C:\Users\Asus\.m2\repository\org\slf4j\slf4j-api\2.0.13\slf4j-api-2.0.13.jar, C:\Users\Asus\.m2\repository\org\springframework\spring-aspects\6.1.6\spring-aspects-6.1.6.jar, C:\Users\Asus\.m2\repository\org\springframework\boot\spring-boot-starter-security\3.2.5\spring-boot-starter-security-3.2.5.jar, C:\Users\Asus\.m2\repository\org\springframework\spring-aop\6.1.6\spring-aop-6.1.6.jar, C:\Users\Asus\.m2\repository\org\springframework\security\spring-security-config\6.2.4\spring-security-config-6.2.4.jar, C:\Users\Asus\.m2\repository\org\springframework\security\spring-security-web\6.2.4\spring-security-web-6.2.4.jar, C:\Users\Asus\.m2\repository\org\springframework\boot\spring-boot-starter-validation\3.2.5\spring-boot-starter-validation-3.2.5.jar, C:\Users\Asus\.m2\repository\org\apache\tomcat\embed\tomcat-embed-el\10.1.20\tomcat-embed-el-10.1.20.jar, C:\Users\Asus\.m2\repository\org\hibernate\validator\hibernate-validator\8.0.1.Final\hibernate-validator-8.0.1.Final.jar, C:\Users\Asus\.m2\repository\jakarta\validation\jakarta.validation-api\3.0.2\jakarta.validation-api-3.0.2.jar, C:\Users\Asus\.m2\repository\org\springdoc\springdoc-openapi-starter-webmvc-ui\2.5.0\springdoc-openapi-starter-webmvc-ui-2.5.0.jar, C:\Users\Asus\.m2\repository\org\springdoc\springdoc-openapi-starter-webmvc-api\2.5.0\springdoc-openapi-starter-webmvc-api-2.5.0.jar, C:\Users\Asus\.m2\repository\org\springdoc\springdoc-openapi-starter-common\2.5.0\springdoc-openapi-starter-common-2.5.0.jar, C:\Users\Asus\.m2\repository\io\swagger\core\v3\swagger-core-jakarta\2.2.21\swagger-core-jakarta-2.2.21.jar, C:\Users\Asus\.m2\repository\org\apache\commons\commons-lang3\3.13.0\commons-lang3-3.13.0.jar, C:\Users\Asus\.m2\repository\io\swagger\core\v3\swagger-annotations-jakarta\2.2.21\swagger-annotations-jakarta-2.2.21.jar, C:\Users\Asus\.m2\repository\io\swagger\core\v3\swagger-models-jakarta\2.2.21\swagger-models-jakarta-2.2.21.jar, C:\Users\Asus\.m2\repository\com\fasterxml\jackson\dataformat\jackson-dataformat-yaml\2.15.4\jackson-dataformat-yaml-2.15.4.jar, C:\Users\Asus\.m2\repository\org\webjars\swagger-ui\5.13.0\swagger-ui-5.13.0.jar, C:\Users\Asus\.m2\repository\io\jsonwebtoken\jjwt-api\0.12.5\jjwt-api-0.12.5.jar, C:\Users\Asus\.m2\repository\com\fasterxml\jackson\core\jackson-databind\2.15.4\jackson-databind-2.15.4.jar, C:\Users\Asus\.m2\repository\com\fasterxml\jackson\core\jackson-annotations\2.15.4\jackson-annotations-2.15.4.jar, C:\Users\Asus\.m2\repository\com\fasterxml\jackson\core\jackson-core\2.15.4\jackson-core-2.15.4.jar, C:\Users\Asus\.m2\repository\org\projectlombok\lombok\1.18.32\lombok-1.18.32.jar, C:\Users\Asus\.m2\repository\org\mapstruct\mapstruct\1.5.5.Final\mapstruct-1.5.5.Final.jar, C:\Users\Asus\.m2\repository\jakarta\xml\bind\jakarta.xml.bind-api\4.0.2\jakarta.xml.bind-api-4.0.2.jar, C:\Users\Asus\.m2\repository\jakarta\activation\jakarta.activation-api\2.1.3\jakarta.activation-api-2.1.3.jar, C:\Users\Asus\.m2\repository\org\springframework\spring-core\6.1.6\spring-core-6.1.6.jar, C:\Users\Asus\.m2\repository\org\springframework\spring-jcl\6.1.6\spring-jcl-6.1.6.jar, C:\Users\Asus\.m2\repository\org\springframework\security\spring-security-core\6.2.4\spring-security-core-6.2.4.jar, C:\Users\Asus\.m2\repository\org\springframework\security\spring-security-crypto\6.2.4\spring-security-crypto-6.2.4.jar]
[DEBUG]   (f) compileSourceRoots = [D:\Z\backend\src\main\java]
[DEBUG]   (f) compilerId = javac
[DEBUG]   (f) createMissingPackageInfoClass = true
[DEBUG]   (f) debug = true
[DEBUG]   (f) debugFileName = javac
[DEBUG]   (f) enablePreview = false
[DEBUG]   (f) encoding = UTF-8
[DEBUG]   (f) failOnError = true
[DEBUG]   (f) failOnWarning = false
[DEBUG]   (f) forceJavacCompilerUse = false
[DEBUG]   (f) fork = false
[DEBUG]   (f) generatedSourcesDirectory = D:\Z\backend\target\generated-sources\annotations
[DEBUG]   (f) mojoExecution = org.apache.maven.plugins:maven-compiler-plugin:3.11.0:compile {execution: default-compile}
[DEBUG]   (f) optimize = false
[DEBUG]   (f) outputDirectory = D:\Z\backend\target\classes
[DEBUG]   (f) parameters = true
[DEBUG]   (f) project = MavenProject: com.financeboard:financeboard-api:1.0.0 @ D:\Z\backend\pom.xml
[DEBUG]   (f) projectArtifact = com.financeboard:financeboard-api:jar:1.0.0
[DEBUG]   (s) release = 17
[DEBUG]   (f) session = org.apache.maven.execution.MavenSession@2d64c100
[DEBUG]   (f) showCompilationChanges = false
[DEBUG]   (f) showDeprecation = false
[DEBUG]   (f) showWarnings = true
[DEBUG]   (f) skipMultiThreadWarning = false
[DEBUG]   (f) source = 17
[DEBUG]   (f) staleMillis = 0
[DEBUG]   (s) target = 17
[DEBUG]   (f) useIncrementalCompilation = true
[DEBUG]   (f) verbose = false
[DEBUG] -- end configuration --
[DEBUG] Using compiler 'javac'.
[DEBUG] Adding D:\Z\backend\target\generated-sources\annotations to compile source roots:
  D:\Z\backend\src\main\java
[DEBUG] New compile source roots:
  D:\Z\backend\src\main\java
  D:\Z\backend\target\generated-sources\annotations
[DEBUG] Dependency collection stats {ConflictMarker.analyzeTime=20900, ConflictMarker.markTime=18700, ConflictMarker.nodeCount=4, ConflictIdSorter.graphTime=5000, ConflictIdSorter.topsortTime=8400, ConflictIdSorter.conflictIdCount=3, ConflictIdSorter.conflictIdCycleCount=0, ConflictResolver.totalTime=197200, ConflictResolver.conflictItemCount=3, DfDependencyCollector.collectTime=7501200, DfDependencyCollector.transformTime=269500}
[DEBUG] CompilerReuseStrategy: reuseCreated
[DEBUG] useIncrementalCompilation enabled
[INFO] Nothing to compile - all classes are up to date
[INFO] 
[INFO] --- resources:3.3.1:testResources (default-testResources) @ financeboard-api ---
[DEBUG] Loading mojo org.apache.maven.plugins:maven-resources-plugin:3.3.1:testResources from plugin realm ClassRealm[plugin>org.apache.maven.plugins:maven-resources-plugin:3.3.1, parent: java.net.URLClassLoader@7aec35a]
[DEBUG] Configuring mojo execution 'org.apache.maven.plugins:maven-resources-plugin:3.3.1:testResources:default-testResources' with basic configurator -->
[DEBUG]   (f) addDefaultExcludes = true
[DEBUG]   (f) buildFilters = []
[DEBUG]   (s) delimiters = [@]
[DEBUG]   (f) encoding = UTF-8
[DEBUG]   (f) escapeWindowsPaths = true
[DEBUG]   (f) fileNameFiltering = false
[DEBUG]   (s) includeEmptyDirs = false
[DEBUG]   (s) outputDirectory = D:\Z\backend\target\test-classes
[DEBUG]   (s) overwrite = false
[DEBUG]   (f) project = MavenProject: com.financeboard:financeboard-api:1.0.0 @ D:\Z\backend\pom.xml
[DEBUG]   (f) propertiesEncoding = UTF-8
[DEBUG]   (s) resources = [Resource {targetPath: null, filtering: false, FileSet {directory: D:\Z\backend\src\test\resources, PatternSet [includes: {}, excludes: {}]}}]
[DEBUG]   (f) session = org.apache.maven.execution.MavenSession@2d64c100
[DEBUG]   (f) skip = false
[DEBUG]   (f) supportMultiLineFiltering = false
[DEBUG]   (f) useBuildFilters = true
[DEBUG]   (s) useDefaultDelimiters = false
[DEBUG] -- end configuration --
[DEBUG] properties used:
[DEBUG] activemq.version: 5.18.4
[DEBUG] angus-mail.version: 2.0.3
[DEBUG] artemis.version: 2.31.2
[DEBUG] aspectj.version: 1.9.22
[DEBUG] assertj.version: 3.24.2
[DEBUG] awaitility.version: 4.2.1
[DEBUG] brave.version: 5.16.0
[DEBUG] build-helper-maven-plugin.version: 3.4.0
[DEBUG] byte-buddy.version: 1.14.13
[DEBUG] cache2k.version: 2.6.1.Final
[DEBUG] caffeine.version: 3.1.8
[DEBUG] cassandra-driver.version: 4.17.0
[DEBUG] classmate.version: 1.6.0
[DEBUG] classworlds.conf: C:\Users\Asus\.m2\wrapper\dists\apache-maven-3.9.6-bin\3311e1d4\apache-maven-3.9.6\bin\m2.conf
[DEBUG] commons-codec.version: 1.16.1
[DEBUG] commons-dbcp2.version: 2.10.0
[DEBUG] commons-lang3.version: 3.13.0
[DEBUG] commons-pool.version: 1.6
[DEBUG] commons-pool2.version: 2.12.0
[DEBUG] couchbase-client.version: 3.4.11
[DEBUG] crac.version: 1.4.0
[DEBUG] db2-jdbc.version: 11.5.9.0
[DEBUG] dependency-management-plugin.version: 1.1.4
[DEBUG] derby.version: 10.16.1.1
[DEBUG] dropwizard-metrics.version: 4.2.25
[DEBUG] ehcache3.version: 3.10.8
[DEBUG] elasticsearch-client.version: 8.10.4
[DEBUG] env.=D:: D:\Z\backend
[DEBUG] env.ALLUSERSPROFILE: C:\ProgramData
[DEBUG] env.ANTHROPIC_AUTH_TOKEN: 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
[DEBUG] env.ANTHROPIC_BASE_URL: https://openrouter.ai/api
[DEBUG] env.ANTIGRAVITY_AGENT: 1
[DEBUG] env.ANTIGRAVITY_CLI_ALIAS: agy
[DEBUG] env.APPDATA: C:\Users\Asus\AppData\Roaming
[DEBUG] env.CHROME_CRASHPAD_PIPE_NAME: \\.\pipe\crashpad_7120_PXEHRJQOZZQMZXAN
[DEBUG] env.CLAUDE_CODE_SSE_PORT: 15439
[DEBUG] env.COLORTERM: truecolor
[DEBUG] env.COMMONPROGRAMFILES: C:\Program Files\Common Files
[DEBUG] env.COMMONPROGRAMFILES(X86): C:\Program Files (x86)\Common Files
[DEBUG] env.COMMONPROGRAMW6432: C:\Program Files\Common Files
[DEBUG] env.COMPUTERNAME: LAPTOP-5MKT5O9S
[DEBUG] env.COMSPEC: C:\WINDOWS\system32\cmd.exe
[DEBUG] env.DRIVERDATA: C:\Windows\System32\Drivers\DriverData
[DEBUG] env.EFC_10572_1592913036: 1
[DEBUG] env.EFC_10572_344590478: 1
[DEBUG] env.ERROR_CODE: 0
[DEBUG] env.EXEC_DIR: D:\Z\backend
[DEBUG] env.FPS_BROWSER_APP_PROFILE_STRING: Internet Explorer
[DEBUG] env.FPS_BROWSER_USER_PROFILE_STRING: Default
[DEBUG] env.GIT_ASKPASS: c:\Users\Asus\AppData\Local\Programs\Antigravity\resources\app\extensions\git\dist\askpass.sh
[DEBUG] env.HOME: C:\Users\Asus
[DEBUG] env.HOMEDRIVE: C:
[DEBUG] env.HOMEPATH: \Users\Asus
[DEBUG] env.INTELLIJ IDEA COMMUNITY EDITION: C:\Program Files\JetBrains\IntelliJ IDEA Community Edition 2024.2.3\bin;
[DEBUG] env.JAVA_HOME: C:\Program Files\Java\jdk-23
[DEBUG] env.LANG: en_US.UTF-8
[DEBUG] env.LOCALAPPDATA: C:\Users\Asus\AppData\Local
[DEBUG] env.LOGONSERVER: \\LAPTOP-5MKT5O9S
[DEBUG] env.MAVEN_CMD_LINE_ARGS: test -e -X
[DEBUG] env.MAVEN_JAVA_EXE: "C:\Program Files\Java\jdk-23\bin\java.exe"
[DEBUG] env.MAVEN_PROJECTBASEDIR: D:\Z\backend
[DEBUG] env.NUMBER_OF_PROCESSORS: 16
[DEBUG] env.ONEDRIVE: C:\Users\Asus\OneDrive
[DEBUG] env.ONEDRIVECONSUMER: C:\Users\Asus\OneDrive
[DEBUG] env.OPENAI_API_KEY: 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
[DEBUG] env.OPENROUTER_API_KEY: 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
[DEBUG] env.OS: Windows_NT
[DEBUG] env.PAGER: cat
[DEBUG] env.PATH: C:\oraclexe\app\oracle\product\11.2.0\server\bin;;C:\Program Files\Common Files\Oracle\Java\javapath;C:\Windows\system32;C:\Windows;C:\Windows\System32\Wbem;C:\Windows\System32\WindowsPowerShell\v1.0\;C:\Windows\System32\OpenSSH\;C:\Program Files (x86)\NVIDIA Corporation\PhysX\Common;C:\Program Files\Git\cmd;C:\Program Files\nodejs\;c:\Users\Asus\AppData\Local\Programs\cursor\resources\app\bin;C:\WINDOWS\system32;C:\WINDOWS;C:\WINDOWS\System32\Wbem;C:\WINDOWS\System32\WindowsPowerShell\v1.0\;C:\WINDOWS\System32\OpenSSH\;C:\Program Files\NVIDIA Corporation\NVIDIA App\NvDLISR;C:\src\flutter\bin;C:\Users\Asus\AppData\Local\Programs\cursor\resources\app\bin;C:\Users\Asus\AppData\Local\Programs\Microsoft VS Code\bin;C:\Users\Asus\AppData\Local\Programs\Antigravity\bin;c:\Users\Asus\.antigravity\extensions\vscjava.vscode-java-debug-0.58.5-universal\bundled\scripts\noConfigScripts
[DEBUG] env.PATHEXT: .COM;.EXE;.BAT;.CMD;.VBS;.VBE;.JS;.JSE;.WSF;.WSH;.MSC;.CPL
[DEBUG] env.PROCESSOR_ARCHITECTURE: AMD64
[DEBUG] env.PROCESSOR_IDENTIFIER: Intel64 Family 6 Model 186 Stepping 2, GenuineIntel
[DEBUG] env.PROCESSOR_LEVEL: 6
[DEBUG] env.PROCESSOR_REVISION: ba02
[DEBUG] env.PROGRAMDATA: C:\ProgramData
[DEBUG] env.PROGRAMFILES: C:\Program Files
[DEBUG] env.PROGRAMFILES(X86): C:\Program Files (x86)
[DEBUG] env.PROGRAMW6432: C:\Program Files
[DEBUG] env.PROMPT: $P$G
[DEBUG] env.PSMODULEPATH: C:\Users\Asus\OneDrive\Documents\WindowsPowerShell\Modules;C:\Program Files\WindowsPowerShell\Modules;C:\WINDOWS\system32\WindowsPowerShell\v1.0\Modules
[DEBUG] env.PUBLIC: C:\Users\Public
[DEBUG] env.PYTHONSTARTUP: c:\Users\Asus\AppData\Roaming\Antigravity\User\workspaceStorage\0a439196d793062d25a70db823082adb\ms-python.python\pythonrc.py
[DEBUG] env.PYTHON_BASIC_REPL: 1
[DEBUG] env.SESSIONNAME: Console
[DEBUG] env.SYSTEMDRIVE: C:
[DEBUG] env.SYSTEMROOT: C:\WINDOWS
[DEBUG] env.TEMP: C:\Users\Asus\AppData\Local\Temp
[DEBUG] env.TERM_PROGRAM: vscode
[DEBUG] env.TERM_PROGRAM_VERSION: 1.107.0
[DEBUG] env.TMP: C:\Users\Asus\AppData\Local\Temp
[DEBUG] env.USERDOMAIN: LAPTOP-5MKT5O9S
[DEBUG] env.USERDOMAIN_ROAMINGPROFILE: LAPTOP-5MKT5O9S
[DEBUG] env.USERNAME: Priyanshu
[DEBUG] env.USERPROFILE: C:\Users\Asus
[DEBUG] env.VSCODE_GIT_ASKPASS_EXTRA_ARGS: 
[DEBUG] env.VSCODE_GIT_ASKPASS_MAIN: c:\Users\Asus\AppData\Local\Programs\Antigravity\resources\app\extensions\git\dist\askpass-main.js
[DEBUG] env.VSCODE_GIT_ASKPASS_NODE: C:\Users\Asus\AppData\Local\Programs\Antigravity\Antigravity.exe
[DEBUG] env.VSCODE_GIT_IPC_HANDLE: \\.\pipe\vscode-git-3a6d1f43a3-sock
[DEBUG] env.VSCODE_INJECTION: 1
[DEBUG] env.VSCODE_JAVA_EXEC: C:\Program Files\Java\jdk-23\bin\java
[DEBUG] env.VSCODE_JDWP_ADAPTER_ENDPOINTS: c:\Users\Asus\.antigravity\extensions\vscjava.vscode-java-debug-0.58.5-universal\.noConfigDebugAdapterEndpoints\endpoint-2a2673e3bdf36d28.txt
[DEBUG] env.VSCODE_PYTHON_AUTOACTIVATE_GUARD: 1
[DEBUG] env.WDIR: D:\Z\backend
[DEBUG] env.WINDIR: C:\WINDOWS
[DEBUG] env.WRAPPER_JAR: "D:\Z\backend\.mvn\wrapper\maven-wrapper.jar"
[DEBUG] env.WRAPPER_LAUNCHER: org.apache.maven.wrapper.MavenWrapperMain
[DEBUG] env.WRAPPER_SHA_256_SUM: ""
[DEBUG] env.WRAPPER_URL: https://repo.maven.apache.org/maven2/org/apache/maven/wrapper/maven-wrapper/3.2.0/maven-wrapper-3.2.0.jar
[DEBUG] env.ZES_ENABLE_SYSMAN: 1
[DEBUG] file.encoding: UTF-8
[DEBUG] file.separator: \
[DEBUG] flyway.version: 9.22.3
[DEBUG] freemarker.version: 2.3.32
[DEBUG] git-commit-id-maven-plugin.version: 6.0.0
[DEBUG] glassfish-jaxb.version: 4.0.5
[DEBUG] glassfish-jstl.version: 3.0.1
[DEBUG] graphql-java.version: 21.4
[DEBUG] groovy.version: 4.0.21
[DEBUG] gson.version: 2.10.1
[DEBUG] h2.version: 2.2.224
[DEBUG] hamcrest.version: 2.2
[DEBUG] hazelcast.version: 5.3.7
[DEBUG] hibernate-validator.version: 8.0.1.Final
[DEBUG] hibernate.version: 6.4.4.Final
[DEBUG] hikaricp.version: 5.0.1
[DEBUG] hsqldb.version: 2.7.2
[DEBUG] htmlunit.version: 2.70.0
[DEBUG] httpasyncclient.version: 4.1.5
[DEBUG] httpclient5.version: 5.2.3
[DEBUG] httpcore.version: 4.4.16
[DEBUG] httpcore5.version: 5.2.4
[DEBUG] infinispan.version: 14.0.27.Final
[DEBUG] influxdb-java.version: 2.23
[DEBUG] jackson-bom.version: 2.15.4
[DEBUG] jakarta-activation.version: 2.1.3
[DEBUG] jakarta-annotation.version: 2.1.1
[DEBUG] jakarta-jms.version: 3.1.0
[DEBUG] jakarta-json-bind.version: 3.0.1
[DEBUG] jakarta-json.version: 2.1.3
[DEBUG] jakarta-mail.version: 2.1.3
[DEBUG] jakarta-management.version: 1.1.4
[DEBUG] jakarta-persistence.version: 3.1.0
[DEBUG] jakarta-servlet-jsp-jstl.version: 3.0.0
[DEBUG] jakarta-servlet.version: 6.0.0
[DEBUG] jakarta-transaction.version: 2.0.1
[DEBUG] jakarta-validation.version: 3.0.2
[DEBUG] jakarta-websocket.version: 2.1.1
[DEBUG] jakarta-ws-rs.version: 3.1.0
[DEBUG] jakarta-xml-bind.version: 4.0.2
[DEBUG] jakarta-xml-soap.version: 3.0.1
[DEBUG] jakarta-xml-ws.version: 4.0.1
[DEBUG] janino.version: 3.1.12
[DEBUG] java.class.path: D:\Z\backend\.mvn\wrapper\maven-wrapper.jar
[DEBUG] java.class.version: 67.0
[DEBUG] java.home: C:\Program Files\Java\jdk-23
[DEBUG] java.io.tmpdir: C:\Users\Asus\AppData\Local\Temp\
[DEBUG] java.library.path: C:\Program Files\Java\jdk-23\bin;C:\WINDOWS\Sun\Java\bin;C:\WINDOWS\system32;C:\WINDOWS;C:\oraclexe\app\oracle\product\11.2.0\server\bin;;C:\Program Files\Common Files\Oracle\Java\javapath;C:\Windows\system32;C:\Windows;C:\Windows\System32\Wbem;C:\Windows\System32\WindowsPowerShell\v1.0\;C:\Windows\System32\OpenSSH\;C:\Program Files (x86)\NVIDIA Corporation\PhysX\Common;C:\Program Files\Git\cmd;C:\Program Files\nodejs\;c:\Users\Asus\AppData\Local\Programs\cursor\resources\app\bin;C:\WINDOWS\system32;C:\WINDOWS;C:\WINDOWS\System32\Wbem;C:\WINDOWS\System32\WindowsPowerShell\v1.0\;C:\WINDOWS\System32\OpenSSH\;C:\Program Files\NVIDIA Corporation\NVIDIA App\NvDLISR;C:\src\flutter\bin;C:\Users\Asus\AppData\Local\Programs\cursor\resources\app\bin;C:\Users\Asus\AppData\Local\Programs\Microsoft VS Code\bin;C:\Users\Asus\AppData\Local\Programs\Antigravity\bin;c:\Users\Asus\.antigravity\extensions\vscjava.vscode-java-debug-0.58.5-universal\bundled\scripts\noConfigScripts;.
[DEBUG] java.runtime.name: Java(TM) SE Runtime Environment
[DEBUG] java.runtime.version: 23.0.1+11-39
[DEBUG] java.specification.name: Java Platform API Specification
[DEBUG] java.specification.vendor: Oracle Corporation
[DEBUG] java.specification.version: 23
[DEBUG] java.vendor: Oracle Corporation
[DEBUG] java.vendor.url: https://java.oracle.com/
[DEBUG] java.vendor.url.bug: https://bugreport.java.com/bugreport/
[DEBUG] java.version: 23.0.1
[DEBUG] java.version.date: 2024-10-15
[DEBUG] java.vm.compressedOopsMode: Zero based
[DEBUG] java.vm.info: mixed mode, sharing
[DEBUG] java.vm.name: Java HotSpot(TM) 64-Bit Server VM
[DEBUG] java.vm.specification.name: Java Virtual Machine Specification
[DEBUG] java.vm.specification.vendor: Oracle Corporation
[DEBUG] java.vm.specification.version: 23
[DEBUG] java.vm.vendor: Oracle Corporation
[DEBUG] java.vm.version: 23.0.1+11-39
[DEBUG] javax-cache.version: 1.1.1
[DEBUG] javax-money.version: 1.1
[DEBUG] jaxen.version: 2.0.0
[DEBUG] jaybird.version: 5.0.4.java11
[DEBUG] jboss-logging.version: 3.5.3.Final
[DEBUG] jdk.debug: release
[DEBUG] jdom2.version: 2.0.6.1
[DEBUG] jedis.version: 5.0.2
[DEBUG] jersey.version: 3.1.6
[DEBUG] jetty-reactive-httpclient.version: 4.0.3
[DEBUG] jetty.version: 12.0.8
[DEBUG] jjwt.version: 0.12.5
[DEBUG] jmustache.version: 1.15
[DEBUG] jooq.version: 3.18.14
[DEBUG] json-path.version: 2.9.0
[DEBUG] json-smart.version: 2.5.1
[DEBUG] jsonassert.version: 1.5.1
[DEBUG] jtds.version: 1.3.1
[DEBUG] junit-jupiter.version: 5.10.2
[DEBUG] junit.version: 4.13.2
[DEBUG] kafka.version: 3.6.2
[DEBUG] kotlin-coroutines.version: 1.7.3
[DEBUG] kotlin-serialization.version: 1.6.3
[DEBUG] kotlin.version: 1.9.23
[DEBUG] lettuce.version: 6.3.2.RELEASE
[DEBUG] line.separator: 

[DEBUG] liquibase.version: 4.24.0
[DEBUG] log4j2.version: 2.21.1
[DEBUG] logback.version: 1.4.14
[DEBUG] lombok-mapstruct-binding.version: 0.2.0
[DEBUG] lombok.version: 1.18.32
[DEBUG] mapstruct.version: 1.5.5.Final
[DEBUG] mariadb.version: 3.3.3
[DEBUG] maven-antrun-plugin.version: 3.1.0
[DEBUG] maven-assembly-plugin.version: 3.6.0
[DEBUG] maven-clean-plugin.version: 3.3.2
[DEBUG] maven-compiler-plugin.version: 3.11.0
[DEBUG] maven-dependency-plugin.version: 3.6.1
[DEBUG] maven-deploy-plugin.version: 3.1.1
[DEBUG] maven-enforcer-plugin.version: 3.4.1
[DEBUG] maven-failsafe-plugin.version: 3.1.2
[DEBUG] maven-help-plugin.version: 3.4.0
[DEBUG] maven-install-plugin.version: 3.1.1
[DEBUG] maven-invoker-plugin.version: 3.6.1
[DEBUG] maven-jar-plugin.version: 3.3.0
[DEBUG] maven-javadoc-plugin.version: 3.6.3
[DEBUG] maven-resources-plugin.version: 3.3.1
[DEBUG] maven-shade-plugin.version: 3.5.2
[DEBUG] maven-source-plugin.version: 3.3.1
[DEBUG] maven-surefire-plugin.version: 3.1.2
[DEBUG] maven-war-plugin.version: 3.4.0
[DEBUG] maven.build.timestamp: 2026-04-05T05:53:15Z
[DEBUG] maven.build.version: Apache Maven 3.9.6 (bc0240f3c744dd6b6ec2920b3cd08dcc295161ae)
[DEBUG] maven.compiler.release: 17
[DEBUG] maven.conf: C:\Users\Asus\.m2\wrapper\dists\apache-maven-3.9.6-bin\3311e1d4\apache-maven-3.9.6/conf
[DEBUG] maven.home: C:\Users\Asus\.m2\wrapper\dists\apache-maven-3.9.6-bin\3311e1d4\apache-maven-3.9.6
[DEBUG] maven.multiModuleProjectDirectory: D:\Z\backend
[DEBUG] maven.version: 3.9.6
[DEBUG] micrometer-tracing.version: 1.2.5
[DEBUG] micrometer.version: 1.12.5
[DEBUG] mockito.version: 5.7.0
[DEBUG] mongodb.version: 4.11.2
[DEBUG] mssql-jdbc.version: 12.4.2.jre11
[DEBUG] mysql.version: 8.3.0
[DEBUG] native-build-tools-plugin.version: 0.9.28
[DEBUG] native.encoding: Cp1252
[DEBUG] nekohtml.version: 1.9.22
[DEBUG] neo4j-java-driver.version: 5.19.0
[DEBUG] netty.version: 4.1.109.Final
[DEBUG] okhttp.version: 4.12.0
[DEBUG] opentelemetry.version: 1.31.0
[DEBUG] oracle-database.version: 21.9.0.0
[DEBUG] oracle-r2dbc.version: 1.1.1
[DEBUG] os.arch: amd64
[DEBUG] os.name: Windows 11
[DEBUG] os.version: 10.0
[DEBUG] path.separator: ;
[DEBUG] pooled-jms.version: 3.1.5
[DEBUG] postgresql.version: 42.6.2
[DEBUG] project.baseUri: file:/D:/Z/backend/
[DEBUG] project.build.sourceEncoding: UTF-8
[DEBUG] project.reporting.outputEncoding: UTF-8
[DEBUG] prometheus-client.version: 0.16.0
[DEBUG] pulsar-reactive.version: 0.5.4
[DEBUG] pulsar.version: 3.1.3
[DEBUG] quartz.version: 2.3.2
[DEBUG] querydsl.version: 5.0.0
[DEBUG] r2dbc-h2.version: 1.0.0.RELEASE
[DEBUG] r2dbc-mariadb.version: 1.1.4
[DEBUG] r2dbc-mssql.version: 1.0.2.RELEASE
[DEBUG] r2dbc-mysql.version: 1.0.6
[DEBUG] r2dbc-pool.version: 1.0.1.RELEASE
[DEBUG] r2dbc-postgresql.version: 1.0.5.RELEASE
[DEBUG] r2dbc-proxy.version: 1.1.4.RELEASE
[DEBUG] r2dbc-spi.version: 1.0.0.RELEASE
[DEBUG] rabbit-amqp-client.version: 5.19.0
[DEBUG] rabbit-stream-client.version: 0.14.0
[DEBUG] reactive-streams.version: 1.0.4
[DEBUG] reactor-bom.version: 2023.0.5
[DEBUG] resource.delimiter: @
[DEBUG] rest-assured.version: 5.3.2
[DEBUG] rsocket.version: 1.1.3
[DEBUG] rxjava3.version: 3.1.8
[DEBUG] saaj-impl.version: 3.0.3
[DEBUG] selenium-htmlunit.version: 4.13.0
[DEBUG] selenium.version: 4.14.1
[DEBUG] sendgrid.version: 4.9.3
[DEBUG] slf4j.version: 2.0.13
[DEBUG] snakeyaml.version: 2.2
[DEBUG] spring-amqp.version: 3.1.4
[DEBUG] spring-authorization-server.version: 1.2.4
[DEBUG] spring-batch.version: 5.1.1
[DEBUG] spring-data-bom.version: 2023.1.5
[DEBUG] spring-framework.version: 6.1.6
[DEBUG] spring-graphql.version: 1.2.6
[DEBUG] spring-hateoas.version: 2.2.2
[DEBUG] spring-integration.version: 6.2.4
[DEBUG] spring-kafka.version: 3.1.4
[DEBUG] spring-ldap.version: 3.2.3
[DEBUG] spring-pulsar.version: 1.0.5
[DEBUG] spring-restdocs.version: 3.0.1
[DEBUG] spring-retry.version: 2.0.5
[DEBUG] spring-security.version: 6.2.4
[DEBUG] spring-session.version: 3.2.2
[DEBUG] spring-ws.version: 4.0.10
[DEBUG] sqlite-jdbc.version: 3.43.2.0
[DEBUG] stderr.encoding: Cp1252
[DEBUG] stdout.encoding: Cp1252
[DEBUG] sun.arch.data.model: 64
[DEBUG] sun.boot.library.path: C:\Program Files\Java\jdk-23\bin
[DEBUG] sun.cpu.endian: little
[DEBUG] sun.cpu.isalist: amd64
[DEBUG] sun.io.unicode.encoding: UnicodeLittle
[DEBUG] sun.java.command: org.apache.maven.wrapper.MavenWrapperMain test -e -X
[DEBUG] sun.java.launcher: SUN_STANDARD
[DEBUG] sun.jnu.encoding: Cp1252
[DEBUG] sun.management.compiler: HotSpot 64-Bit Tiered Compilers
[DEBUG] sun.os.patch.level: 
[DEBUG] testcontainers.version: 1.19.7
[DEBUG] thymeleaf-extras-data-attribute.version: 2.0.1
[DEBUG] thymeleaf-extras-springsecurity.version: 3.1.2.RELEASE
[DEBUG] thymeleaf-layout-dialect.version: 3.3.0
[DEBUG] thymeleaf.version: 3.1.2.RELEASE
[DEBUG] tomcat.version: 10.1.20
[DEBUG] unboundid-ldapsdk.version: 6.0.11
[DEBUG] undertow.version: 2.3.12.Final
[DEBUG] user.country: IN
[DEBUG] user.dir: D:\Z\backend
[DEBUG] user.home: C:\Users\Asus
[DEBUG] user.language: en
[DEBUG] user.name: Priyanshu
[DEBUG] user.script: 
[DEBUG] user.variant: 
[DEBUG] versions-maven-plugin.version: 2.16.2
[DEBUG] webjars-locator-core.version: 0.55
[DEBUG] wsdl4j.version: 1.6.3
[DEBUG] xml-maven-plugin.version: 1.1.0
[DEBUG] xmlunit2.version: 2.9.1
[DEBUG] yasson.version: 3.0.3
[DEBUG] Using 'UTF-8' encoding to copy filtered resources.
[DEBUG] Using 'UTF-8' encoding to copy filtered properties files.
[DEBUG] resource with targetPath null
directory D:\Z\backend\src\test\resources
excludes []
includes []
[INFO] skip non existing resourceDirectory D:\Z\backend\src\test\resources
[DEBUG] no user filter components
[INFO] 
[INFO] --- compiler:3.11.0:testCompile (default-testCompile) @ financeboard-api ---
[DEBUG] Loading mojo org.apache.maven.plugins:maven-compiler-plugin:3.11.0:testCompile from plugin realm ClassRealm[plugin>org.apache.maven.plugins:maven-compiler-plugin:3.11.0, parent: java.net.URLClassLoader@7aec35a]
[DEBUG] Configuring mojo execution 'org.apache.maven.plugins:maven-compiler-plugin:3.11.0:testCompile:default-testCompile' with basic configurator -->
[DEBUG]   (s) groupId = org.projectlombok
[DEBUG]   (s) artifactId = lombok
[DEBUG]   (s) version = 1.18.32
[DEBUG]   (s) groupId = org.projectlombok
[DEBUG]   (s) artifactId = lombok-mapstruct-binding
[DEBUG]   (s) version = 0.2.0
[DEBUG]   (s) groupId = org.mapstruct
[DEBUG]   (s) artifactId = mapstruct-processor
[DEBUG]   (s) version = 1.5.5.Final
[DEBUG]   (f) annotationProcessorPaths = [org.projectlombok:lombok:1.18.32.jar, org.projectlombok:lombok-mapstruct-binding:0.2.0.jar, org.mapstruct:mapstruct-processor:1.5.5.Final.jar]
[DEBUG]   (f) basedir = D:\Z\backend
[DEBUG]   (f) buildDirectory = D:\Z\backend\target
[DEBUG]   (f) compileSourceRoots = [D:\Z\backend\src\test\java]
[DEBUG]   (f) compilerId = javac
[DEBUG]   (f) createMissingPackageInfoClass = true
[DEBUG]   (f) debug = true
[DEBUG]   (f) debugFileName = javac-test
[DEBUG]   (f) enablePreview = false
[DEBUG]   (f) encoding = UTF-8
[DEBUG]   (f) failOnError = true
[DEBUG]   (f) failOnWarning = false
[DEBUG]   (f) forceJavacCompilerUse = false
[DEBUG]   (f) fork = false
[DEBUG]   (f) generatedTestSourcesDirectory = D:\Z\backend\target\generated-test-sources\test-annotations
[DEBUG]   (f) mojoExecution = org.apache.maven.plugins:maven-compiler-plugin:3.11.0:testCompile {execution: default-testCompile}
[DEBUG]   (f) optimize = false
[DEBUG]   (f) outputDirectory = D:\Z\backend\target\test-classes
[DEBUG]   (f) parameters = true
[DEBUG]   (f) project = MavenProject: com.financeboard:financeboard-api:1.0.0 @ D:\Z\backend\pom.xml
[DEBUG]   (s) release = 17
[DEBUG]   (f) session = org.apache.maven.execution.MavenSession@2d64c100
[DEBUG]   (f) showCompilationChanges = false
[DEBUG]   (f) showDeprecation = false
[DEBUG]   (f) showWarnings = true
[DEBUG]   (f) skipMultiThreadWarning = false
[DEBUG]   (f) source = 17
[DEBUG]   (f) staleMillis = 0
[DEBUG]   (s) target = 17
[DEBUG]   (f) testPath = [D:\Z\backend\target\test-classes, D:\Z\backend\target\classes, C:\Users\Asus\.m2\repository\org\springframework\boot\spring-boot-starter-web\3.2.5\spring-boot-starter-web-3.2.5.jar, C:\Users\Asus\.m2\repository\org\springframework\boot\spring-boot-starter\3.2.5\spring-boot-starter-3.2.5.jar, C:\Users\Asus\.m2\repository\org\springframework\boot\spring-boot\3.2.5\spring-boot-3.2.5.jar, C:\Users\Asus\.m2\repository\org\springframework\boot\spring-boot-autoconfigure\3.2.5\spring-boot-autoconfigure-3.2.5.jar, C:\Users\Asus\.m2\repository\org\springframework\boot\spring-boot-starter-logging\3.2.5\spring-boot-starter-logging-3.2.5.jar, C:\Users\Asus\.m2\repository\ch\qos\logback\logback-classic\1.4.14\logback-classic-1.4.14.jar, C:\Users\Asus\.m2\repository\ch\qos\logback\logback-core\1.4.14\logback-core-1.4.14.jar, C:\Users\Asus\.m2\repository\org\apache\logging\log4j\log4j-to-slf4j\2.21.1\log4j-to-slf4j-2.21.1.jar, C:\Users\Asus\.m2\repository\org\apache\logging\log4j\log4j-api\2.21.1\log4j-api-2.21.1.jar, C:\Users\Asus\.m2\repository\org\slf4j\jul-to-slf4j\2.0.13\jul-to-slf4j-2.0.13.jar, C:\Users\Asus\.m2\repository\jakarta\annotation\jakarta.annotation-api\2.1.1\jakarta.annotation-api-2.1.1.jar, C:\Users\Asus\.m2\repository\org\yaml\snakeyaml\2.2\snakeyaml-2.2.jar, C:\Users\Asus\.m2\repository\org\springframework\boot\spring-boot-starter-json\3.2.5\spring-boot-starter-json-3.2.5.jar, C:\Users\Asus\.m2\repository\com\fasterxml\jackson\datatype\jackson-datatype-jdk8\2.15.4\jackson-datatype-jdk8-2.15.4.jar, C:\Users\Asus\.m2\repository\com\fasterxml\jackson\datatype\jackson-datatype-jsr310\2.15.4\jackson-datatype-jsr310-2.15.4.jar, C:\Users\Asus\.m2\repository\com\fasterxml\jackson\module\jackson-module-parameter-names\2.15.4\jackson-module-parameter-names-2.15.4.jar, C:\Users\Asus\.m2\repository\org\springframework\boot\spring-boot-starter-tomcat\3.2.5\spring-boot-starter-tomcat-3.2.5.jar, C:\Users\Asus\.m2\repository\org\apache\tomcat\embed\tomcat-embed-core\10.1.20\tomcat-embed-core-10.1.20.jar, C:\Users\Asus\.m2\repository\org\apache\tomcat\embed\tomcat-embed-websocket\10.1.20\tomcat-embed-websocket-10.1.20.jar, C:\Users\Asus\.m2\repository\org\springframework\spring-web\6.1.6\spring-web-6.1.6.jar, C:\Users\Asus\.m2\repository\org\springframework\spring-beans\6.1.6\spring-beans-6.1.6.jar, C:\Users\Asus\.m2\repository\io\micrometer\micrometer-observation\1.12.5\micrometer-observation-1.12.5.jar, C:\Users\Asus\.m2\repository\io\micrometer\micrometer-commons\1.12.5\micrometer-commons-1.12.5.jar, C:\Users\Asus\.m2\repository\org\springframework\spring-webmvc\6.1.6\spring-webmvc-6.1.6.jar, C:\Users\Asus\.m2\repository\org\springframework\spring-context\6.1.6\spring-context-6.1.6.jar, C:\Users\Asus\.m2\repository\org\springframework\spring-expression\6.1.6\spring-expression-6.1.6.jar, C:\Users\Asus\.m2\repository\org\springframework\boot\spring-boot-starter-data-jpa\3.2.5\spring-boot-starter-data-jpa-3.2.5.jar, C:\Users\Asus\.m2\repository\org\springframework\boot\spring-boot-starter-aop\3.2.5\spring-boot-starter-aop-3.2.5.jar, C:\Users\Asus\.m2\repository\org\aspectj\aspectjweaver\1.9.22\aspectjweaver-1.9.22.jar, C:\Users\Asus\.m2\repository\org\springframework\boot\spring-boot-starter-jdbc\3.2.5\spring-boot-starter-jdbc-3.2.5.jar, C:\Users\Asus\.m2\repository\com\zaxxer\HikariCP\5.0.1\HikariCP-5.0.1.jar, C:\Users\Asus\.m2\repository\org\springframework\spring-jdbc\6.1.6\spring-jdbc-6.1.6.jar, C:\Users\Asus\.m2\repository\org\hibernate\orm\hibernate-core\6.4.4.Final\hibernate-core-6.4.4.Final.jar, C:\Users\Asus\.m2\repository\jakarta\persistence\jakarta.persistence-api\3.1.0\jakarta.persistence-api-3.1.0.jar, C:\Users\Asus\.m2\repository\jakarta\transaction\jakarta.transaction-api\2.0.1\jakarta.transaction-api-2.0.1.jar, C:\Users\Asus\.m2\repository\org\jboss\logging\jboss-logging\3.5.3.Final\jboss-logging-3.5.3.Final.jar, C:\Users\Asus\.m2\repository\org\hibernate\common\hibernate-commons-annotations\6.0.6.Final\hibernate-commons-annotations-6.0.6.Final.jar, C:\Users\Asus\.m2\repository\io\smallrye\jandex\3.1.2\jandex-3.1.2.jar, C:\Users\Asus\.m2\repository\com\fasterxml\classmate\1.6.0\classmate-1.6.0.jar, C:\Users\Asus\.m2\repository\net\bytebuddy\byte-buddy\1.14.13\byte-buddy-1.14.13.jar, C:\Users\Asus\.m2\repository\org\glassfish\jaxb\jaxb-runtime\4.0.5\jaxb-runtime-4.0.5.jar, C:\Users\Asus\.m2\repository\org\glassfish\jaxb\jaxb-core\4.0.5\jaxb-core-4.0.5.jar, C:\Users\Asus\.m2\repository\org\eclipse\angus\angus-activation\2.0.2\angus-activation-2.0.2.jar, C:\Users\Asus\.m2\repository\org\glassfish\jaxb\txw2\4.0.5\txw2-4.0.5.jar, C:\Users\Asus\.m2\repository\com\sun\istack\istack-commons-runtime\4.1.2\istack-commons-runtime-4.1.2.jar, C:\Users\Asus\.m2\repository\jakarta\inject\jakarta.inject-api\2.0.1\jakarta.inject-api-2.0.1.jar, C:\Users\Asus\.m2\repository\org\antlr\antlr4-runtime\4.13.0\antlr4-runtime-4.13.0.jar, C:\Users\Asus\.m2\repository\org\springframework\data\spring-data-jpa\3.2.5\spring-data-jpa-3.2.5.jar, C:\Users\Asus\.m2\repository\org\springframework\data\spring-data-commons\3.2.5\spring-data-commons-3.2.5.jar, C:\Users\Asus\.m2\repository\org\springframework\spring-orm\6.1.6\spring-orm-6.1.6.jar, C:\Users\Asus\.m2\repository\org\springframework\spring-tx\6.1.6\spring-tx-6.1.6.jar, C:\Users\Asus\.m2\repository\org\slf4j\slf4j-api\2.0.13\slf4j-api-2.0.13.jar, C:\Users\Asus\.m2\repository\org\springframework\spring-aspects\6.1.6\spring-aspects-6.1.6.jar, C:\Users\Asus\.m2\repository\org\springframework\boot\spring-boot-starter-security\3.2.5\spring-boot-starter-security-3.2.5.jar, C:\Users\Asus\.m2\repository\org\springframework\spring-aop\6.1.6\spring-aop-6.1.6.jar, C:\Users\Asus\.m2\repository\org\springframework\security\spring-security-config\6.2.4\spring-security-config-6.2.4.jar, C:\Users\Asus\.m2\repository\org\springframework\security\spring-security-web\6.2.4\spring-security-web-6.2.4.jar, C:\Users\Asus\.m2\repository\org\springframework\boot\spring-boot-starter-validation\3.2.5\spring-boot-starter-validation-3.2.5.jar, C:\Users\Asus\.m2\repository\org\apache\tomcat\embed\tomcat-embed-el\10.1.20\tomcat-embed-el-10.1.20.jar, C:\Users\Asus\.m2\repository\org\hibernate\validator\hibernate-validator\8.0.1.Final\hibernate-validator-8.0.1.Final.jar, C:\Users\Asus\.m2\repository\jakarta\validation\jakarta.validation-api\3.0.2\jakarta.validation-api-3.0.2.jar, C:\Users\Asus\.m2\repository\org\springdoc\springdoc-openapi-starter-webmvc-ui\2.5.0\springdoc-openapi-starter-webmvc-ui-2.5.0.jar, C:\Users\Asus\.m2\repository\org\springdoc\springdoc-openapi-starter-webmvc-api\2.5.0\springdoc-openapi-starter-webmvc-api-2.5.0.jar, C:\Users\Asus\.m2\repository\org\springdoc\springdoc-openapi-starter-common\2.5.0\springdoc-openapi-starter-common-2.5.0.jar, C:\Users\Asus\.m2\repository\io\swagger\core\v3\swagger-core-jakarta\2.2.21\swagger-core-jakarta-2.2.21.jar, C:\Users\Asus\.m2\repository\org\apache\commons\commons-lang3\3.13.0\commons-lang3-3.13.0.jar, C:\Users\Asus\.m2\repository\io\swagger\core\v3\swagger-annotations-jakarta\2.2.21\swagger-annotations-jakarta-2.2.21.jar, C:\Users\Asus\.m2\repository\io\swagger\core\v3\swagger-models-jakarta\2.2.21\swagger-models-jakarta-2.2.21.jar, C:\Users\Asus\.m2\repository\com\fasterxml\jackson\dataformat\jackson-dataformat-yaml\2.15.4\jackson-dataformat-yaml-2.15.4.jar, C:\Users\Asus\.m2\repository\org\webjars\swagger-ui\5.13.0\swagger-ui-5.13.0.jar, C:\Users\Asus\.m2\repository\io\jsonwebtoken\jjwt-api\0.12.5\jjwt-api-0.12.5.jar, C:\Users\Asus\.m2\repository\io\jsonwebtoken\jjwt-impl\0.12.5\jjwt-impl-0.12.5.jar, C:\Users\Asus\.m2\repository\io\jsonwebtoken\jjwt-jackson\0.12.5\jjwt-jackson-0.12.5.jar, C:\Users\Asus\.m2\repository\com\fasterxml\jackson\core\jackson-databind\2.15.4\jackson-databind-2.15.4.jar, C:\Users\Asus\.m2\repository\com\fasterxml\jackson\core\jackson-annotations\2.15.4\jackson-annotations-2.15.4.jar, C:\Users\Asus\.m2\repository\com\fasterxml\jackson\core\jackson-core\2.15.4\jackson-core-2.15.4.jar, C:\Users\Asus\.m2\repository\org\postgresql\postgresql\42.6.2\postgresql-42.6.2.jar, C:\Users\Asus\.m2\repository\org\checkerframework\checker-qual\3.31.0\checker-qual-3.31.0.jar, C:\Users\Asus\.m2\repository\com\h2database\h2\2.2.224\h2-2.2.224.jar, C:\Users\Asus\.m2\repository\org\projectlombok\lombok\1.18.32\lombok-1.18.32.jar, C:\Users\Asus\.m2\repository\org\mapstruct\mapstruct\1.5.5.Final\mapstruct-1.5.5.Final.jar, C:\Users\Asus\.m2\repository\org\springframework\boot\spring-boot-starter-test\3.2.5\spring-boot-starter-test-3.2.5.jar, C:\Users\Asus\.m2\repository\org\springframework\boot\spring-boot-test\3.2.5\spring-boot-test-3.2.5.jar, C:\Users\Asus\.m2\repository\org\springframework\boot\spring-boot-test-autoconfigure\3.2.5\spring-boot-test-autoconfigure-3.2.5.jar, C:\Users\Asus\.m2\repository\com\jayway\jsonpath\json-path\2.9.0\json-path-2.9.0.jar, C:\Users\Asus\.m2\repository\jakarta\xml\bind\jakarta.xml.bind-api\4.0.2\jakarta.xml.bind-api-4.0.2.jar, C:\Users\Asus\.m2\repository\jakarta\activation\jakarta.activation-api\2.1.3\jakarta.activation-api-2.1.3.jar, C:\Users\Asus\.m2\repository\net\minidev\json-smart\2.5.1\json-smart-2.5.1.jar, C:\Users\Asus\.m2\repository\net\minidev\accessors-smart\2.5.1\accessors-smart-2.5.1.jar, C:\Users\Asus\.m2\repository\org\ow2\asm\asm\9.6\asm-9.6.jar, C:\Users\Asus\.m2\repository\org\assertj\assertj-core\3.24.2\assertj-core-3.24.2.jar, C:\Users\Asus\.m2\repository\org\awaitility\awaitility\4.2.1\awaitility-4.2.1.jar, C:\Users\Asus\.m2\repository\org\hamcrest\hamcrest\2.2\hamcrest-2.2.jar, C:\Users\Asus\.m2\repository\org\junit\jupiter\junit-jupiter\5.10.2\junit-jupiter-5.10.2.jar, C:\Users\Asus\.m2\repository\org\junit\jupiter\junit-jupiter-api\5.10.2\junit-jupiter-api-5.10.2.jar, C:\Users\Asus\.m2\repository\org\opentest4j\opentest4j\1.3.0\opentest4j-1.3.0.jar, C:\Users\Asus\.m2\repository\org\junit\platform\junit-platform-commons\1.10.2\junit-platform-commons-1.10.2.jar, C:\Users\Asus\.m2\repository\org\apiguardian\apiguardian-api\1.1.2\apiguardian-api-1.1.2.jar, C:\Users\Asus\.m2\repository\org\junit\jupiter\junit-jupiter-params\5.10.2\junit-jupiter-params-5.10.2.jar, C:\Users\Asus\.m2\repository\org\junit\jupiter\junit-jupiter-engine\5.10.2\junit-jupiter-engine-5.10.2.jar, C:\Users\Asus\.m2\repository\org\junit\platform\junit-platform-engine\1.10.2\junit-platform-engine-1.10.2.jar, C:\Users\Asus\.m2\repository\org\mockito\mockito-core\5.7.0\mockito-core-5.7.0.jar, C:\Users\Asus\.m2\repository\net\bytebuddy\byte-buddy-agent\1.14.13\byte-buddy-agent-1.14.13.jar, C:\Users\Asus\.m2\repository\org\objenesis\objenesis\3.3\objenesis-3.3.jar, C:\Users\Asus\.m2\repository\org\mockito\mockito-junit-jupiter\5.7.0\mockito-junit-jupiter-5.7.0.jar, C:\Users\Asus\.m2\repository\org\skyscreamer\jsonassert\1.5.1\jsonassert-1.5.1.jar, C:\Users\Asus\.m2\repository\com\vaadin\external\google\android-json\0.0.20131108.vaadin1\android-json-0.0.20131108.vaadin1.jar, C:\Users\Asus\.m2\repository\org\springframework\spring-core\6.1.6\spring-core-6.1.6.jar, C:\Users\Asus\.m2\repository\org\springframework\spring-jcl\6.1.6\spring-jcl-6.1.6.jar, C:\Users\Asus\.m2\repository\org\springframework\spring-test\6.1.6\spring-test-6.1.6.jar, C:\Users\Asus\.m2\repository\org\xmlunit\xmlunit-core\2.9.1\xmlunit-core-2.9.1.jar, C:\Users\Asus\.m2\repository\org\springframework\security\spring-security-test\6.2.4\spring-security-test-6.2.4.jar, C:\Users\Asus\.m2\repository\org\springframework\security\spring-security-core\6.2.4\spring-security-core-6.2.4.jar, C:\Users\Asus\.m2\repository\org\springframework\security\spring-security-crypto\6.2.4\spring-security-crypto-6.2.4.jar]
[DEBUG]   (f) useIncrementalCompilation = true
[DEBUG]   (f) useModulePath = true
[DEBUG]   (f) verbose = false
[DEBUG] -- end configuration --
[DEBUG] Using compiler 'javac'.
[DEBUG] Adding D:\Z\backend\target\generated-test-sources\test-annotations to test-compile source roots:
  D:\Z\backend\src\test\java
[DEBUG] New test-compile source roots:
  D:\Z\backend\src\test\java
  D:\Z\backend\target\generated-test-sources\test-annotations
[DEBUG] Dependency collection stats {ConflictMarker.analyzeTime=7800, ConflictMarker.markTime=11400, ConflictMarker.nodeCount=4, ConflictIdSorter.graphTime=2200, ConflictIdSorter.topsortTime=7400, ConflictIdSorter.conflictIdCount=3, ConflictIdSorter.conflictIdCycleCount=0, ConflictResolver.totalTime=81100, ConflictResolver.conflictItemCount=3, DfDependencyCollector.collectTime=126700, DfDependencyCollector.transformTime=123100}
[DEBUG] CompilerReuseStrategy: reuseCreated
[DEBUG] useIncrementalCompilation enabled
[INFO] Nothing to compile - all classes are up to date
[INFO] 
[INFO] --- surefire:3.1.2:test (default-test) @ financeboard-api ---
[DEBUG] Using mirror maven-default-http-blocker (http://0.0.0.0/) for jboss-public-repository-group (http://repository.jboss.org/nexus/content/groups/public).
[DEBUG] Dependency collection stats {ConflictMarker.analyzeTime=170100, ConflictMarker.markTime=115300, ConflictMarker.nodeCount=78, ConflictIdSorter.graphTime=64600, ConflictIdSorter.topsortTime=46500, ConflictIdSorter.conflictIdCount=39, ConflictIdSorter.conflictIdCycleCount=0, ConflictResolver.totalTime=2212700, ConflictResolver.conflictItemCount=76, DfDependencyCollector.collectTime=101276300, DfDependencyCollector.transformTime=2638100}
[DEBUG] org.apache.maven.plugins:maven-surefire-plugin:jar:3.1.2
[DEBUG]    org.apache.maven.surefire:maven-surefire-common:jar:3.1.2:compile
[DEBUG]       org.apache.maven.surefire:surefire-api:jar:3.1.2:compile
[DEBUG]          org.apache.maven.surefire:surefire-logger-api:jar:3.1.2:compile
[DEBUG]       org.apache.maven.surefire:surefire-extensions-api:jar:3.1.2:compile
[DEBUG]       org.apache.maven.surefire:surefire-booter:jar:3.1.2:compile
[DEBUG]          org.apache.maven.surefire:surefire-extensions-spi:jar:3.1.2:compile
[DEBUG]       org.eclipse.aether:aether-util:jar:1.0.0.v20140518:compile
[DEBUG]          org.eclipse.aether:aether-api:jar:1.0.0.v20140518:compile
[DEBUG]       org.apache.maven.shared:maven-common-artifact-filters:jar:3.1.1:compile (version managed from default) (exclusions managed from default)
[DEBUG]          org.apache.maven:maven-artifact:jar:3.2.5:provided (scope managed from default) (version managed from default)
[DEBUG]             org.codehaus.plexus:plexus-utils:jar:3.5.0:provided (version managed from default)
[DEBUG]          org.apache.maven:maven-core:jar:3.2.5:provided (scope managed from default) (version managed from default)
[DEBUG]             org.apache.maven:maven-settings:jar:3.2.5:provided (version managed from default)
[DEBUG]             org.apache.maven:maven-settings-builder:jar:3.2.5:provided
[DEBUG]             org.apache.maven:maven-repository-metadata:jar:3.2.5:provided
[DEBUG]             org.apache.maven:maven-model-builder:jar:3.2.5:provided
[DEBUG]             org.apache.maven:maven-aether-provider:jar:3.2.5:provided
[DEBUG]                org.eclipse.aether:aether-spi:jar:1.0.0.v20140518:provided
[DEBUG]             org.eclipse.aether:aether-impl:jar:1.0.0.v20140518:provided
[DEBUG]             org.eclipse.sisu:org.eclipse.sisu.plexus:jar:0.3.5:provided (version managed from default)
[DEBUG]                javax.annotation:javax.annotation-api:jar:1.2:provided
[DEBUG]                javax.enterprise:cdi-api:jar:1.2:provided
[DEBUG]                org.eclipse.sisu:org.eclipse.sisu.inject:jar:0.3.5:provided (version managed from default)
[DEBUG]             org.sonatype.sisu:sisu-guice:jar:no_aop:3.2.3:provided
[DEBUG]                javax.inject:javax.inject:jar:1:provided
[DEBUG]                aopalliance:aopalliance:jar:1.0:provided
[DEBUG]                com.google.guava:guava:jar:16.0.1:provided
[DEBUG]             org.codehaus.plexus:plexus-interpolation:jar:1.21:provided
[DEBUG]             org.codehaus.plexus:plexus-classworlds:jar:2.5.2:provided
[DEBUG]             org.codehaus.plexus:plexus-component-annotations:jar:1.5.5:provided
[DEBUG]             org.sonatype.plexus:plexus-sec-dispatcher:jar:1.3:provided
[DEBUG]                org.sonatype.plexus:plexus-cipher:jar:1.4:provided
[DEBUG]          org.apache.maven:maven-plugin-api:jar:3.2.5:provided (scope managed from default) (version managed from default)
[DEBUG]          commons-io:commons-io:jar:2.12.0:compile (version managed from default)
[DEBUG]       org.codehaus.plexus:plexus-java:jar:1.1.2:compile (version managed from default)
[DEBUG]          org.ow2.asm:asm:jar:9.4:compile
[DEBUG]          com.thoughtworks.qdox:qdox:jar:2.0.3:compile
[DEBUG]       org.apache.maven.surefire:surefire-shared-utils:jar:3.1.2:compile
[DEBUG] Created new class realm plugin>org.apache.maven.plugins:maven-surefire-plugin:3.1.2
[DEBUG] Importing foreign packages into class realm plugin>org.apache.maven.plugins:maven-surefire-plugin:3.1.2
[DEBUG]   Imported:  < maven.api
[DEBUG] Populating class realm plugin>org.apache.maven.plugins:maven-surefire-plugin:3.1.2
[DEBUG]   Included: org.apache.maven.plugins:maven-surefire-plugin:jar:3.1.2
[DEBUG]   Included: org.apache.maven.surefire:maven-surefire-common:jar:3.1.2
[DEBUG]   Included: org.apache.maven.surefire:surefire-api:jar:3.1.2
[DEBUG]   Included: org.apache.maven.surefire:surefire-logger-api:jar:3.1.2
[DEBUG]   Included: org.apache.maven.surefire:surefire-extensions-api:jar:3.1.2
[DEBUG]   Included: org.apache.maven.surefire:surefire-booter:jar:3.1.2
[DEBUG]   Included: org.apache.maven.surefire:surefire-extensions-spi:jar:3.1.2
[DEBUG]   Included: org.apache.maven.shared:maven-common-artifact-filters:jar:3.1.1
[DEBUG]   Included: commons-io:commons-io:jar:2.12.0
[DEBUG]   Included: org.codehaus.plexus:plexus-java:jar:1.1.2
[DEBUG]   Included: org.ow2.asm:asm:jar:9.4
[DEBUG]   Included: com.thoughtworks.qdox:qdox:jar:2.0.3
[DEBUG]   Included: org.apache.maven.surefire:surefire-shared-utils:jar:3.1.2
[DEBUG] Loading mojo org.apache.maven.plugins:maven-surefire-plugin:3.1.2:test from plugin realm ClassRealm[plugin>org.apache.maven.plugins:maven-surefire-plugin:3.1.2, parent: java.net.URLClassLoader@7aec35a]
[DEBUG] Configuring mojo execution 'org.apache.maven.plugins:maven-surefire-plugin:3.1.2:test:default-test' with basic configurator -->
[DEBUG]   (s) additionalClasspathElements = []
[DEBUG]   (s) basedir = D:\Z\backend
[DEBUG]   (s) childDelegation = false
[DEBUG]   (f) classesDirectory = D:\Z\backend\target\classes
[DEBUG]   (s) classpathDependencyExcludes = []
[DEBUG]   (s) dependenciesToScan = []
[DEBUG]   (s) disableXmlReport = false
[DEBUG]   (s) enableAssertions = true
[DEBUG]   (s) encoding = UTF-8
[DEBUG]   (s) excludeJUnit5Engines = []
[DEBUG]   (f) excludedEnvironmentVariables = []
[DEBUG]   (s) excludes = []
[DEBUG]   (s) failIfNoSpecifiedTests = true
[DEBUG]   (s) failIfNoTests = false
[DEBUG]   (s) failOnFlakeCount = 0
[DEBUG]   (f) forkCount = 1
[DEBUG]   (s) forkedProcessExitTimeoutInSeconds = 30
[DEBUG]   (s) includeJUnit5Engines = []
[DEBUG]   (s) includes = []
[DEBUG]   (s) junitArtifactName = junit:junit
[DEBUG]   (f) parallelMavenExecution = false
[DEBUG]   (s) parallelOptimized = true
[DEBUG]   (s) perCoreThreadCount = true
[DEBUG]   (s) pluginArtifactMap = {org.apache.maven.plugins:maven-surefire-plugin=org.apache.maven.plugins:maven-surefire-plugin:maven-plugin:3.1.2:, org.apache.maven.surefire:maven-surefire-common=org.apache.maven.surefire:maven-surefire-common:jar:3.1.2:compile, org.apache.maven.surefire:surefire-api=org.apache.maven.surefire:surefire-api:jar:3.1.2:compile, org.apache.maven.surefire:surefire-logger-api=org.apache.maven.surefire:surefire-logger-api:jar:3.1.2:compile, org.apache.maven.surefire:surefire-extensions-api=org.apache.maven.surefire:surefire-extensions-api:jar:3.1.2:compile, org.apache.maven.surefire:surefire-booter=org.apache.maven.surefire:surefire-booter:jar:3.1.2:compile, org.apache.maven.surefire:surefire-extensions-spi=org.apache.maven.surefire:surefire-extensions-spi:jar:3.1.2:compile, org.eclipse.aether:aether-util=org.eclipse.aether:aether-util:jar:1.0.0.v20140518:compile, org.eclipse.aether:aether-api=org.eclipse.aether:aether-api:jar:1.0.0.v20140518:compile, org.apache.maven.shared:maven-common-artifact-filters=org.apache.maven.shared:maven-common-artifact-filters:jar:3.1.1:compile, commons-io:commons-io=commons-io:commons-io:jar:2.12.0:compile, org.codehaus.plexus:plexus-java=org.codehaus.plexus:plexus-java:jar:1.1.2:compile, org.ow2.asm:asm=org.ow2.asm:asm:jar:9.4:compile, com.thoughtworks.qdox:qdox=com.thoughtworks.qdox:qdox:jar:2.0.3:compile, org.apache.maven.surefire:surefire-shared-utils=org.apache.maven.surefire:surefire-shared-utils:jar:3.1.2:compile}
[DEBUG]   (f) pluginDescriptor = Component Descriptor: role: 'org.apache.maven.plugin.Mojo', implementation: 'org.apache.maven.plugins.maven_surefire_plugin.HelpMojo', role hint: 'org.apache.maven.plugins:maven-surefire-plugin:3.1.2:help'
role: 'org.apache.maven.plugin.Mojo', implementation: 'org.apache.maven.plugin.surefire.SurefirePlugin', role hint: 'org.apache.maven.plugins:maven-surefire-plugin:3.1.2:test'
---
[DEBUG]   (s) printSummary = true
[DEBUG]   (s) project = MavenProject: com.financeboard:financeboard-api:1.0.0 @ D:\Z\backend\pom.xml
[DEBUG]   (s) projectArtifactMap = {org.springframework.boot:spring-boot-starter-web=org.springframework.boot:spring-boot-starter-web:jar:3.2.5:compile, org.springframework.boot:spring-boot-starter=org.springframework.boot:spring-boot-starter:jar:3.2.5:compile, org.springframework.boot:spring-boot=org.springframework.boot:spring-boot:jar:3.2.5:compile, org.springframework.boot:spring-boot-autoconfigure=org.springframework.boot:spring-boot-autoconfigure:jar:3.2.5:compile, org.springframework.boot:spring-boot-starter-logging=org.springframework.boot:spring-boot-starter-logging:jar:3.2.5:compile, ch.qos.logback:logback-classic=ch.qos.logback:logback-classic:jar:1.4.14:compile, ch.qos.logback:logback-core=ch.qos.logback:logback-core:jar:1.4.14:compile, org.apache.logging.log4j:log4j-to-slf4j=org.apache.logging.log4j:log4j-to-slf4j:jar:2.21.1:compile, org.apache.logging.log4j:log4j-api=org.apache.logging.log4j:log4j-api:jar:2.21.1:compile, org.slf4j:jul-to-slf4j=org.slf4j:jul-to-slf4j:jar:2.0.13:compile, jakarta.annotation:jakarta.annotation-api=jakarta.annotation:jakarta.annotation-api:jar:2.1.1:compile, org.yaml:snakeyaml=org.yaml:snakeyaml:jar:2.2:compile, org.springframework.boot:spring-boot-starter-json=org.springframework.boot:spring-boot-starter-json:jar:3.2.5:compile, com.fasterxml.jackson.datatype:jackson-datatype-jdk8=com.fasterxml.jackson.datatype:jackson-datatype-jdk8:jar:2.15.4:compile, com.fasterxml.jackson.datatype:jackson-datatype-jsr310=com.fasterxml.jackson.datatype:jackson-datatype-jsr310:jar:2.15.4:compile, com.fasterxml.jackson.module:jackson-module-parameter-names=com.fasterxml.jackson.module:jackson-module-parameter-names:jar:2.15.4:compile, org.springframework.boot:spring-boot-starter-tomcat=org.springframework.boot:spring-boot-starter-tomcat:jar:3.2.5:compile, org.apache.tomcat.embed:tomcat-embed-core=org.apache.tomcat.embed:tomcat-embed-core:jar:10.1.20:compile, org.apache.tomcat.embed:tomcat-embed-websocket=org.apache.tomcat.embed:tomcat-embed-websocket:jar:10.1.20:compile, org.springframework:spring-web=org.springframework:spring-web:jar:6.1.6:compile, org.springframework:spring-beans=org.springframework:spring-beans:jar:6.1.6:compile, io.micrometer:micrometer-observation=io.micrometer:micrometer-observation:jar:1.12.5:compile, io.micrometer:micrometer-commons=io.micrometer:micrometer-commons:jar:1.12.5:compile, org.springframework:spring-webmvc=org.springframework:spring-webmvc:jar:6.1.6:compile, org.springframework:spring-context=org.springframework:spring-context:jar:6.1.6:compile, org.springframework:spring-expression=org.springframework:spring-expression:jar:6.1.6:compile, org.springframework.boot:spring-boot-starter-data-jpa=org.springframework.boot:spring-boot-starter-data-jpa:jar:3.2.5:compile, org.springframework.boot:spring-boot-starter-aop=org.springframework.boot:spring-boot-starter-aop:jar:3.2.5:compile, org.aspectj:aspectjweaver=org.aspectj:aspectjweaver:jar:1.9.22:compile, org.springframework.boot:spring-boot-starter-jdbc=org.springframework.boot:spring-boot-starter-jdbc:jar:3.2.5:compile, com.zaxxer:HikariCP=com.zaxxer:HikariCP:jar:5.0.1:compile, org.springframework:spring-jdbc=org.springframework:spring-jdbc:jar:6.1.6:compile, org.hibernate.orm:hibernate-core=org.hibernate.orm:hibernate-core:jar:6.4.4.Final:compile, jakarta.persistence:jakarta.persistence-api=jakarta.persistence:jakarta.persistence-api:jar:3.1.0:compile, jakarta.transaction:jakarta.transaction-api=jakarta.transaction:jakarta.transaction-api:jar:2.0.1:compile, org.jboss.logging:jboss-logging=org.jboss.logging:jboss-logging:jar:3.5.3.Final:compile, org.hibernate.common:hibernate-commons-annotations=org.hibernate.common:hibernate-commons-annotations:jar:6.0.6.Final:runtime, io.smallrye:jandex=io.smallrye:jandex:jar:3.1.2:runtime, com.fasterxml:classmate=com.fasterxml:classmate:jar:1.6.0:compile, net.bytebuddy:byte-buddy=net.bytebuddy:byte-buddy:jar:1.14.13:runtime, org.glassfish.jaxb:jaxb-runtime=org.glassfish.jaxb:jaxb-runtime:jar:4.0.5:runtime, org.glassfish.jaxb:jaxb-core=org.glassfish.jaxb:jaxb-core:jar:4.0.5:runtime, org.eclipse.angus:angus-activation=org.eclipse.angus:angus-activation:jar:2.0.2:runtime, org.glassfish.jaxb:txw2=org.glassfish.jaxb:txw2:jar:4.0.5:runtime, com.sun.istack:istack-commons-runtime=com.sun.istack:istack-commons-runtime:jar:4.1.2:runtime, jakarta.inject:jakarta.inject-api=jakarta.inject:jakarta.inject-api:jar:2.0.1:runtime, org.antlr:antlr4-runtime=org.antlr:antlr4-runtime:jar:4.13.0:compile, org.springframework.data:spring-data-jpa=org.springframework.data:spring-data-jpa:jar:3.2.5:compile, org.springframework.data:spring-data-commons=org.springframework.data:spring-data-commons:jar:3.2.5:compile, org.springframework:spring-orm=org.springframework:spring-orm:jar:6.1.6:compile, org.springframework:spring-tx=org.springframework:spring-tx:jar:6.1.6:compile, org.slf4j:slf4j-api=org.slf4j:slf4j-api:jar:2.0.13:compile, org.springframework:spring-aspects=org.springframework:spring-aspects:jar:6.1.6:compile, org.springframework.boot:spring-boot-starter-security=org.springframework.boot:spring-boot-starter-security:jar:3.2.5:compile, org.springframework:spring-aop=org.springframework:spring-aop:jar:6.1.6:compile, org.springframework.security:spring-security-config=org.springframework.security:spring-security-config:jar:6.2.4:compile, org.springframework.security:spring-security-web=org.springframework.security:spring-security-web:jar:6.2.4:compile, org.springframework.boot:spring-boot-starter-validation=org.springframework.boot:spring-boot-starter-validation:jar:3.2.5:compile, org.apache.tomcat.embed:tomcat-embed-el=org.apache.tomcat.embed:tomcat-embed-el:jar:10.1.20:compile, org.hibernate.validator:hibernate-validator=org.hibernate.validator:hibernate-validator:jar:8.0.1.Final:compile, jakarta.validation:jakarta.validation-api=jakarta.validation:jakarta.validation-api:jar:3.0.2:compile, org.springdoc:springdoc-openapi-starter-webmvc-ui=org.springdoc:springdoc-openapi-starter-webmvc-ui:jar:2.5.0:compile, org.springdoc:springdoc-openapi-starter-webmvc-api=org.springdoc:springdoc-openapi-starter-webmvc-api:jar:2.5.0:compile, org.springdoc:springdoc-openapi-starter-common=org.springdoc:springdoc-openapi-starter-common:jar:2.5.0:compile, io.swagger.core.v3:swagger-core-jakarta=io.swagger.core.v3:swagger-core-jakarta:jar:2.2.21:compile, org.apache.commons:commons-lang3=org.apache.commons:commons-lang3:jar:3.13.0:compile, io.swagger.core.v3:swagger-annotations-jakarta=io.swagger.core.v3:swagger-annotations-jakarta:jar:2.2.21:compile, io.swagger.core.v3:swagger-models-jakarta=io.swagger.core.v3:swagger-models-jakarta:jar:2.2.21:compile, com.fasterxml.jackson.dataformat:jackson-dataformat-yaml=com.fasterxml.jackson.dataformat:jackson-dataformat-yaml:jar:2.15.4:compile, org.webjars:swagger-ui=org.webjars:swagger-ui:jar:5.13.0:compile, io.jsonwebtoken:jjwt-api=io.jsonwebtoken:jjwt-api:jar:0.12.5:compile, io.jsonwebtoken:jjwt-impl=io.jsonwebtoken:jjwt-impl:jar:0.12.5:runtime, io.jsonwebtoken:jjwt-jackson=io.jsonwebtoken:jjwt-jackson:jar:0.12.5:runtime, com.fasterxml.jackson.core:jackson-databind=com.fasterxml.jackson.core:jackson-databind:jar:2.15.4:compile, com.fasterxml.jackson.core:jackson-annotations=com.fasterxml.jackson.core:jackson-annotations:jar:2.15.4:compile, com.fasterxml.jackson.core:jackson-core=com.fasterxml.jackson.core:jackson-core:jar:2.15.4:compile, org.postgresql:postgresql=org.postgresql:postgresql:jar:42.6.2:runtime, org.checkerframework:checker-qual=org.checkerframework:checker-qual:jar:3.31.0:runtime, com.h2database:h2=com.h2database:h2:jar:2.2.224:runtime, org.projectlombok:lombok=org.projectlombok:lombok:jar:1.18.32:compile, org.mapstruct:mapstruct=org.mapstruct:mapstruct:jar:1.5.5.Final:compile, org.springframework.boot:spring-boot-starter-test=org.springframework.boot:spring-boot-starter-test:jar:3.2.5:test, org.springframework.boot:spring-boot-test=org.springframework.boot:spring-boot-test:jar:3.2.5:test, org.springframework.boot:spring-boot-test-autoconfigure=org.springframework.boot:spring-boot-test-autoconfigure:jar:3.2.5:test, com.jayway.jsonpath:json-path=com.jayway.jsonpath:json-path:jar:2.9.0:test, jakarta.xml.bind:jakarta.xml.bind-api=jakarta.xml.bind:jakarta.xml.bind-api:jar:4.0.2:compile, jakarta.activation:jakarta.activation-api=jakarta.activation:jakarta.activation-api:jar:2.1.3:compile, net.minidev:json-smart=net.minidev:json-smart:jar:2.5.1:test, net.minidev:accessors-smart=net.minidev:accessors-smart:jar:2.5.1:test, org.ow2.asm:asm=org.ow2.asm:asm:jar:9.6:test, org.assertj:assertj-core=org.assertj:assertj-core:jar:3.24.2:test, org.awaitility:awaitility=org.awaitility:awaitility:jar:4.2.1:test, org.hamcrest:hamcrest=org.hamcrest:hamcrest:jar:2.2:test, org.junit.jupiter:junit-jupiter=org.junit.jupiter:junit-jupiter:jar:5.10.2:test, org.junit.jupiter:junit-jupiter-api=org.junit.jupiter:junit-jupiter-api:jar:5.10.2:test, org.opentest4j:opentest4j=org.opentest4j:opentest4j:jar:1.3.0:test, org.junit.platform:junit-platform-commons=org.junit.platform:junit-platform-commons:jar:1.10.2:test, org.apiguardian:apiguardian-api=org.apiguardian:apiguardian-api:jar:1.1.2:test, org.junit.jupiter:junit-jupiter-params=org.junit.jupiter:junit-jupiter-params:jar:5.10.2:test, org.junit.jupiter:junit-jupiter-engine=org.junit.jupiter:junit-jupiter-engine:jar:5.10.2:test, org.junit.platform:junit-platform-engine=org.junit.platform:junit-platform-engine:jar:1.10.2:test, org.mockito:mockito-core=org.mockito:mockito-core:jar:5.7.0:test, net.bytebuddy:byte-buddy-agent=net.bytebuddy:byte-buddy-agent:jar:1.14.13:test, org.objenesis:objenesis=org.objenesis:objenesis:jar:3.3:test, org.mockito:mockito-junit-jupiter=org.mockito:mockito-junit-jupiter:jar:5.7.0:test, org.skyscreamer:jsonassert=org.skyscreamer:jsonassert:jar:1.5.1:test, com.vaadin.external.google:android-json=com.vaadin.external.google:android-json:jar:0.0.20131108.vaadin1:test, org.springframework:spring-core=org.springframework:spring-core:jar:6.1.6:compile, org.springframework:spring-jcl=org.springframework:spring-jcl:jar:6.1.6:compile, org.springframework:spring-test=org.springframework:spring-test:jar:6.1.6:test, org.xmlunit:xmlunit-core=org.xmlunit:xmlunit-core:jar:2.9.1:test, org.springframework.security:spring-security-test=org.springframework.security:spring-security-test:jar:6.2.4:test, org.springframework.security:spring-security-core=org.springframework.security:spring-security-core:jar:6.2.4:compile, org.springframework.security:spring-security-crypto=org.springframework.security:spring-security-crypto:jar:6.2.4:compile}
[DEBUG]   (s) projectBuildDirectory = D:\Z\backend\target
[DEBUG]   (s) redirectTestOutputToFile = false
[DEBUG]   (s) reportFormat = brief
[DEBUG]   (s) reportsDirectory = D:\Z\backend\target\surefire-reports
[DEBUG]   (f) rerunFailingTestsCount = 0
[DEBUG]   (f) reuseForks = true
[DEBUG]   (s) runOrder = filesystem
[DEBUG]   (s) session = org.apache.maven.execution.MavenSession@2d64c100
[DEBUG]   (f) shutdown = exit
[DEBUG]   (s) skip = false
[DEBUG]   (f) skipAfterFailureCount = 0
[DEBUG]   (s) skipTests = false
[DEBUG]   (s) suiteXmlFiles = []
[DEBUG]   (s) tempDir = surefire
[DEBUG]   (s) testClassesDirectory = D:\Z\backend\target\test-classes
[DEBUG]   (s) testFailureIgnore = false
[DEBUG]   (s) testNGArtifactName = org.testng:testng
[DEBUG]   (s) testSourceDirectory = D:\Z\backend\src\test\java
[DEBUG]   (s) threadCountClasses = 0
[DEBUG]   (s) threadCountMethods = 0
[DEBUG]   (s) threadCountSuites = 0
[DEBUG]   (s) trimStackTrace = false
[DEBUG]   (s) useFile = true
[DEBUG]   (s) useManifestOnlyJar = true
[DEBUG]   (f) useModulePath = true
[DEBUG]   (s) useSystemClassLoader = true
[DEBUG]   (s) useUnlimitedThreads = false
[DEBUG]   (s) workingDirectory = D:\Z\backend
[DEBUG] -- end configuration --
[DEBUG] Using JVM: C:\Program Files\Java\jdk-23\bin\java with Java version 23.0
[DEBUG] Resolved included and excluded patterns: **/Test*.java, **/*Test.java, **/*Tests.java, **/*TestCase.java, !**/*$*
[DEBUG] Surefire report directory: D:\Z\backend\target\surefire-reports
[INFO] Using auto detected provider org.apache.maven.surefire.junitplatform.JUnitPlatformProvider
[DEBUG] Using the provider org.apache.maven.surefire.junitplatform.JUnitPlatformProvider
[DEBUG] Setting system property [basedir]=[D:\Z\backend]
[DEBUG] Setting system property [localRepository]=[C:\Users\Asus\.m2\repository]
[DEBUG] Dependency collection stats {ConflictMarker.analyzeTime=24600, ConflictMarker.markTime=17500, ConflictMarker.nodeCount=6, ConflictIdSorter.graphTime=5700, ConflictIdSorter.topsortTime=8900, ConflictIdSorter.conflictIdCount=5, ConflictIdSorter.conflictIdCycleCount=0, ConflictResolver.totalTime=250200, ConflictResolver.conflictItemCount=6, DfDependencyCollector.collectTime=4680000, DfDependencyCollector.transformTime=321900}
[DEBUG] Found implementation of fork node factory: org.apache.maven.plugin.surefire.extensions.LegacyForkNodeFactory
[DEBUG] Dependency collection stats {ConflictMarker.analyzeTime=18100, ConflictMarker.markTime=13500, ConflictMarker.nodeCount=14, ConflictIdSorter.graphTime=8800, ConflictIdSorter.topsortTime=43700, ConflictIdSorter.conflictIdCount=10, ConflictIdSorter.conflictIdCycleCount=0, ConflictResolver.totalTime=171100, ConflictResolver.conflictItemCount=14, DfDependencyCollector.collectTime=17465100, DfDependencyCollector.transformTime=273800}
[DEBUG] Resolving artifact org.junit.platform:junit-platform-launcher:1.10.2
[DEBUG] Dependency collection stats {ConflictMarker.analyzeTime=14400, ConflictMarker.markTime=13800, ConflictMarker.nodeCount=7, ConflictIdSorter.graphTime=6300, ConflictIdSorter.topsortTime=9600, ConflictIdSorter.conflictIdCount=5, ConflictIdSorter.conflictIdCycleCount=0, ConflictResolver.totalTime=69700, ConflictResolver.conflictItemCount=7, DfDependencyCollector.collectTime=2839000, DfDependencyCollector.transformTime=127000}
[DEBUG] Resolved artifact org.junit.platform:junit-platform-launcher:1.10.2 to [org.opentest4j:opentest4j:jar:1.3.0, org.junit.platform:junit-platform-launcher:jar:1.10.2, org.junit.platform:junit-platform-engine:jar:1.10.2, org.junit.platform:junit-platform-commons:jar:1.10.2, org.apiguardian:apiguardian-api:jar:1.1.2]
[DEBUG] test classpath:  D:\Z\backend\target\test-classes  D:\Z\backend\target\classes  C:\Users\Asus\.m2\repository\org\springframework\boot\spring-boot-starter-web\3.2.5\spring-boot-starter-web-3.2.5.jar  C:\Users\Asus\.m2\repository\org\springframework\boot\spring-boot-starter\3.2.5\spring-boot-starter-3.2.5.jar  C:\Users\Asus\.m2\repository\org\springframework\boot\spring-boot\3.2.5\spring-boot-3.2.5.jar  C:\Users\Asus\.m2\repository\org\springframework\boot\spring-boot-autoconfigure\3.2.5\spring-boot-autoconfigure-3.2.5.jar  C:\Users\Asus\.m2\repository\org\springframework\boot\spring-boot-starter-logging\3.2.5\spring-boot-starter-logging-3.2.5.jar  C:\Users\Asus\.m2\repository\ch\qos\logback\logback-classic\1.4.14\logback-classic-1.4.14.jar  C:\Users\Asus\.m2\repository\ch\qos\logback\logback-core\1.4.14\logback-core-1.4.14.jar  C:\Users\Asus\.m2\repository\org\apache\logging\log4j\log4j-to-slf4j\2.21.1\log4j-to-slf4j-2.21.1.jar  C:\Users\Asus\.m2\repository\org\apache\logging\log4j\log4j-api\2.21.1\log4j-api-2.21.1.jar  C:\Users\Asus\.m2\repository\org\slf4j\jul-to-slf4j\2.0.13\jul-to-slf4j-2.0.13.jar  C:\Users\Asus\.m2\repository\jakarta\annotation\jakarta.annotation-api\2.1.1\jakarta.annotation-api-2.1.1.jar  C:\Users\Asus\.m2\repository\org\yaml\snakeyaml\2.2\snakeyaml-2.2.jar  C:\Users\Asus\.m2\repository\org\springframework\boot\spring-boot-starter-json\3.2.5\spring-boot-starter-json-3.2.5.jar  C:\Users\Asus\.m2\repository\com\fasterxml\jackson\datatype\jackson-datatype-jdk8\2.15.4\jackson-datatype-jdk8-2.15.4.jar  C:\Users\Asus\.m2\repository\com\fasterxml\jackson\datatype\jackson-datatype-jsr310\2.15.4\jackson-datatype-jsr310-2.15.4.jar  C:\Users\Asus\.m2\repository\com\fasterxml\jackson\module\jackson-module-parameter-names\2.15.4\jackson-module-parameter-names-2.15.4.jar  C:\Users\Asus\.m2\repository\org\springframework\boot\spring-boot-starter-tomcat\3.2.5\spring-boot-starter-tomcat-3.2.5.jar  C:\Users\Asus\.m2\repository\org\apache\tomcat\embed\tomcat-embed-core\10.1.20\tomcat-embed-core-10.1.20.jar  C:\Users\Asus\.m2\repository\org\apache\tomcat\embed\tomcat-embed-websocket\10.1.20\tomcat-embed-websocket-10.1.20.jar  C:\Users\Asus\.m2\repository\org\springframework\spring-web\6.1.6\spring-web-6.1.6.jar  C:\Users\Asus\.m2\repository\org\springframework\spring-beans\6.1.6\spring-beans-6.1.6.jar  C:\Users\Asus\.m2\repository\io\micrometer\micrometer-observation\1.12.5\micrometer-observation-1.12.5.jar  C:\Users\Asus\.m2\repository\io\micrometer\micrometer-commons\1.12.5\micrometer-commons-1.12.5.jar  C:\Users\Asus\.m2\repository\org\springframework\spring-webmvc\6.1.6\spring-webmvc-6.1.6.jar  C:\Users\Asus\.m2\repository\org\springframework\spring-context\6.1.6\spring-context-6.1.6.jar  C:\Users\Asus\.m2\repository\org\springframework\spring-expression\6.1.6\spring-expression-6.1.6.jar  C:\Users\Asus\.m2\repository\org\springframework\boot\spring-boot-starter-data-jpa\3.2.5\spring-boot-starter-data-jpa-3.2.5.jar  C:\Users\Asus\.m2\repository\org\springframework\boot\spring-boot-starter-aop\3.2.5\spring-boot-starter-aop-3.2.5.jar  C:\Users\Asus\.m2\repository\org\aspectj\aspectjweaver\1.9.22\aspectjweaver-1.9.22.jar  C:\Users\Asus\.m2\repository\org\springframework\boot\spring-boot-starter-jdbc\3.2.5\spring-boot-starter-jdbc-3.2.5.jar  C:\Users\Asus\.m2\repository\com\zaxxer\HikariCP\5.0.1\HikariCP-5.0.1.jar  C:\Users\Asus\.m2\repository\org\springframework\spring-jdbc\6.1.6\spring-jdbc-6.1.6.jar  C:\Users\Asus\.m2\repository\org\hibernate\orm\hibernate-core\6.4.4.Final\hibernate-core-6.4.4.Final.jar  C:\Users\Asus\.m2\repository\jakarta\persistence\jakarta.persistence-api\3.1.0\jakarta.persistence-api-3.1.0.jar  C:\Users\Asus\.m2\repository\jakarta\transaction\jakarta.transaction-api\2.0.1\jakarta.transaction-api-2.0.1.jar  C:\Users\Asus\.m2\repository\org\jboss\logging\jboss-logging\3.5.3.Final\jboss-logging-3.5.3.Final.jar  C:\Users\Asus\.m2\repository\org\hibernate\common\hibernate-commons-annotations\6.0.6.Final\hibernate-commons-annotations-6.0.6.Final.jar  C:\Users\Asus\.m2\repository\io\smallrye\jandex\3.1.2\jandex-3.1.2.jar  C:\Users\Asus\.m2\repository\com\fasterxml\classmate\1.6.0\classmate-1.6.0.jar  C:\Users\Asus\.m2\repository\net\bytebuddy\byte-buddy\1.14.13\byte-buddy-1.14.13.jar  C:\Users\Asus\.m2\repository\org\glassfish\jaxb\jaxb-runtime\4.0.5\jaxb-runtime-4.0.5.jar  C:\Users\Asus\.m2\repository\org\glassfish\jaxb\jaxb-core\4.0.5\jaxb-core-4.0.5.jar  C:\Users\Asus\.m2\repository\org\eclipse\angus\angus-activation\2.0.2\angus-activation-2.0.2.jar  C:\Users\Asus\.m2\repository\org\glassfish\jaxb\txw2\4.0.5\txw2-4.0.5.jar  C:\Users\Asus\.m2\repository\com\sun\istack\istack-commons-runtime\4.1.2\istack-commons-runtime-4.1.2.jar  C:\Users\Asus\.m2\repository\jakarta\inject\jakarta.inject-api\2.0.1\jakarta.inject-api-2.0.1.jar  C:\Users\Asus\.m2\repository\org\antlr\antlr4-runtime\4.13.0\antlr4-runtime-4.13.0.jar  C:\Users\Asus\.m2\repository\org\springframework\data\spring-data-jpa\3.2.5\spring-data-jpa-3.2.5.jar  C:\Users\Asus\.m2\repository\org\springframework\data\spring-data-commons\3.2.5\spring-data-commons-3.2.5.jar  C:\Users\Asus\.m2\repository\org\springframework\spring-orm\6.1.6\spring-orm-6.1.6.jar  C:\Users\Asus\.m2\repository\org\springframework\spring-tx\6.1.6\spring-tx-6.1.6.jar  C:\Users\Asus\.m2\repository\org\slf4j\slf4j-api\2.0.13\slf4j-api-2.0.13.jar  C:\Users\Asus\.m2\repository\org\springframework\spring-aspects\6.1.6\spring-aspects-6.1.6.jar  C:\Users\Asus\.m2\repository\org\springframework\boot\spring-boot-starter-security\3.2.5\spring-boot-starter-security-3.2.5.jar  C:\Users\Asus\.m2\repository\org\springframework\spring-aop\6.1.6\spring-aop-6.1.6.jar  C:\Users\Asus\.m2\repository\org\springframework\security\spring-security-config\6.2.4\spring-security-config-6.2.4.jar  C:\Users\Asus\.m2\repository\org\springframework\security\spring-security-web\6.2.4\spring-security-web-6.2.4.jar  C:\Users\Asus\.m2\repository\org\springframework\boot\spring-boot-starter-validation\3.2.5\spring-boot-starter-validation-3.2.5.jar  C:\Users\Asus\.m2\repository\org\apache\tomcat\embed\tomcat-embed-el\10.1.20\tomcat-embed-el-10.1.20.jar  C:\Users\Asus\.m2\repository\org\hibernate\validator\hibernate-validator\8.0.1.Final\hibernate-validator-8.0.1.Final.jar  C:\Users\Asus\.m2\repository\jakarta\validation\jakarta.validation-api\3.0.2\jakarta.validation-api-3.0.2.jar  C:\Users\Asus\.m2\repository\org\springdoc\springdoc-openapi-starter-webmvc-ui\2.5.0\springdoc-openapi-starter-webmvc-ui-2.5.0.jar  C:\Users\Asus\.m2\repository\org\springdoc\springdoc-openapi-starter-webmvc-api\2.5.0\springdoc-openapi-starter-webmvc-api-2.5.0.jar  C:\Users\Asus\.m2\repository\org\springdoc\springdoc-openapi-starter-common\2.5.0\springdoc-openapi-starter-common-2.5.0.jar  C:\Users\Asus\.m2\repository\io\swagger\core\v3\swagger-core-jakarta\2.2.21\swagger-core-jakarta-2.2.21.jar  C:\Users\Asus\.m2\repository\org\apache\commons\commons-lang3\3.13.0\commons-lang3-3.13.0.jar  C:\Users\Asus\.m2\repository\io\swagger\core\v3\swagger-annotations-jakarta\2.2.21\swagger-annotations-jakarta-2.2.21.jar  C:\Users\Asus\.m2\repository\io\swagger\core\v3\swagger-models-jakarta\2.2.21\swagger-models-jakarta-2.2.21.jar  C:\Users\Asus\.m2\repository\com\fasterxml\jackson\dataformat\jackson-dataformat-yaml\2.15.4\jackson-dataformat-yaml-2.15.4.jar  C:\Users\Asus\.m2\repository\org\webjars\swagger-ui\5.13.0\swagger-ui-5.13.0.jar  C:\Users\Asus\.m2\repository\io\jsonwebtoken\jjwt-api\0.12.5\jjwt-api-0.12.5.jar  C:\Users\Asus\.m2\repository\io\jsonwebtoken\jjwt-impl\0.12.5\jjwt-impl-0.12.5.jar  C:\Users\Asus\.m2\repository\io\jsonwebtoken\jjwt-jackson\0.12.5\jjwt-jackson-0.12.5.jar  C:\Users\Asus\.m2\repository\com\fasterxml\jackson\core\jackson-databind\2.15.4\jackson-databind-2.15.4.jar  C:\Users\Asus\.m2\repository\com\fasterxml\jackson\core\jackson-annotations\2.15.4\jackson-annotations-2.15.4.jar  C:\Users\Asus\.m2\repository\com\fasterxml\jackson\core\jackson-core\2.15.4\jackson-core-2.15.4.jar  C:\Users\Asus\.m2\repository\org\postgresql\postgresql\42.6.2\postgresql-42.6.2.jar  C:\Users\Asus\.m2\repository\org\checkerframework\checker-qual\3.31.0\checker-qual-3.31.0.jar  C:\Users\Asus\.m2\repository\com\h2database\h2\2.2.224\h2-2.2.224.jar  C:\Users\Asus\.m2\repository\org\projectlombok\lombok\1.18.32\lombok-1.18.32.jar  C:\Users\Asus\.m2\repository\org\mapstruct\mapstruct\1.5.5.Final\mapstruct-1.5.5.Final.jar  C:\Users\Asus\.m2\repository\org\springframework\boot\spring-boot-starter-test\3.2.5\spring-boot-starter-test-3.2.5.jar  C:\Users\Asus\.m2\repository\org\springframework\boot\spring-boot-test\3.2.5\spring-boot-test-3.2.5.jar  C:\Users\Asus\.m2\repository\org\springframework\boot\spring-boot-test-autoconfigure\3.2.5\spring-boot-test-autoconfigure-3.2.5.jar  C:\Users\Asus\.m2\repository\com\jayway\jsonpath\json-path\2.9.0\json-path-2.9.0.jar  C:\Users\Asus\.m2\repository\jakarta\xml\bind\jakarta.xml.bind-api\4.0.2\jakarta.xml.bind-api-4.0.2.jar  C:\Users\Asus\.m2\repository\jakarta\activation\jakarta.activation-api\2.1.3\jakarta.activation-api-2.1.3.jar  C:\Users\Asus\.m2\repository\net\minidev\json-smart\2.5.1\json-smart-2.5.1.jar  C:\Users\Asus\.m2\repository\net\minidev\accessors-smart\2.5.1\accessors-smart-2.5.1.jar  C:\Users\Asus\.m2\repository\org\ow2\asm\asm\9.6\asm-9.6.jar  C:\Users\Asus\.m2\repository\org\assertj\assertj-core\3.24.2\assertj-core-3.24.2.jar  C:\Users\Asus\.m2\repository\org\awaitility\awaitility\4.2.1\awaitility-4.2.1.jar  C:\Users\Asus\.m2\repository\org\hamcrest\hamcrest\2.2\hamcrest-2.2.jar  C:\Users\Asus\.m2\repository\org\junit\jupiter\junit-jupiter\5.10.2\junit-jupiter-5.10.2.jar  C:\Users\Asus\.m2\repository\org\junit\jupiter\junit-jupiter-api\5.10.2\junit-jupiter-api-5.10.2.jar  C:\Users\Asus\.m2\repository\org\opentest4j\opentest4j\1.3.0\opentest4j-1.3.0.jar  C:\Users\Asus\.m2\repository\org\junit\platform\junit-platform-commons\1.10.2\junit-platform-commons-1.10.2.jar  C:\Users\Asus\.m2\repository\org\apiguardian\apiguardian-api\1.1.2\apiguardian-api-1.1.2.jar  C:\Users\Asus\.m2\repository\org\junit\jupiter\junit-jupiter-params\5.10.2\junit-jupiter-params-5.10.2.jar  C:\Users\Asus\.m2\repository\org\junit\jupiter\junit-jupiter-engine\5.10.2\junit-jupiter-engine-5.10.2.jar  C:\Users\Asus\.m2\repository\org\junit\platform\junit-platform-engine\1.10.2\junit-platform-engine-1.10.2.jar  C:\Users\Asus\.m2\repository\org\mockito\mockito-core\5.7.0\mockito-core-5.7.0.jar  C:\Users\Asus\.m2\repository\net\bytebuddy\byte-buddy-agent\1.14.13\byte-buddy-agent-1.14.13.jar  C:\Users\Asus\.m2\repository\org\objenesis\objenesis\3.3\objenesis-3.3.jar  C:\Users\Asus\.m2\repository\org\mockito\mockito-junit-jupiter\5.7.0\mockito-junit-jupiter-5.7.0.jar  C:\Users\Asus\.m2\repository\org\skyscreamer\jsonassert\1.5.1\jsonassert-1.5.1.jar  C:\Users\Asus\.m2\repository\com\vaadin\external\google\android-json\0.0.20131108.vaadin1\android-json-0.0.20131108.vaadin1.jar  C:\Users\Asus\.m2\repository\org\springframework\spring-core\6.1.6\spring-core-6.1.6.jar  C:\Users\Asus\.m2\repository\org\springframework\spring-jcl\6.1.6\spring-jcl-6.1.6.jar  C:\Users\Asus\.m2\repository\org\springframework\spring-test\6.1.6\spring-test-6.1.6.jar  C:\Users\Asus\.m2\repository\org\xmlunit\xmlunit-core\2.9.1\xmlunit-core-2.9.1.jar  C:\Users\Asus\.m2\repository\org\springframework\security\spring-security-test\6.2.4\spring-security-test-6.2.4.jar  C:\Users\Asus\.m2\repository\org\springframework\security\spring-security-core\6.2.4\spring-security-core-6.2.4.jar  C:\Users\Asus\.m2\repository\org\springframework\security\spring-security-crypto\6.2.4\spring-security-crypto-6.2.4.jar
[DEBUG] provider classpath:  C:\Users\Asus\.m2\repository\org\apache\maven\surefire\surefire-junit-platform\3.1.2\surefire-junit-platform-3.1.2.jar  C:\Users\Asus\.m2\repository\org\apache\maven\surefire\surefire-api\3.1.2\surefire-api-3.1.2.jar  C:\Users\Asus\.m2\repository\org\apache\maven\surefire\surefire-logger-api\3.1.2\surefire-logger-api-3.1.2.jar  C:\Users\Asus\.m2\repository\org\apache\maven\surefire\surefire-shared-utils\3.1.2\surefire-shared-utils-3.1.2.jar  C:\Users\Asus\.m2\repository\org\apache\maven\surefire\common-java5\3.1.2\common-java5-3.1.2.jar  C:\Users\Asus\.m2\repository\org\junit\platform\junit-platform-launcher\1.10.2\junit-platform-launcher-1.10.2.jar
[DEBUG] test(compact) classpath:  test-classes  classes  spring-boot-starter-web-3.2.5.jar  spring-boot-starter-3.2.5.jar  spring-boot-3.2.5.jar  spring-boot-autoconfigure-3.2.5.jar  spring-boot-starter-logging-3.2.5.jar  logback-classic-1.4.14.jar  logback-core-1.4.14.jar  log4j-to-slf4j-2.21.1.jar  log4j-api-2.21.1.jar  jul-to-slf4j-2.0.13.jar  jakarta.annotation-api-2.1.1.jar  snakeyaml-2.2.jar  spring-boot-starter-json-3.2.5.jar  jackson-datatype-jdk8-2.15.4.jar  jackson-datatype-jsr310-2.15.4.jar  jackson-module-parameter-names-2.15.4.jar  spring-boot-starter-tomcat-3.2.5.jar  tomcat-embed-core-10.1.20.jar  tomcat-embed-websocket-10.1.20.jar  spring-web-6.1.6.jar  spring-beans-6.1.6.jar  micrometer-observation-1.12.5.jar  micrometer-commons-1.12.5.jar  spring-webmvc-6.1.6.jar  spring-context-6.1.6.jar  spring-expression-6.1.6.jar  spring-boot-starter-data-jpa-3.2.5.jar  spring-boot-starter-aop-3.2.5.jar  aspectjweaver-1.9.22.jar  spring-boot-starter-jdbc-3.2.5.jar  HikariCP-5.0.1.jar  spring-jdbc-6.1.6.jar  hibernate-core-6.4.4.Final.jar  jakarta.persistence-api-3.1.0.jar  jakarta.transaction-api-2.0.1.jar  jboss-logging-3.5.3.Final.jar  hibernate-commons-annotations-6.0.6.Final.jar  jandex-3.1.2.jar  classmate-1.6.0.jar  byte-buddy-1.14.13.jar  jaxb-runtime-4.0.5.jar  jaxb-core-4.0.5.jar  angus-activation-2.0.2.jar  txw2-4.0.5.jar  istack-commons-runtime-4.1.2.jar  jakarta.inject-api-2.0.1.jar  antlr4-runtime-4.13.0.jar  spring-data-jpa-3.2.5.jar  spring-data-commons-3.2.5.jar  spring-orm-6.1.6.jar  spring-tx-6.1.6.jar  slf4j-api-2.0.13.jar  spring-aspects-6.1.6.jar  spring-boot-starter-security-3.2.5.jar  spring-aop-6.1.6.jar  spring-security-config-6.2.4.jar  spring-security-web-6.2.4.jar  spring-boot-starter-validation-3.2.5.jar  tomcat-embed-el-10.1.20.jar  hibernate-validator-8.0.1.Final.jar  jakarta.validation-api-3.0.2.jar  springdoc-openapi-starter-webmvc-ui-2.5.0.jar  springdoc-openapi-starter-webmvc-api-2.5.0.jar  springdoc-openapi-starter-common-2.5.0.jar  swagger-core-jakarta-2.2.21.jar  commons-lang3-3.13.0.jar  swagger-annotations-jakarta-2.2.21.jar  swagger-models-jakarta-2.2.21.jar  jackson-dataformat-yaml-2.15.4.jar  swagger-ui-5.13.0.jar  jjwt-api-0.12.5.jar  jjwt-impl-0.12.5.jar  jjwt-jackson-0.12.5.jar  jackson-databind-2.15.4.jar  jackson-annotations-2.15.4.jar  jackson-core-2.15.4.jar  postgresql-42.6.2.jar  checker-qual-3.31.0.jar  h2-2.2.224.jar  lombok-1.18.32.jar  mapstruct-1.5.5.Final.jar  spring-boot-starter-test-3.2.5.jar  spring-boot-test-3.2.5.jar  spring-boot-test-autoconfigure-3.2.5.jar  json-path-2.9.0.jar  jakarta.xml.bind-api-4.0.2.jar  jakarta.activation-api-2.1.3.jar  json-smart-2.5.1.jar  accessors-smart-2.5.1.jar  asm-9.6.jar  assertj-core-3.24.2.jar  awaitility-4.2.1.jar  hamcrest-2.2.jar  junit-jupiter-5.10.2.jar  junit-jupiter-api-5.10.2.jar  opentest4j-1.3.0.jar  junit-platform-commons-1.10.2.jar  apiguardian-api-1.1.2.jar  junit-jupiter-params-5.10.2.jar  junit-jupiter-engine-5.10.2.jar  junit-platform-engine-1.10.2.jar  mockito-core-5.7.0.jar  byte-buddy-agent-1.14.13.jar  objenesis-3.3.jar  mockito-junit-jupiter-5.7.0.jar  jsonassert-1.5.1.jar  android-json-0.0.20131108.vaadin1.jar  spring-core-6.1.6.jar  spring-jcl-6.1.6.jar  spring-test-6.1.6.jar  xmlunit-core-2.9.1.jar  spring-security-test-6.2.4.jar  spring-security-core-6.2.4.jar  spring-security-crypto-6.2.4.jar
[DEBUG] provider(compact) classpath:  surefire-junit-platform-3.1.2.jar  surefire-api-3.1.2.jar  surefire-logger-api-3.1.2.jar  surefire-shared-utils-3.1.2.jar  common-java5-3.1.2.jar  junit-platform-launcher-1.10.2.jar
[DEBUG] in-process classpath:  C:\Users\Asus\.m2\repository\org\apache\maven\surefire\surefire-junit-platform\3.1.2\surefire-junit-platform-3.1.2.jar  C:\Users\Asus\.m2\repository\org\apache\maven\surefire\surefire-api\3.1.2\surefire-api-3.1.2.jar  C:\Users\Asus\.m2\repository\org\apache\maven\surefire\surefire-logger-api\3.1.2\surefire-logger-api-3.1.2.jar  C:\Users\Asus\.m2\repository\org\apache\maven\surefire\surefire-shared-utils\3.1.2\surefire-shared-utils-3.1.2.jar  C:\Users\Asus\.m2\repository\org\apache\maven\surefire\common-java5\3.1.2\common-java5-3.1.2.jar  C:\Users\Asus\.m2\repository\org\junit\platform\junit-platform-launcher\1.10.2\junit-platform-launcher-1.10.2.jar  C:\Users\Asus\.m2\repository\org\apache\maven\surefire\maven-surefire-common\3.1.2\maven-surefire-common-3.1.2.jar  C:\Users\Asus\.m2\repository\org\apache\maven\surefire\surefire-booter\3.1.2\surefire-booter-3.1.2.jar  C:\Users\Asus\.m2\repository\org\apache\maven\surefire\surefire-extensions-api\3.1.2\surefire-extensions-api-3.1.2.jar  C:\Users\Asus\.m2\repository\org\apache\maven\surefire\surefire-extensions-spi\3.1.2\surefire-extensions-spi-3.1.2.jar
[DEBUG] in-process(compact) classpath:  surefire-junit-platform-3.1.2.jar  surefire-api-3.1.2.jar  surefire-logger-api-3.1.2.jar  surefire-shared-utils-3.1.2.jar  common-java5-3.1.2.jar  junit-platform-launcher-1.10.2.jar  maven-surefire-common-3.1.2.jar  surefire-booter-3.1.2.jar  surefire-extensions-api-3.1.2.jar  surefire-extensions-spi-3.1.2.jar
[INFO] 
[INFO] -------------------------------------------------------
[INFO]  T E S T S
[INFO] -------------------------------------------------------
[DEBUG] Determined Maven Process ID 24680
[DEBUG] Fork Channel [1] connection string 'pipe://1' for the implementation class org.apache.maven.plugin.surefire.extensions.LegacyForkChannel
[DEBUG] boot classpath:  C:\Users\Asus\.m2\repository\org\apache\maven\surefire\surefire-api\3.1.2\surefire-api-3.1.2.jar  C:\Users\Asus\.m2\repository\org\apache\maven\surefire\surefire-booter\3.1.2\surefire-booter-3.1.2.jar  C:\Users\Asus\.m2\repository\org\apache\maven\surefire\surefire-extensions-spi\3.1.2\surefire-extensions-spi-3.1.2.jar  C:\Users\Asus\.m2\repository\org\apache\maven\surefire\surefire-logger-api\3.1.2\surefire-logger-api-3.1.2.jar  C:\Users\Asus\.m2\repository\org\apache\maven\surefire\surefire-shared-utils\3.1.2\surefire-shared-utils-3.1.2.jar  D:\Z\backend\target\test-classes  D:\Z\backend\target\classes  C:\Users\Asus\.m2\repository\org\springframework\boot\spring-boot-starter-web\3.2.5\spring-boot-starter-web-3.2.5.jar  C:\Users\Asus\.m2\repository\org\springframework\boot\spring-boot-starter\3.2.5\spring-boot-starter-3.2.5.jar  C:\Users\Asus\.m2\repository\org\springframework\boot\spring-boot\3.2.5\spring-boot-3.2.5.jar  C:\Users\Asus\.m2\repository\org\springframework\boot\spring-boot-autoconfigure\3.2.5\spring-boot-autoconfigure-3.2.5.jar  C:\Users\Asus\.m2\repository\org\springframework\boot\spring-boot-starter-logging\3.2.5\spring-boot-starter-logging-3.2.5.jar  C:\Users\Asus\.m2\repository\ch\qos\logback\logback-classic\1.4.14\logback-classic-1.4.14.jar  C:\Users\Asus\.m2\repository\ch\qos\logback\logback-core\1.4.14\logback-core-1.4.14.jar  C:\Users\Asus\.m2\repository\org\apache\logging\log4j\log4j-to-slf4j\2.21.1\log4j-to-slf4j-2.21.1.jar  C:\Users\Asus\.m2\repository\org\apache\logging\log4j\log4j-api\2.21.1\log4j-api-2.21.1.jar  C:\Users\Asus\.m2\repository\org\slf4j\jul-to-slf4j\2.0.13\jul-to-slf4j-2.0.13.jar  C:\Users\Asus\.m2\repository\jakarta\annotation\jakarta.annotation-api\2.1.1\jakarta.annotation-api-2.1.1.jar  C:\Users\Asus\.m2\repository\org\yaml\snakeyaml\2.2\snakeyaml-2.2.jar  C:\Users\Asus\.m2\repository\org\springframework\boot\spring-boot-starter-json\3.2.5\spring-boot-starter-json-3.2.5.jar  C:\Users\Asus\.m2\repository\com\fasterxml\jackson\datatype\jackson-datatype-jdk8\2.15.4\jackson-datatype-jdk8-2.15.4.jar  C:\Users\Asus\.m2\repository\com\fasterxml\jackson\datatype\jackson-datatype-jsr310\2.15.4\jackson-datatype-jsr310-2.15.4.jar  C:\Users\Asus\.m2\repository\com\fasterxml\jackson\module\jackson-module-parameter-names\2.15.4\jackson-module-parameter-names-2.15.4.jar  C:\Users\Asus\.m2\repository\org\springframework\boot\spring-boot-starter-tomcat\3.2.5\spring-boot-starter-tomcat-3.2.5.jar  C:\Users\Asus\.m2\repository\org\apache\tomcat\embed\tomcat-embed-core\10.1.20\tomcat-embed-core-10.1.20.jar  C:\Users\Asus\.m2\repository\org\apache\tomcat\embed\tomcat-embed-websocket\10.1.20\tomcat-embed-websocket-10.1.20.jar  C:\Users\Asus\.m2\repository\org\springframework\spring-web\6.1.6\spring-web-6.1.6.jar  C:\Users\Asus\.m2\repository\org\springframework\spring-beans\6.1.6\spring-beans-6.1.6.jar  C:\Users\Asus\.m2\repository\io\micrometer\micrometer-observation\1.12.5\micrometer-observation-1.12.5.jar  C:\Users\Asus\.m2\repository\io\micrometer\micrometer-commons\1.12.5\micrometer-commons-1.12.5.jar  C:\Users\Asus\.m2\repository\org\springframework\spring-webmvc\6.1.6\spring-webmvc-6.1.6.jar  C:\Users\Asus\.m2\repository\org\springframework\spring-context\6.1.6\spring-context-6.1.6.jar  C:\Users\Asus\.m2\repository\org\springframework\spring-expression\6.1.6\spring-expression-6.1.6.jar  C:\Users\Asus\.m2\repository\org\springframework\boot\spring-boot-starter-data-jpa\3.2.5\spring-boot-starter-data-jpa-3.2.5.jar  C:\Users\Asus\.m2\repository\org\springframework\boot\spring-boot-starter-aop\3.2.5\spring-boot-starter-aop-3.2.5.jar  C:\Users\Asus\.m2\repository\org\aspectj\aspectjweaver\1.9.22\aspectjweaver-1.9.22.jar  C:\Users\Asus\.m2\repository\org\springframework\boot\spring-boot-starter-jdbc\3.2.5\spring-boot-starter-jdbc-3.2.5.jar  C:\Users\Asus\.m2\repository\com\zaxxer\HikariCP\5.0.1\HikariCP-5.0.1.jar  C:\Users\Asus\.m2\repository\org\springframework\spring-jdbc\6.1.6\spring-jdbc-6.1.6.jar  C:\Users\Asus\.m2\repository\org\hibernate\orm\hibernate-core\6.4.4.Final\hibernate-core-6.4.4.Final.jar  C:\Users\Asus\.m2\repository\jakarta\persistence\jakarta.persistence-api\3.1.0\jakarta.persistence-api-3.1.0.jar  C:\Users\Asus\.m2\repository\jakarta\transaction\jakarta.transaction-api\2.0.1\jakarta.transaction-api-2.0.1.jar  C:\Users\Asus\.m2\repository\org\jboss\logging\jboss-logging\3.5.3.Final\jboss-logging-3.5.3.Final.jar  C:\Users\Asus\.m2\repository\org\hibernate\common\hibernate-commons-annotations\6.0.6.Final\hibernate-commons-annotations-6.0.6.Final.jar  C:\Users\Asus\.m2\repository\io\smallrye\jandex\3.1.2\jandex-3.1.2.jar  C:\Users\Asus\.m2\repository\com\fasterxml\classmate\1.6.0\classmate-1.6.0.jar  C:\Users\Asus\.m2\repository\net\bytebuddy\byte-buddy\1.14.13\byte-buddy-1.14.13.jar  C:\Users\Asus\.m2\repository\org\glassfish\jaxb\jaxb-runtime\4.0.5\jaxb-runtime-4.0.5.jar  C:\Users\Asus\.m2\repository\org\glassfish\jaxb\jaxb-core\4.0.5\jaxb-core-4.0.5.jar  C:\Users\Asus\.m2\repository\org\eclipse\angus\angus-activation\2.0.2\angus-activation-2.0.2.jar  C:\Users\Asus\.m2\repository\org\glassfish\jaxb\txw2\4.0.5\txw2-4.0.5.jar  C:\Users\Asus\.m2\repository\com\sun\istack\istack-commons-runtime\4.1.2\istack-commons-runtime-4.1.2.jar  C:\Users\Asus\.m2\repository\jakarta\inject\jakarta.inject-api\2.0.1\jakarta.inject-api-2.0.1.jar  C:\Users\Asus\.m2\repository\org\antlr\antlr4-runtime\4.13.0\antlr4-runtime-4.13.0.jar  C:\Users\Asus\.m2\repository\org\springframework\data\spring-data-jpa\3.2.5\spring-data-jpa-3.2.5.jar  C:\Users\Asus\.m2\repository\org\springframework\data\spring-data-commons\3.2.5\spring-data-commons-3.2.5.jar  C:\Users\Asus\.m2\repository\org\springframework\spring-orm\6.1.6\spring-orm-6.1.6.jar  C:\Users\Asus\.m2\repository\org\springframework\spring-tx\6.1.6\spring-tx-6.1.6.jar  C:\Users\Asus\.m2\repository\org\slf4j\slf4j-api\2.0.13\slf4j-api-2.0.13.jar  C:\Users\Asus\.m2\repository\org\springframework\spring-aspects\6.1.6\spring-aspects-6.1.6.jar  C:\Users\Asus\.m2\repository\org\springframework\boot\spring-boot-starter-security\3.2.5\spring-boot-starter-security-3.2.5.jar  C:\Users\Asus\.m2\repository\org\springframework\spring-aop\6.1.6\spring-aop-6.1.6.jar  C:\Users\Asus\.m2\repository\org\springframework\security\spring-security-config\6.2.4\spring-security-config-6.2.4.jar  C:\Users\Asus\.m2\repository\org\springframework\security\spring-security-web\6.2.4\spring-security-web-6.2.4.jar  C:\Users\Asus\.m2\repository\org\springframework\boot\spring-boot-starter-validation\3.2.5\spring-boot-starter-validation-3.2.5.jar  C:\Users\Asus\.m2\repository\org\apache\tomcat\embed\tomcat-embed-el\10.1.20\tomcat-embed-el-10.1.20.jar  C:\Users\Asus\.m2\repository\org\hibernate\validator\hibernate-validator\8.0.1.Final\hibernate-validator-8.0.1.Final.jar  C:\Users\Asus\.m2\repository\jakarta\validation\jakarta.validation-api\3.0.2\jakarta.validation-api-3.0.2.jar  C:\Users\Asus\.m2\repository\org\springdoc\springdoc-openapi-starter-webmvc-ui\2.5.0\springdoc-openapi-starter-webmvc-ui-2.5.0.jar  C:\Users\Asus\.m2\repository\org\springdoc\springdoc-openapi-starter-webmvc-api\2.5.0\springdoc-openapi-starter-webmvc-api-2.5.0.jar  C:\Users\Asus\.m2\repository\org\springdoc\springdoc-openapi-starter-common\2.5.0\springdoc-openapi-starter-common-2.5.0.jar  C:\Users\Asus\.m2\repository\io\swagger\core\v3\swagger-core-jakarta\2.2.21\swagger-core-jakarta-2.2.21.jar  C:\Users\Asus\.m2\repository\org\apache\commons\commons-lang3\3.13.0\commons-lang3-3.13.0.jar  C:\Users\Asus\.m2\repository\io\swagger\core\v3\swagger-annotations-jakarta\2.2.21\swagger-annotations-jakarta-2.2.21.jar  C:\Users\Asus\.m2\repository\io\swagger\core\v3\swagger-models-jakarta\2.2.21\swagger-models-jakarta-2.2.21.jar  C:\Users\Asus\.m2\repository\com\fasterxml\jackson\dataformat\jackson-dataformat-yaml\2.15.4\jackson-dataformat-yaml-2.15.4.jar  C:\Users\Asus\.m2\repository\org\webjars\swagger-ui\5.13.0\swagger-ui-5.13.0.jar  C:\Users\Asus\.m2\repository\io\jsonwebtoken\jjwt-api\0.12.5\jjwt-api-0.12.5.jar  C:\Users\Asus\.m2\repository\io\jsonwebtoken\jjwt-impl\0.12.5\jjwt-impl-0.12.5.jar  C:\Users\Asus\.m2\repository\io\jsonwebtoken\jjwt-jackson\0.12.5\jjwt-jackson-0.12.5.jar  C:\Users\Asus\.m2\repository\com\fasterxml\jackson\core\jackson-databind\2.15.4\jackson-databind-2.15.4.jar  C:\Users\Asus\.m2\repository\com\fasterxml\jackson\core\jackson-annotations\2.15.4\jackson-annotations-2.15.4.jar  C:\Users\Asus\.m2\repository\com\fasterxml\jackson\core\jackson-core\2.15.4\jackson-core-2.15.4.jar  C:\Users\Asus\.m2\repository\org\postgresql\postgresql\42.6.2\postgresql-42.6.2.jar  C:\Users\Asus\.m2\repository\org\checkerframework\checker-qual\3.31.0\checker-qual-3.31.0.jar  C:\Users\Asus\.m2\repository\com\h2database\h2\2.2.224\h2-2.2.224.jar  C:\Users\Asus\.m2\repository\org\projectlombok\lombok\1.18.32\lombok-1.18.32.jar  C:\Users\Asus\.m2\repository\org\mapstruct\mapstruct\1.5.5.Final\mapstruct-1.5.5.Final.jar  C:\Users\Asus\.m2\repository\org\springframework\boot\spring-boot-starter-test\3.2.5\spring-boot-starter-test-3.2.5.jar  C:\Users\Asus\.m2\repository\org\springframework\boot\spring-boot-test\3.2.5\spring-boot-test-3.2.5.jar  C:\Users\Asus\.m2\repository\org\springframework\boot\spring-boot-test-autoconfigure\3.2.5\spring-boot-test-autoconfigure-3.2.5.jar  C:\Users\Asus\.m2\repository\com\jayway\jsonpath\json-path\2.9.0\json-path-2.9.0.jar  C:\Users\Asus\.m2\repository\jakarta\xml\bind\jakarta.xml.bind-api\4.0.2\jakarta.xml.bind-api-4.0.2.jar  C:\Users\Asus\.m2\repository\jakarta\activation\jakarta.activation-api\2.1.3\jakarta.activation-api-2.1.3.jar  C:\Users\Asus\.m2\repository\net\minidev\json-smart\2.5.1\json-smart-2.5.1.jar  C:\Users\Asus\.m2\repository\net\minidev\accessors-smart\2.5.1\accessors-smart-2.5.1.jar  C:\Users\Asus\.m2\repository\org\ow2\asm\asm\9.6\asm-9.6.jar  C:\Users\Asus\.m2\repository\org\assertj\assertj-core\3.24.2\assertj-core-3.24.2.jar  C:\Users\Asus\.m2\repository\org\awaitility\awaitility\4.2.1\awaitility-4.2.1.jar  C:\Users\Asus\.m2\repository\org\hamcrest\hamcrest\2.2\hamcrest-2.2.jar  C:\Users\Asus\.m2\repository\org\junit\jupiter\junit-jupiter\5.10.2\junit-jupiter-5.10.2.jar  C:\Users\Asus\.m2\repository\org\junit\jupiter\junit-jupiter-api\5.10.2\junit-jupiter-api-5.10.2.jar  C:\Users\Asus\.m2\repository\org\opentest4j\opentest4j\1.3.0\opentest4j-1.3.0.jar  C:\Users\Asus\.m2\repository\org\junit\platform\junit-platform-commons\1.10.2\junit-platform-commons-1.10.2.jar  C:\Users\Asus\.m2\repository\org\apiguardian\apiguardian-api\1.1.2\apiguardian-api-1.1.2.jar  C:\Users\Asus\.m2\repository\org\junit\jupiter\junit-jupiter-params\5.10.2\junit-jupiter-params-5.10.2.jar  C:\Users\Asus\.m2\repository\org\junit\jupiter\junit-jupiter-engine\5.10.2\junit-jupiter-engine-5.10.2.jar  C:\Users\Asus\.m2\repository\org\junit\platform\junit-platform-engine\1.10.2\junit-platform-engine-1.10.2.jar  C:\Users\Asus\.m2\repository\org\mockito\mockito-core\5.7.0\mockito-core-5.7.0.jar  C:\Users\Asus\.m2\repository\net\bytebuddy\byte-buddy-agent\1.14.13\byte-buddy-agent-1.14.13.jar  C:\Users\Asus\.m2\repository\org\objenesis\objenesis\3.3\objenesis-3.3.jar  C:\Users\Asus\.m2\repository\org\mockito\mockito-junit-jupiter\5.7.0\mockito-junit-jupiter-5.7.0.jar  C:\Users\Asus\.m2\repository\org\skyscreamer\jsonassert\1.5.1\jsonassert-1.5.1.jar  C:\Users\Asus\.m2\repository\com\vaadin\external\google\android-json\0.0.20131108.vaadin1\android-json-0.0.20131108.vaadin1.jar  C:\Users\Asus\.m2\repository\org\springframework\spring-core\6.1.6\spring-core-6.1.6.jar  C:\Users\Asus\.m2\repository\org\springframework\spring-jcl\6.1.6\spring-jcl-6.1.6.jar  C:\Users\Asus\.m2\repository\org\springframework\spring-test\6.1.6\spring-test-6.1.6.jar  C:\Users\Asus\.m2\repository\org\xmlunit\xmlunit-core\2.9.1\xmlunit-core-2.9.1.jar  C:\Users\Asus\.m2\repository\org\springframework\security\spring-security-test\6.2.4\spring-security-test-6.2.4.jar  C:\Users\Asus\.m2\repository\org\springframework\security\spring-security-core\6.2.4\spring-security-core-6.2.4.jar  C:\Users\Asus\.m2\repository\org\springframework\security\spring-security-crypto\6.2.4\spring-security-crypto-6.2.4.jar  C:\Users\Asus\.m2\repository\org\apache\maven\surefire\surefire-junit-platform\3.1.2\surefire-junit-platform-3.1.2.jar  C:\Users\Asus\.m2\repository\org\apache\maven\surefire\common-java5\3.1.2\common-java5-3.1.2.jar  C:\Users\Asus\.m2\repository\org\junit\platform\junit-platform-launcher\1.10.2\junit-platform-launcher-1.10.2.jar
[DEBUG] boot(compact) classpath:  surefire-api-3.1.2.jar  surefire-booter-3.1.2.jar  surefire-extensions-spi-3.1.2.jar  surefire-logger-api-3.1.2.jar  surefire-shared-utils-3.1.2.jar  test-classes  classes  spring-boot-starter-web-3.2.5.jar  spring-boot-starter-3.2.5.jar  spring-boot-3.2.5.jar  spring-boot-autoconfigure-3.2.5.jar  spring-boot-starter-logging-3.2.5.jar  logback-classic-1.4.14.jar  logback-core-1.4.14.jar  log4j-to-slf4j-2.21.1.jar  log4j-api-2.21.1.jar  jul-to-slf4j-2.0.13.jar  jakarta.annotation-api-2.1.1.jar  snakeyaml-2.2.jar  spring-boot-starter-json-3.2.5.jar  jackson-datatype-jdk8-2.15.4.jar  jackson-datatype-jsr310-2.15.4.jar  jackson-module-parameter-names-2.15.4.jar  spring-boot-starter-tomcat-3.2.5.jar  tomcat-embed-core-10.1.20.jar  tomcat-embed-websocket-10.1.20.jar  spring-web-6.1.6.jar  spring-beans-6.1.6.jar  micrometer-observation-1.12.5.jar  micrometer-commons-1.12.5.jar  spring-webmvc-6.1.6.jar  spring-context-6.1.6.jar  spring-expression-6.1.6.jar  spring-boot-starter-data-jpa-3.2.5.jar  spring-boot-starter-aop-3.2.5.jar  aspectjweaver-1.9.22.jar  spring-boot-starter-jdbc-3.2.5.jar  HikariCP-5.0.1.jar  spring-jdbc-6.1.6.jar  hibernate-core-6.4.4.Final.jar  jakarta.persistence-api-3.1.0.jar  jakarta.transaction-api-2.0.1.jar  jboss-logging-3.5.3.Final.jar  hibernate-commons-annotations-6.0.6.Final.jar  jandex-3.1.2.jar  classmate-1.6.0.jar  byte-buddy-1.14.13.jar  jaxb-runtime-4.0.5.jar  jaxb-core-4.0.5.jar  angus-activation-2.0.2.jar  txw2-4.0.5.jar  istack-commons-runtime-4.1.2.jar  jakarta.inject-api-2.0.1.jar  antlr4-runtime-4.13.0.jar  spring-data-jpa-3.2.5.jar  spring-data-commons-3.2.5.jar  spring-orm-6.1.6.jar  spring-tx-6.1.6.jar  slf4j-api-2.0.13.jar  spring-aspects-6.1.6.jar  spring-boot-starter-security-3.2.5.jar  spring-aop-6.1.6.jar  spring-security-config-6.2.4.jar  spring-security-web-6.2.4.jar  spring-boot-starter-validation-3.2.5.jar  tomcat-embed-el-10.1.20.jar  hibernate-validator-8.0.1.Final.jar  jakarta.validation-api-3.0.2.jar  springdoc-openapi-starter-webmvc-ui-2.5.0.jar  springdoc-openapi-starter-webmvc-api-2.5.0.jar  springdoc-openapi-starter-common-2.5.0.jar  swagger-core-jakarta-2.2.21.jar  commons-lang3-3.13.0.jar  swagger-annotations-jakarta-2.2.21.jar  swagger-models-jakarta-2.2.21.jar  jackson-dataformat-yaml-2.15.4.jar  swagger-ui-5.13.0.jar  jjwt-api-0.12.5.jar  jjwt-impl-0.12.5.jar  jjwt-jackson-0.12.5.jar  jackson-databind-2.15.4.jar  jackson-annotations-2.15.4.jar  jackson-core-2.15.4.jar  postgresql-42.6.2.jar  checker-qual-3.31.0.jar  h2-2.2.224.jar  lombok-1.18.32.jar  mapstruct-1.5.5.Final.jar  spring-boot-starter-test-3.2.5.jar  spring-boot-test-3.2.5.jar  spring-boot-test-autoconfigure-3.2.5.jar  json-path-2.9.0.jar  jakarta.xml.bind-api-4.0.2.jar  jakarta.activation-api-2.1.3.jar  json-smart-2.5.1.jar  accessors-smart-2.5.1.jar  asm-9.6.jar  assertj-core-3.24.2.jar  awaitility-4.2.1.jar  hamcrest-2.2.jar  junit-jupiter-5.10.2.jar  junit-jupiter-api-5.10.2.jar  opentest4j-1.3.0.jar  junit-platform-commons-1.10.2.jar  apiguardian-api-1.1.2.jar  junit-jupiter-params-5.10.2.jar  junit-jupiter-engine-5.10.2.jar  junit-platform-engine-1.10.2.jar  mockito-core-5.7.0.jar  byte-buddy-agent-1.14.13.jar  objenesis-3.3.jar  mockito-junit-jupiter-5.7.0.jar  jsonassert-1.5.1.jar  android-json-0.0.20131108.vaadin1.jar  spring-core-6.1.6.jar  spring-jcl-6.1.6.jar  spring-test-6.1.6.jar  xmlunit-core-2.9.1.jar  spring-security-test-6.2.4.jar  spring-security-core-6.2.4.jar  spring-security-crypto-6.2.4.jar  surefire-junit-platform-3.1.2.jar  common-java5-3.1.2.jar  junit-platform-launcher-1.10.2.jar
[DEBUG] Forking command line: cmd.exe /X /C ""C:\Program Files\Java\jdk-23\bin\java" -jar C:\Users\Asus\AppData\Local\Temp\surefire12417074448068163604\surefirebooter-20260405112316181_3.jar C:\Users\Asus\AppData\Local\Temp\surefire12417074448068163604 2026-04-05T11-23-16_051-jvmRun1 surefire-20260405112316181_1tmp surefire_0-20260405112316181_2tmp"
[DEBUG] Fork Channel [1] connected to the client.
[INFO] Running com.financeboard.controller.AuthIntegrationTest
11:23:17.010 [main] INFO org.springframework.test.context.support.AnnotationConfigContextLoaderUtils -- Could not detect default configuration classes for test class [com.financeboard.controller.AuthIntegrationTest]: AuthIntegrationTest does not declare any static, non-private, non-final, nested classes annotated with @Configuration.
11:23:17.136 [main] INFO org.springframework.boot.test.context.SpringBootTestContextBootstrapper -- Found @SpringBootConfiguration com.financeboard.FinanceBoardApplication for test class com.financeboard.controller.AuthIntegrationTest
[INFO] Running com.financeboard.controller.AuthIntegrationTest$PublicEndpoints
11:23:17.220 [main] INFO org.springframework.test.context.support.AnnotationConfigContextLoaderUtils -- Could not detect default configuration classes for test class [com.financeboard.controller.AuthIntegrationTest$PublicEndpoints]: PublicEndpoints does not declare any static, non-private, non-final, nested classes annotated with @Configuration.
11:23:17.223 [main] INFO org.springframework.boot.test.context.SpringBootTestContextBootstrapper -- Found @SpringBootConfiguration com.financeboard.FinanceBoardApplication for test class com.financeboard.controller.AuthIntegrationTest$PublicEndpoints

  .   ____          _            __ _ _
 /\\ / ___'_ __ _ _(_)_ __  __ _ \ \ \ \
( ( )\___ | '_ | '_| | '_ \/ _` | \ \ \ \
 \\/  ___)| |_)| | | | | || (_| |  ) ) ) )
  '  |____| .__|_| |_|_| |_\__, | / / / /
 =========|_|==============|___/=/_/_/_/
 :: Spring Boot ::                (v3.2.5)

2026-04-05T11:23:17.505+05:30  INFO 25364 --- [financeboard-api] [           main] c.f.controller.AuthIntegrationTest       : Starting AuthIntegrationTest using Java 23.0.1 with PID 25364 (started by Priyanshu in D:\Z\backend)
2026-04-05T11:23:17.506+05:30 DEBUG 25364 --- [financeboard-api] [           main] c.f.controller.AuthIntegrationTest       : Running with Spring Boot v3.2.5, Spring v6.1.6
2026-04-05T11:23:17.507+05:30  INFO 25364 --- [financeboard-api] [           main] c.f.controller.AuthIntegrationTest       : The following 1 profile is active: "dev"
2026-04-05T11:23:18.329+05:30  INFO 25364 --- [financeboard-api] [           main] .s.d.r.c.RepositoryConfigurationDelegate : Bootstrapping Spring Data JPA repositories in DEFAULT mode.
2026-04-05T11:23:18.384+05:30  INFO 25364 --- [financeboard-api] [           main] .s.d.r.c.RepositoryConfigurationDelegate : Finished Spring Data repository scanning in 48 ms. Found 2 JPA repository interfaces.
2026-04-05T11:23:19.058+05:30  INFO 25364 --- [financeboard-api] [           main] o.hibernate.jpa.internal.util.LogHelper  : HHH000204: Processing PersistenceUnitInfo [name: default]
2026-04-05T11:23:19.233+05:30  INFO 25364 --- [financeboard-api] [           main] org.hibernate.Version                    : HHH000412: Hibernate ORM core version 6.4.4.Final
2026-04-05T11:23:19.266+05:30  INFO 25364 --- [financeboard-api] [           main] o.h.c.internal.RegionFactoryInitiator    : HHH000026: Second-level cache disabled
2026-04-05T11:23:19.515+05:30  INFO 25364 --- [financeboard-api] [           main] o.s.o.j.p.SpringPersistenceUnitInfo      : No LoadTimeWeaver setup: ignoring JPA class transformer
2026-04-05T11:23:19.539+05:30  INFO 25364 --- [financeboard-api] [           main] com.zaxxer.hikari.HikariDataSource       : HikariPool-1 - Starting...
2026-04-05T11:23:19.653+05:30  INFO 25364 --- [financeboard-api] [           main] com.zaxxer.hikari.pool.HikariPool        : HikariPool-1 - Added connection conn0: url=jdbc:h2:mem:financeboard user=SA
2026-04-05T11:23:19.655+05:30  INFO 25364 --- [financeboard-api] [           main] com.zaxxer.hikari.HikariDataSource       : HikariPool-1 - Start completed.
2026-04-05T11:23:19.669+05:30  WARN 25364 --- [financeboard-api] [           main] org.hibernate.orm.deprecation            : HHH90000025: H2Dialect does not need to be specified explicitly using 'hibernate.dialect' (remove the property setting and it will be selected by default)
2026-04-05T11:23:20.264+05:30  INFO 25364 --- [financeboard-api] [           main] o.h.e.t.j.p.i.JtaPlatformInitiator       : HHH000489: No JTA platform available (set 'hibernate.transaction.jta.platform' to enable JTA platform integration)
Hibernate: 
    drop table if exists financial_records cascade 
Hibernate: 
    drop table if exists users cascade 
Hibernate: 
    create table financial_records (
        amount numeric(15,2) not null,
        date date not null,
        created_at timestamp(6),
        deleted_at timestamp(6),
        updated_at timestamp(6),
        created_by uuid not null,
        id uuid not null,
        category varchar(50) not null,
        notes varchar(255),
        type varchar(255) not null check (type in ('INCOME','EXPENSE')),
        primary key (id)
    )
Hibernate: 
    create table users (
        created_at timestamp(6),
        updated_at timestamp(6),
        id uuid not null,
        name varchar(50) not null,
        email varchar(255) not null unique,
        password varchar(255) not null,
        role varchar(255) not null check (role in ('ADMIN','ANALYST','VIEWER')),
        status varchar(255) not null check (status in ('ACTIVE','INACTIVE')),
        primary key (id)
    )
Hibernate: 
    create index idx_record_type 
       on financial_records (type)
Hibernate: 
    create index idx_record_category 
       on financial_records (category)
Hibernate: 
    create index idx_record_date 
       on financial_records (date)
Hibernate: 
    create index idx_record_created_by 
       on financial_records (created_by)
Hibernate: 
    create index idx_record_deleted_at 
       on financial_records (deleted_at)
Hibernate: 
    create index idx_user_role 
       on users (role)
Hibernate: 
    create index idx_user_status 
       on users (status)
Hibernate: 
    alter table if exists financial_records 
       add constraint FK3iiyhh031thqq7e200pa1gohq 
       foreign key (created_by) 
       references users
2026-04-05T11:23:20.310+05:30  INFO 25364 --- [financeboard-api] [           main] j.LocalContainerEntityManagerFactoryBean : Initialized JPA EntityManagerFactory for persistence unit 'default'
2026-04-05T11:23:20.972+05:30  INFO 25364 --- [financeboard-api] [           main] o.s.d.j.r.query.QueryEnhancerFactory     : Hibernate is in classpath; If applicable, HQL parser will be used.
2026-04-05T11:23:22.489+05:30  WARN 25364 --- [financeboard-api] [           main] JpaBaseConfiguration$JpaWebConfiguration : spring.jpa.open-in-view is enabled by default. Therefore, database queries may be performed during view rendering. Explicitly configure spring.jpa.open-in-view to disable this warning
2026-04-05T11:23:22.886+05:30  INFO 25364 --- [financeboard-api] [           main] o.s.s.web.DefaultSecurityFilterChain     : Will secure any request with [org.springframework.security.web.session.DisableEncodeUrlFilter@1966ec08, org.springframework.security.web.context.request.async.WebAsyncManagerIntegrationFilter@5a178d0e, org.springframework.security.web.context.SecurityContextHolderFilter@11483b6f, org.springframework.security.web.header.HeaderWriterFilter@4913778f, org.springframework.web.filter.CorsFilter@46e052e5, org.springframework.security.web.authentication.logout.LogoutFilter@2762e667, com.financeboard.security.JwtFilter@20309fde, org.springframework.security.web.savedrequest.RequestCacheAwareFilter@555bb408, org.springframework.security.web.servletapi.SecurityContextHolderAwareRequestFilter@4c1c9116, org.springframework.security.web.authentication.AnonymousAuthenticationFilter@cc7eeb1, org.springframework.security.web.session.SessionManagementFilter@67b9b79c, org.springframework.security.web.access.ExceptionTranslationFilter@738f6e44, org.springframework.security.web.access.intercept.AuthorizationFilter@6bb500fa]
2026-04-05T11:23:23.256+05:30  INFO 25364 --- [financeboard-api] [           main] o.s.b.a.h2.H2ConsoleAutoConfiguration    : H2 console available at '/h2-console'. Database available at 'jdbc:h2:mem:financeboard'
2026-04-05T11:23:23.331+05:30 DEBUG 25364 --- [financeboard-api] [           main] com.financeboard.security.JwtFilter      : Filter 'jwtFilter' configured for use
2026-04-05T11:23:23.332+05:30  INFO 25364 --- [financeboard-api] [           main] o.s.b.t.m.w.SpringBootMockServletContext : Initializing Spring TestDispatcherServlet ''
2026-04-05T11:23:23.332+05:30  INFO 25364 --- [financeboard-api] [           main] o.s.t.web.servlet.TestDispatcherServlet  : Initializing Servlet ''
2026-04-05T11:23:23.333+05:30  INFO 25364 --- [financeboard-api] [           main] o.s.t.web.servlet.TestDispatcherServlet  : Completed initialization in 1 ms
2026-04-05T11:23:23.356+05:30  INFO 25364 --- [financeboard-api] [           main] c.f.controller.AuthIntegrationTest       : Started AuthIntegrationTest in 6.11 seconds (process running for 6.986)
Hibernate: 
    select
        count(*) 
    from
        users u1_0
2026-04-05T11:23:23.411+05:30  INFO 25364 --- [financeboard-api] [           main] c.financeboard.config.DataInitializer    : === Seeding development data ===
Hibernate: 
    insert 
    into
        users
        (created_at, email, name, password, role, status, updated_at, id) 
    values
        (?, ?, ?, ?, ?, ?, ?, ?)
Hibernate: 
    insert 
    into
        users
        (created_at, email, name, password, role, status, updated_at, id) 
    values
        (?, ?, ?, ?, ?, ?, ?, ?)
Hibernate: 
    insert 
    into
        users
        (created_at, email, name, password, role, status, updated_at, id) 
    values
        (?, ?, ?, ?, ?, ?, ?, ?)
2026-04-05T11:23:23.608+05:30  INFO 25364 --- [financeboard-api] [           main] c.financeboard.config.DataInitializer    : Seeded 3 users: admin, analyst, viewer
Hibernate: 
    insert 
    into
        financial_records
        (amount, category, created_at, created_by, date, deleted_at, notes, type, updated_at, id) 
    values
        (?, ?, ?, ?, ?, ?, ?, ?, ?, ?)
Hibernate: 
    insert 
    into
        financial_records
        (amount, category, created_at, created_by, date, deleted_at, notes, type, updated_at, id) 
    values
        (?, ?, ?, ?, ?, ?, ?, ?, ?, ?)
Hibernate: 
    insert 
    into
        financial_records
        (amount, category, created_at, created_by, date, deleted_at, notes, type, updated_at, id) 
    values
        (?, ?, ?, ?, ?, ?, ?, ?, ?, ?)
Hibernate: 
    insert 
    into
        financial_records
        (amount, category, created_at, created_by, date, deleted_at, notes, type, updated_at, id) 
    values
        (?, ?, ?, ?, ?, ?, ?, ?, ?, ?)
Hibernate: 
    insert 
    into
        financial_records
        (amount, category, created_at, created_by, date, deleted_at, notes, type, updated_at, id) 
    values
        (?, ?, ?, ?, ?, ?, ?, ?, ?, ?)
Hibernate: 
    insert 
    into
        financial_records
        (amount, category, created_at, created_by, date, deleted_at, notes, type, updated_at, id) 
    values
        (?, ?, ?, ?, ?, ?, ?, ?, ?, ?)
Hibernate: 
    insert 
    into
        financial_records
        (amount, category, created_at, created_by, date, deleted_at, notes, type, updated_at, id) 
    values
        (?, ?, ?, ?, ?, ?, ?, ?, ?, ?)
Hibernate: 
    insert 
    into
        financial_records
        (amount, category, created_at, created_by, date, deleted_at, notes, type, updated_at, id) 
    values
        (?, ?, ?, ?, ?, ?, ?, ?, ?, ?)
Hibernate: 
    insert 
    into
        financial_records
        (amount, category, created_at, created_by, date, deleted_at, notes, type, updated_at, id) 
    values
        (?, ?, ?, ?, ?, ?, ?, ?, ?, ?)
Hibernate: 
    insert 
    into
        financial_records
        (amount, category, created_at, created_by, date, deleted_at, notes, type, updated_at, id) 
    values
        (?, ?, ?, ?, ?, ?, ?, ?, ?, ?)
Hibernate: 
    insert 
    into
        financial_records
        (amount, category, created_at, created_by, date, deleted_at, notes, type, updated_at, id) 
    values
        (?, ?, ?, ?, ?, ?, ?, ?, ?, ?)
Hibernate: 
    insert 
    into
        financial_records
        (amount, category, created_at, created_by, date, deleted_at, notes, type, updated_at, id) 
    values
        (?, ?, ?, ?, ?, ?, ?, ?, ?, ?)
Hibernate: 
    insert 
    into
        financial_records
        (amount, category, created_at, created_by, date, deleted_at, notes, type, updated_at, id) 
    values
        (?, ?, ?, ?, ?, ?, ?, ?, ?, ?)
Hibernate: 
    insert 
    into
        financial_records
        (amount, category, created_at, created_by, date, deleted_at, notes, type, updated_at, id) 
    values
        (?, ?, ?, ?, ?, ?, ?, ?, ?, ?)
Hibernate: 
    insert 
    into
        financial_records
        (amount, category, created_at, created_by, date, deleted_at, notes, type, updated_at, id) 
    values
        (?, ?, ?, ?, ?, ?, ?, ?, ?, ?)
Hibernate: 
    insert 
    into
        financial_records
        (amount, category, created_at, created_by, date, deleted_at, notes, type, updated_at, id) 
    values
        (?, ?, ?, ?, ?, ?, ?, ?, ?, ?)
Hibernate: 
    insert 
    into
        financial_records
        (amount, category, created_at, created_by, date, deleted_at, notes, type, updated_at, id) 
    values
        (?, ?, ?, ?, ?, ?, ?, ?, ?, ?)
Hibernate: 
    insert 
    into
        financial_records
        (amount, category, created_at, created_by, date, deleted_at, notes, type, updated_at, id) 
    values
        (?, ?, ?, ?, ?, ?, ?, ?, ?, ?)
Hibernate: 
    insert 
    into
        financial_records
        (amount, category, created_at, created_by, date, deleted_at, notes, type, updated_at, id) 
    values
        (?, ?, ?, ?, ?, ?, ?, ?, ?, ?)
Hibernate: 
    insert 
    into
        financial_records
        (amount, category, created_at, created_by, date, deleted_at, notes, type, updated_at, id) 
    values
        (?, ?, ?, ?, ?, ?, ?, ?, ?, ?)
2026-04-05T11:23:23.635+05:30  INFO 25364 --- [financeboard-api] [           main] c.financeboard.config.DataInitializer    : Seeded 20 financial records.
2026-04-05T11:23:23.635+05:30  INFO 25364 --- [financeboard-api] [           main] c.financeboard.config.DataInitializer    : === Data seeding complete ===
.\mvnw.cmd : WARNING: A 
Java agent has been 
loaded dynamically (C:\Use
rs\Asus\.m2\repository\net
\bytebuddy\byte-buddy-agen
t\1.14.13\byte-buddy-agent
-1.14.13.jar)
At line:1 char:1
+ .\mvnw.cmd test -e -X > 
test_output.txt 2>&1
+ ~~~~~~~~~~~~~~~~~~~~~~~~
~~~~~~~~~~~~~~~~~~~~
    + CategoryInfo        
      : NotSpecified: (W  
  ARNING: A Java...nt-1   
 .14.13.jar):String) [    
], RemoteException
    + FullyQualifiedError 
   Id : NativeCommandErr  
  or
 
WARNING: If a 
serviceability tool is in 
use, please run with -XX:+
EnableDynamicAgentLoading 
to hide this warning
WARNING: If a 
serviceability tool is 
not in use, please run 
with -Djdk.instrument.trac
eUsage for more 
information
WARNING: Dynamic loading 
of agents will be 
disallowed by default in 
a future release
Java HotSpot(TM) 64-Bit 
Server VM warning: 
Sharing is only supported 
for boot loader classes 
because bootstrap 
classpath has been 
appended
2026-04-05T11:23:23.999+05:30 DEBUG 25364 --- [financeboard-api] [           main] o.s.security.web.FilterChainProxy        : Securing GET /api/health
2026-04-05T11:23:24.004+05:30 DEBUG 25364 --- [financeboard-api] [           main] o.s.s.w.a.AnonymousAuthenticationFilter  : Set SecurityContextHolder to anonymous SecurityContext
2026-04-05T11:23:24.005+05:30 DEBUG 25364 --- [financeboard-api] [           main] o.s.security.web.FilterChainProxy        : Secured GET /api/health
[INFO] Tests run: 1, Failures: 0, Errors: 0, Skipped: 0, Time elapsed: 6.844 s -- in com.financeboard.controller.AuthIntegrationTest$PublicEndpoints
[INFO] Running com.financeboard.controller.AuthIntegrationTest$DashboardEndpoints
2026-04-05T11:23:24.063+05:30  INFO 25364 --- [financeboard-api] [           main] t.c.s.AnnotationConfigContextLoaderUtils : Could not detect default configuration classes for test class [com.financeboard.controller.AuthIntegrationTest$DashboardEndpoints]: DashboardEndpoints does not declare any static, non-private, non-final, nested classes annotated with @Configuration.
2026-04-05T11:23:24.066+05:30  INFO 25364 --- [financeboard-api] [           main] .b.t.c.SpringBootTestContextBootstrapper : Found @SpringBootConfiguration com.financeboard.FinanceBoardApplication for test class com.financeboard.controller.AuthIntegrationTest$DashboardEndpoints
2026-04-05T11:23:24.103+05:30 DEBUG 25364 --- [financeboard-api] [           main] o.s.security.web.FilterChainProxy        : Securing POST /api/auth/login
2026-04-05T11:23:24.104+05:30 DEBUG 25364 --- [financeboard-api] [           main] o.s.s.w.a.AnonymousAuthenticationFilter  : Set SecurityContextHolder to anonymous SecurityContext
2026-04-05T11:23:24.104+05:30 DEBUG 25364 --- [financeboard-api] [           main] o.s.security.web.FilterChainProxy        : Secured POST /api/auth/login
2026-04-05T11:23:24.162+05:30  INFO 25364 --- [financeboard-api] [           main] com.financeboard.service.AuthService     : Login attempt for email: analyst@finance.com
Hibernate: 
    select
        u1_0.id,
        u1_0.created_at,
        u1_0.email,
        u1_0.name,
        u1_0.password,
        u1_0.role,
        u1_0.status,
        u1_0.updated_at 
    from
        users u1_0 
    where
        u1_0.email=?
2026-04-05T11:23:24.292+05:30 DEBUG 25364 --- [financeboard-api] [           main] o.s.s.a.dao.DaoAuthenticationProvider    : Authenticated user
Hibernate: 
    select
        u1_0.id,
        u1_0.created_at,
        u1_0.email,
        u1_0.name,
        u1_0.password,
        u1_0.role,
        u1_0.status,
        u1_0.updated_at 
    from
        users u1_0 
    where
        u1_0.email=?
2026-04-05T11:23:24.294+05:30  INFO 25364 --- [financeboard-api] [           main] com.financeboard.service.AuthService     : Login successful for user: 3684c1a6-dbf3-41cb-83f2-4c89a41c97d8
2026-04-05T11:23:24.348+05:30 DEBUG 25364 --- [financeboard-api] [           main] o.s.security.web.FilterChainProxy        : Securing GET /api/dashboard/monthly-trends
Hibernate: 
    select
        u1_0.id,
        u1_0.created_at,
        u1_0.email,
        u1_0.name,
        u1_0.password,
        u1_0.role,
        u1_0.status,
        u1_0.updated_at 
    from
        users u1_0 
    where
        u1_0.email=?
2026-04-05T11:23:24.395+05:30 DEBUG 25364 --- [financeboard-api] [           main] o.s.security.web.FilterChainProxy        : Secured GET /api/dashboard/monthly-trends
2026-04-05T11:23:24.397+05:30 DEBUG 25364 --- [financeboard-api] [           main] horizationManagerBeforeMethodInterceptor : Authorizing method invocation ReflectiveMethodInvocation: public org.springframework.http.ResponseEntity com.financeboard.controller.DashboardController.getMonthlyTrends(); target is of class [com.financeboard.controller.DashboardController]
2026-04-05T11:23:24.405+05:30 DEBUG 25364 --- [financeboard-api] [           main] horizationManagerBeforeMethodInterceptor : Authorized method invocation ReflectiveMethodInvocation: public org.springframework.http.ResponseEntity com.financeboard.controller.DashboardController.getMonthlyTrends(); target is of class [com.financeboard.controller.DashboardController]
Hibernate: 
    select
        extract(month from fr1_0.date),
        fr1_0.type,
        sum(fr1_0.amount) 
    from
        financial_records fr1_0 
    where
        (
            fr1_0.deleted_at IS NULL
        ) 
        and extract(year from fr1_0.date)=? 
    group by
        extract(month from fr1_0.date),
        fr1_0.type 
    order by
        extract(month from fr1_0.date)
2026-04-05T11:23:24.436+05:30 DEBUG 25364 --- [financeboard-api] [           main] o.s.security.web.FilterChainProxy        : Securing POST /api/auth/login
2026-04-05T11:23:24.436+05:30 DEBUG 25364 --- [financeboard-api] [           main] o.s.s.w.a.AnonymousAuthenticationFilter  : Set SecurityContextHolder to anonymous SecurityContext
2026-04-05T11:23:24.436+05:30 DEBUG 25364 --- [financeboard-api] [           main] o.s.security.web.FilterChainProxy        : Secured POST /api/auth/login
2026-04-05T11:23:24.437+05:30  INFO 25364 --- [financeboard-api] [           main] com.financeboard.service.AuthService     : Login attempt for email: viewer@finance.com
Hibernate: 
    select
        u1_0.id,
        u1_0.created_at,
        u1_0.email,
        u1_0.name,
        u1_0.password,
        u1_0.role,
        u1_0.status,
        u1_0.updated_at 
    from
        users u1_0 
    where
        u1_0.email=?
2026-04-05T11:23:24.496+05:30 DEBUG 25364 --- [financeboard-api] [           main] o.s.s.a.dao.DaoAuthenticationProvider    : Authenticated user
Hibernate: 
    select
        u1_0.id,
        u1_0.created_at,
        u1_0.email,
        u1_0.name,
        u1_0.password,
        u1_0.role,
        u1_0.status,
        u1_0.updated_at 
    from
        users u1_0 
    where
        u1_0.email=?
2026-04-05T11:23:24.498+05:30  INFO 25364 --- [financeboard-api] [           main] com.financeboard.service.AuthService     : Login successful for user: f87bc9ce-015f-4564-bb0c-dc33d2df8084
2026-04-05T11:23:24.500+05:30 DEBUG 25364 --- [financeboard-api] [           main] o.s.security.web.FilterChainProxy        : Securing GET /api/dashboard/recent
Hibernate: 
    select
        u1_0.id,
        u1_0.created_at,
        u1_0.email,
        u1_0.name,
        u1_0.password,
        u1_0.role,
        u1_0.status,
        u1_0.updated_at 
    from
        users u1_0 
    where
        u1_0.email=?
2026-04-05T11:23:24.503+05:30 DEBUG 25364 --- [financeboard-api] [           main] o.s.security.web.FilterChainProxy        : Secured GET /api/dashboard/recent
2026-04-05T11:23:24.504+05:30 DEBUG 25364 --- [financeboard-api] [           main] horizationManagerBeforeMethodInterceptor : Authorizing method invocation ReflectiveMethodInvocation: public org.springframework.http.ResponseEntity com.financeboard.controller.DashboardController.getRecentRecords(); target is of class [com.financeboard.controller.DashboardController]
2026-04-05T11:23:24.504+05:30 DEBUG 25364 --- [financeboard-api] [           main] horizationManagerBeforeMethodInterceptor : Authorized method invocation ReflectiveMethodInvocation: public org.springframework.http.ResponseEntity com.financeboard.controller.DashboardController.getRecentRecords(); target is of class [com.financeboard.controller.DashboardController]
Hibernate: 
    select
        fr1_0.id,
        fr1_0.amount,
        fr1_0.category,
        fr1_0.created_at,
        fr1_0.created_by,
        fr1_0.date,
        fr1_0.deleted_at,
        fr1_0.notes,
        fr1_0.type,
        fr1_0.updated_at 
    from
        financial_records fr1_0 
    where
        (
            fr1_0.deleted_at IS NULL
        ) 
    order by
        fr1_0.date desc,
        fr1_0.created_at desc 
    offset
        ? rows 
    fetch
        first ? rows only
Hibernate: 
    select
        u1_0.id,
        u1_0.created_at,
        u1_0.email,
        u1_0.name,
        u1_0.password,
        u1_0.role,
        u1_0.status,
        u1_0.updated_at 
    from
        users u1_0 
    where
        u1_0.id=?
Hibernate: 
    select
        u1_0.id,
        u1_0.created_at,
        u1_0.email,
        u1_0.name,
        u1_0.password,
        u1_0.role,
        u1_0.status,
        u1_0.updated_at 
    from
        users u1_0 
    where
        u1_0.id=?
Hibernate: 
    select
        u1_0.id,
        u1_0.created_at,
        u1_0.email,
        u1_0.name,
        u1_0.password,
        u1_0.role,
        u1_0.status,
        u1_0.updated_at 
    from
        users u1_0 
    where
        u1_0.id=?
[INFO] Tests run: 2, Failures: 0, Errors: 0, Skipped: 0, Time elapsed: 0.467 s -- in com.financeboard.controller.AuthIntegrationTest$DashboardEndpoints
[INFO] Running com.financeboard.controller.AuthIntegrationTest$AccessControl
2026-04-05T11:23:24.542+05:30  INFO 25364 --- [financeboard-api] [           main] t.c.s.AnnotationConfigContextLoaderUtils : Could not detect default configuration classes for test class [com.financeboard.controller.AuthIntegrationTest$AccessControl]: AccessControl does not declare any static, non-private, non-final, nested classes annotated with @Configuration.
2026-04-05T11:23:24.546+05:30  INFO 25364 --- [financeboard-api] [           main] .b.t.c.SpringBootTestContextBootstrapper : Found @SpringBootConfiguration com.financeboard.FinanceBoardApplication for test class com.financeboard.controller.AuthIntegrationTest$AccessControl
2026-04-05T11:23:24.560+05:30 DEBUG 25364 --- [financeboard-api] [           main] o.s.security.web.FilterChainProxy        : Securing POST /api/auth/login
2026-04-05T11:23:24.560+05:30 DEBUG 25364 --- [financeboard-api] [           main] o.s.s.w.a.AnonymousAuthenticationFilter  : Set SecurityContextHolder to anonymous SecurityContext
2026-04-05T11:23:24.560+05:30 DEBUG 25364 --- [financeboard-api] [           main] o.s.security.web.FilterChainProxy        : Secured POST /api/auth/login
2026-04-05T11:23:24.561+05:30  INFO 25364 --- [financeboard-api] [           main] com.financeboard.service.AuthService     : Login attempt for email: viewer@finance.com
Hibernate: 
    select
        u1_0.id,
        u1_0.created_at,
        u1_0.email,
        u1_0.name,
        u1_0.password,
        u1_0.role,
        u1_0.status,
        u1_0.updated_at 
    from
        users u1_0 
    where
        u1_0.email=?
2026-04-05T11:23:24.616+05:30 DEBUG 25364 --- [financeboard-api] [           main] o.s.s.a.dao.DaoAuthenticationProvider    : Authenticated user
Hibernate: 
    select
        u1_0.id,
        u1_0.created_at,
        u1_0.email,
        u1_0.name,
        u1_0.password,
        u1_0.role,
        u1_0.status,
        u1_0.updated_at 
    from
        users u1_0 
    where
        u1_0.email=?
2026-04-05T11:23:24.618+05:30  INFO 25364 --- [financeboard-api] [           main] com.financeboard.service.AuthService     : Login successful for user: f87bc9ce-015f-4564-bb0c-dc33d2df8084
2026-04-05T11:23:24.620+05:30 DEBUG 25364 --- [financeboard-api] [           main] o.s.security.web.FilterChainProxy        : Securing GET /api/users
Hibernate: 
    select
        u1_0.id,
        u1_0.created_at,
        u1_0.email,
        u1_0.name,
        u1_0.password,
        u1_0.role,
        u1_0.status,
        u1_0.updated_at 
    from
        users u1_0 
    where
        u1_0.email=?
2026-04-05T11:23:24.622+05:30 DEBUG 25364 --- [financeboard-api] [           main] o.s.security.web.FilterChainProxy        : Secured GET /api/users
2026-04-05T11:23:24.629+05:30 DEBUG 25364 --- [financeboard-api] [           main] horizationManagerBeforeMethodInterceptor : Authorizing method invocation ReflectiveMethodInvocation: public org.springframework.http.ResponseEntity com.financeboard.controller.UserController.getAllUsers(int,int,java.lang.String,java.lang.String); target is of class [com.financeboard.controller.UserController]
2026-04-05T11:23:24.631+05:30 DEBUG 25364 --- [financeboard-api] [           main] horizationManagerBeforeMethodInterceptor : Failed to authorize ReflectiveMethodInvocation: public org.springframework.http.ResponseEntity com.financeboard.controller.UserController.getAllUsers(int,int,java.lang.String,java.lang.String); target is of class [com.financeboard.controller.UserController] with authorization manager org.springframework.security.config.annotation.method.configuration.DeferringObservationAuthorizationManager@db70c9b and decision ExpressionAuthorizationDecision [granted=false, expressionAttribute=hasRole('ADMIN')]
2026-04-05T11:23:24.644+05:30 DEBUG 25364 --- [financeboard-api] [           main] o.s.security.web.FilterChainProxy        : Securing POST /api/auth/login
2026-04-05T11:23:24.644+05:30 DEBUG 25364 --- [financeboard-api] [           main] o.s.s.w.a.AnonymousAuthenticationFilter  : Set SecurityContextHolder to anonymous SecurityContext
2026-04-05T11:23:24.644+05:30 DEBUG 25364 --- [financeboard-api] [           main] o.s.security.web.FilterChainProxy        : Secured POST /api/auth/login
2026-04-05T11:23:24.646+05:30  INFO 25364 --- [financeboard-api] [           main] com.financeboard.service.AuthService     : Login attempt for email: analyst@finance.com
Hibernate: 
    select
        u1_0.id,
        u1_0.created_at,
        u1_0.email,
        u1_0.name,
        u1_0.password,
        u1_0.role,
        u1_0.status,
        u1_0.updated_at 
    from
        users u1_0 
    where
        u1_0.email=?
2026-04-05T11:23:24.702+05:30 DEBUG 25364 --- [financeboard-api] [           main] o.s.s.a.dao.DaoAuthenticationProvider    : Authenticated user
Hibernate: 
    select
        u1_0.id,
        u1_0.created_at,
        u1_0.email,
        u1_0.name,
        u1_0.password,
        u1_0.role,
        u1_0.status,
        u1_0.updated_at 
    from
        users u1_0 
    where
        u1_0.email=?
2026-04-05T11:23:24.704+05:30  INFO 25364 --- [financeboard-api] [           main] com.financeboard.service.AuthService     : Login successful for user: 3684c1a6-dbf3-41cb-83f2-4c89a41c97d8
2026-04-05T11:23:24.706+05:30 DEBUG 25364 --- [financeboard-api] [           main] o.s.security.web.FilterChainProxy        : Securing POST /api/records
Hibernate: 
    select
        u1_0.id,
        u1_0.created_at,
        u1_0.email,
        u1_0.name,
        u1_0.password,
        u1_0.role,
        u1_0.status,
        u1_0.updated_at 
    from
        users u1_0 
    where
        u1_0.email=?
2026-04-05T11:23:24.710+05:30 DEBUG 25364 --- [financeboard-api] [           main] o.s.security.web.FilterChainProxy        : Secured POST /api/records
2026-04-05T11:23:24.726+05:30 DEBUG 25364 --- [financeboard-api] [           main] horizationManagerBeforeMethodInterceptor : Authorizing method invocation ReflectiveMethodInvocation: public org.springframework.http.ResponseEntity com.financeboard.controller.RecordController.createRecord(com.financeboard.dto.CreateRecordRequest); target is of class [com.financeboard.controller.RecordController]
2026-04-05T11:23:24.728+05:30 DEBUG 25364 --- [financeboard-api] [           main] horizationManagerBeforeMethodInterceptor : Failed to authorize ReflectiveMethodInvocation: public org.springframework.http.ResponseEntity com.financeboard.controller.RecordController.createRecord(com.financeboard.dto.CreateRecordRequest); target is of class [com.financeboard.controller.RecordController] with authorization manager org.springframework.security.config.annotation.method.configuration.DeferringObservationAuthorizationManager@db70c9b and decision ExpressionAuthorizationDecision [granted=false, expressionAttribute=hasRole('ADMIN')]
2026-04-05T11:23:24.733+05:30 DEBUG 25364 --- [financeboard-api] [           main] o.s.security.web.FilterChainProxy        : Securing POST /api/auth/login
2026-04-05T11:23:24.733+05:30 DEBUG 25364 --- [financeboard-api] [           main] o.s.s.w.a.AnonymousAuthenticationFilter  : Set SecurityContextHolder to anonymous SecurityContext
2026-04-05T11:23:24.733+05:30 DEBUG 25364 --- [financeboard-api] [           main] o.s.security.web.FilterChainProxy        : Secured POST /api/auth/login
2026-04-05T11:23:24.734+05:30  INFO 25364 --- [financeboard-api] [           main] com.financeboard.service.AuthService     : Login attempt for email: viewer@finance.com
Hibernate: 
    select
        u1_0.id,
        u1_0.created_at,
        u1_0.email,
        u1_0.name,
        u1_0.password,
        u1_0.role,
        u1_0.status,
        u1_0.updated_at 
    from
        users u1_0 
    where
        u1_0.email=?
2026-04-05T11:23:24.793+05:30 DEBUG 25364 --- [financeboard-api] [           main] o.s.s.a.dao.DaoAuthenticationProvider    : Authenticated user
Hibernate: 
    select
        u1_0.id,
        u1_0.created_at,
        u1_0.email,
        u1_0.name,
        u1_0.password,
        u1_0.role,
        u1_0.status,
        u1_0.updated_at 
    from
        users u1_0 
    where
        u1_0.email=?
2026-04-05T11:23:24.795+05:30  INFO 25364 --- [financeboard-api] [           main] com.financeboard.service.AuthService     : Login successful for user: f87bc9ce-015f-4564-bb0c-dc33d2df8084
2026-04-05T11:23:24.797+05:30 DEBUG 25364 --- [financeboard-api] [           main] o.s.security.web.FilterChainProxy        : Securing GET /api/records
Hibernate: 
    select
        u1_0.id,
        u1_0.created_at,
        u1_0.email,
        u1_0.name,
        u1_0.password,
        u1_0.role,
        u1_0.status,
        u1_0.updated_at 
    from
        users u1_0 
    where
        u1_0.email=?
2026-04-05T11:23:24.800+05:30 DEBUG 25364 --- [financeboard-api] [           main] o.s.security.web.FilterChainProxy        : Secured GET /api/records
2026-04-05T11:23:24.802+05:30 DEBUG 25364 --- [financeboard-api] [           main] horizationManagerBeforeMethodInterceptor : Authorizing method invocation ReflectiveMethodInvocation: public org.springframework.http.ResponseEntity com.financeboard.controller.RecordController.getAllRecords(com.financeboard.enums.TransactionType,java.lang.String,java.time.LocalDate,java.time.LocalDate,java.lang.String,int,int,java.lang.String,java.lang.String); target is of class [com.financeboard.controller.RecordController]
2026-04-05T11:23:24.802+05:30 DEBUG 25364 --- [financeboard-api] [           main] horizationManagerBeforeMethodInterceptor : Failed to authorize ReflectiveMethodInvocation: public org.springframework.http.ResponseEntity com.financeboard.controller.RecordController.getAllRecords(com.financeboard.enums.TransactionType,java.lang.String,java.time.LocalDate,java.time.LocalDate,java.lang.String,int,int,java.lang.String,java.lang.String); target is of class [com.financeboard.controller.RecordController] with authorization manager org.springframework.security.config.annotation.method.configuration.DeferringObservationAuthorizationManager@db70c9b and decision ExpressionAuthorizationDecision [granted=false, expressionAttribute=hasAnyRole('ADMIN','ANALYST')]
2026-04-05T11:23:24.807+05:30 DEBUG 25364 --- [financeboard-api] [           main] o.s.security.web.FilterChainProxy        : Securing POST /api/auth/login
2026-04-05T11:23:24.807+05:30 DEBUG 25364 --- [financeboard-api] [           main] o.s.s.w.a.AnonymousAuthenticationFilter  : Set SecurityContextHolder to anonymous SecurityContext
2026-04-05T11:23:24.807+05:30 DEBUG 25364 --- [financeboard-api] [           main] o.s.security.web.FilterChainProxy        : Secured POST /api/auth/login
2026-04-05T11:23:24.808+05:30  INFO 25364 --- [financeboard-api] [           main] com.financeboard.service.AuthService     : Login attempt for email: viewer@finance.com
Hibernate: 
    select
        u1_0.id,
        u1_0.created_at,
        u1_0.email,
        u1_0.name,
        u1_0.password,
        u1_0.role,
        u1_0.status,
        u1_0.updated_at 
    from
        users u1_0 
    where
        u1_0.email=?
2026-04-05T11:23:24.867+05:30 DEBUG 25364 --- [financeboard-api] [           main] o.s.s.a.dao.DaoAuthenticationProvider    : Authenticated user
Hibernate: 
    select
        u1_0.id,
        u1_0.created_at,
        u1_0.email,
        u1_0.name,
        u1_0.password,
        u1_0.role,
        u1_0.status,
        u1_0.updated_at 
    from
        users u1_0 
    where
        u1_0.email=?
2026-04-05T11:23:24.869+05:30  INFO 25364 --- [financeboard-api] [           main] com.financeboard.service.AuthService     : Login successful for user: f87bc9ce-015f-4564-bb0c-dc33d2df8084
2026-04-05T11:23:24.872+05:30 DEBUG 25364 --- [financeboard-api] [           main] o.s.security.web.FilterChainProxy        : Securing GET /api/dashboard/category-totals
Hibernate: 
    select
        u1_0.id,
        u1_0.created_at,
        u1_0.email,
        u1_0.name,
        u1_0.password,
        u1_0.role,
        u1_0.status,
        u1_0.updated_at 
    from
        users u1_0 
    where
        u1_0.email=?
2026-04-05T11:23:24.874+05:30 DEBUG 25364 --- [financeboard-api] [           main] o.s.security.web.FilterChainProxy        : Secured GET /api/dashboard/category-totals
2026-04-05T11:23:24.876+05:30 DEBUG 25364 --- [financeboard-api] [           main] horizationManagerBeforeMethodInterceptor : Authorizing method invocation ReflectiveMethodInvocation: public org.springframework.http.ResponseEntity com.financeboard.controller.DashboardController.getCategoryTotals(); target is of class [com.financeboard.controller.DashboardController]
2026-04-05T11:23:24.876+05:30 DEBUG 25364 --- [financeboard-api] [           main] horizationManagerBeforeMethodInterceptor : Failed to authorize ReflectiveMethodInvocation: public org.springframework.http.ResponseEntity com.financeboard.controller.DashboardController.getCategoryTotals(); target is of class [com.financeboard.controller.DashboardController] with authorization manager org.springframework.security.config.annotation.method.configuration.DeferringObservationAuthorizationManager@db70c9b and decision ExpressionAuthorizationDecision [granted=false, expressionAttribute=hasAnyRole('ADMIN','ANALYST')]
2026-04-05T11:23:24.877+05:30 DEBUG 25364 --- [financeboard-api] [           main] o.s.security.web.FilterChainProxy        : Securing GET /api/dashboard/monthly-trends
Hibernate: 
    select
        u1_0.id,
        u1_0.created_at,
        u1_0.email,
        u1_0.name,
        u1_0.password,
        u1_0.role,
        u1_0.status,
        u1_0.updated_at 
    from
        users u1_0 
    where
        u1_0.email=?
2026-04-05T11:23:24.880+05:30 DEBUG 25364 --- [financeboard-api] [           main] o.s.security.web.FilterChainProxy        : Secured GET /api/dashboard/monthly-trends
2026-04-05T11:23:24.880+05:30 DEBUG 25364 --- [financeboard-api] [           main] horizationManagerBeforeMethodInterceptor : Authorizing method invocation ReflectiveMethodInvocation: public org.springframework.http.ResponseEntity com.financeboard.controller.DashboardController.getMonthlyTrends(); target is of class [com.financeboard.controller.DashboardController]
2026-04-05T11:23:24.880+05:30 DEBUG 25364 --- [financeboard-api] [           main] horizationManagerBeforeMethodInterceptor : Failed to authorize ReflectiveMethodInvocation: public org.springframework.http.ResponseEntity com.financeboard.controller.DashboardController.getMonthlyTrends(); target is of class [com.financeboard.controller.DashboardController] with authorization manager org.springframework.security.config.annotation.method.configuration.DeferringObservationAuthorizationManager@db70c9b and decision ExpressionAuthorizationDecision [granted=false, expressionAttribute=hasAnyRole('ADMIN','ANALYST')]
2026-04-05T11:23:24.882+05:30 DEBUG 25364 --- [financeboard-api] [           main] o.s.security.web.FilterChainProxy        : Securing GET /api/dashboard/weekly-trends
Hibernate: 
    select
        u1_0.id,
        u1_0.created_at,
        u1_0.email,
        u1_0.name,
        u1_0.password,
        u1_0.role,
        u1_0.status,
        u1_0.updated_at 
    from
        users u1_0 
    where
        u1_0.email=?
2026-04-05T11:23:24.884+05:30 DEBUG 25364 --- [financeboard-api] [           main] o.s.security.web.FilterChainProxy        : Secured GET /api/dashboard/weekly-trends
2026-04-05T11:23:24.884+05:30 DEBUG 25364 --- [financeboard-api] [           main] horizationManagerBeforeMethodInterceptor : Authorizing method invocation ReflectiveMethodInvocation: public org.springframework.http.ResponseEntity com.financeboard.controller.DashboardController.getWeeklyTrends(); target is of class [com.financeboard.controller.DashboardController]
2026-04-05T11:23:24.885+05:30 DEBUG 25364 --- [financeboard-api] [           main] horizationManagerBeforeMethodInterceptor : Failed to authorize ReflectiveMethodInvocation: public org.springframework.http.ResponseEntity com.financeboard.controller.DashboardController.getWeeklyTrends(); target is of class [com.financeboard.controller.DashboardController] with authorization manager org.springframework.security.config.annotation.method.configuration.DeferringObservationAuthorizationManager@db70c9b and decision ExpressionAuthorizationDecision [granted=false, expressionAttribute=hasAnyRole('ADMIN','ANALYST')]
2026-04-05T11:23:24.890+05:30 DEBUG 25364 --- [financeboard-api] [           main] o.s.security.web.FilterChainProxy        : Securing GET /api/records
2026-04-05T11:23:24.890+05:30 DEBUG 25364 --- [financeboard-api] [           main] o.s.s.w.a.AnonymousAuthenticationFilter  : Set SecurityContextHolder to anonymous SecurityContext
2026-04-05T11:23:24.902+05:30 DEBUG 25364 --- [financeboard-api] [           main] o.s.security.web.FilterChainProxy        : Securing POST /api/auth/login
2026-04-05T11:23:24.902+05:30 DEBUG 25364 --- [financeboard-api] [           main] o.s.s.w.a.AnonymousAuthenticationFilter  : Set SecurityContextHolder to anonymous SecurityContext
2026-04-05T11:23:24.902+05:30 DEBUG 25364 --- [financeboard-api] [           main] o.s.security.web.FilterChainProxy        : Secured POST /api/auth/login
2026-04-05T11:23:24.904+05:30  INFO 25364 --- [financeboard-api] [           main] com.financeboard.service.AuthService     : Login attempt for email: analyst@finance.com
Hibernate: 
    select
        u1_0.id,
        u1_0.created_at,
        u1_0.email,
        u1_0.name,
        u1_0.password,
        u1_0.role,
        u1_0.status,
        u1_0.updated_at 
    from
        users u1_0 
    where
        u1_0.email=?
2026-04-05T11:23:24.959+05:30 DEBUG 25364 --- [financeboard-api] [           main] o.s.s.a.dao.DaoAuthenticationProvider    : Authenticated user
Hibernate: 
    select
        u1_0.id,
        u1_0.created_at,
        u1_0.email,
        u1_0.name,
        u1_0.password,
        u1_0.role,
        u1_0.status,
        u1_0.updated_at 
    from
        users u1_0 
    where
        u1_0.email=?
2026-04-05T11:23:24.960+05:30  INFO 25364 --- [financeboard-api] [           main] com.financeboard.service.AuthService     : Login successful for user: 3684c1a6-dbf3-41cb-83f2-4c89a41c97d8
2026-04-05T11:23:24.964+05:30 DEBUG 25364 --- [financeboard-api] [           main] o.s.security.web.FilterChainProxy        : Securing GET /api/records
Hibernate: 
    select
        u1_0.id,
        u1_0.created_at,
        u1_0.email,
        u1_0.name,
        u1_0.password,
        u1_0.role,
        u1_0.status,
        u1_0.updated_at 
    from
        users u1_0 
    where
        u1_0.email=?
2026-04-05T11:23:24.967+05:30 DEBUG 25364 --- [financeboard-api] [           main] o.s.security.web.FilterChainProxy        : Secured GET /api/records
2026-04-05T11:23:24.968+05:30 DEBUG 25364 --- [financeboard-api] [           main] horizationManagerBeforeMethodInterceptor : Authorizing method invocation ReflectiveMethodInvocation: public org.springframework.http.ResponseEntity com.financeboard.controller.RecordController.getAllRecords(com.financeboard.enums.TransactionType,java.lang.String,java.time.LocalDate,java.time.LocalDate,java.lang.String,int,int,java.lang.String,java.lang.String); target is of class [com.financeboard.controller.RecordController]
2026-04-05T11:23:24.968+05:30 DEBUG 25364 --- [financeboard-api] [           main] horizationManagerBeforeMethodInterceptor : Authorized method invocation ReflectiveMethodInvocation: public org.springframework.http.ResponseEntity com.financeboard.controller.RecordController.getAllRecords(com.financeboard.enums.TransactionType,java.lang.String,java.time.LocalDate,java.time.LocalDate,java.lang.String,int,int,java.lang.String,java.lang.String); target is of class [com.financeboard.controller.RecordController]
Hibernate: 
    select
        fr1_0.id,
        fr1_0.amount,
        fr1_0.category,
        fr1_0.created_at,
        fr1_0.created_by,
        fr1_0.date,
        fr1_0.deleted_at,
        fr1_0.notes,
        fr1_0.type,
        fr1_0.updated_at 
    from
        financial_records fr1_0 
    where
        (
            fr1_0.deleted_at IS NULL
        ) 
        and (
            ? is null 
            or fr1_0.type=?
        ) 
        and (
            ? is null 
            or fr1_0.category=?
        ) 
        and (
            ? is null 
            or fr1_0.date>=?
        ) 
        and (
            ? is null 
            or fr1_0.date<=?
        ) 
        and (
            ? is null 
            or lower(fr1_0.category) like lower(('%'||?||'%')) escape '' 
            or lower(fr1_0.notes) like lower(('%'||?||'%')) escape ''
        ) 
    order by
        fr1_0.date desc 
    offset
        ? rows 
    fetch
        first ? rows only
Hibernate: 
    select
        count(fr1_0.id) 
    from
        financial_records fr1_0 
    where
        (
            fr1_0.deleted_at IS NULL
        ) 
        and (
            ? is null 
            or fr1_0.type=?
        ) 
        and (
            ? is null 
            or fr1_0.category=?
        ) 
        and (
            ? is null 
            or fr1_0.date>=?
        ) 
        and (
            ? is null 
            or fr1_0.date<=?
        ) 
        and (
            ? is null 
            or lower(fr1_0.category) like lower(('%'||?||'%')) escape '' 
            or lower(fr1_0.notes) like lower(('%'||?||'%')) escape ''
        )
Hibernate: 
    select
        u1_0.id,
        u1_0.created_at,
        u1_0.email,
        u1_0.name,
        u1_0.password,
        u1_0.role,
        u1_0.status,
        u1_0.updated_at 
    from
        users u1_0 
    where
        u1_0.id=?
Hibernate: 
    select
        u1_0.id,
        u1_0.created_at,
        u1_0.email,
        u1_0.name,
        u1_0.password,
        u1_0.role,
        u1_0.status,
        u1_0.updated_at 
    from
        users u1_0 
    where
        u1_0.id=?
Hibernate: 
    select
        u1_0.id,
        u1_0.created_at,
        u1_0.email,
        u1_0.name,
        u1_0.password,
        u1_0.role,
        u1_0.status,
        u1_0.updated_at 
    from
        users u1_0 
    where
        u1_0.id=?
2026-04-05T11:23:25.001+05:30 DEBUG 25364 --- [financeboard-api] [           main] o.s.security.web.FilterChainProxy        : Securing POST /api/auth/login
2026-04-05T11:23:25.001+05:30 DEBUG 25364 --- [financeboard-api] [           main] o.s.s.w.a.AnonymousAuthenticationFilter  : Set SecurityContextHolder to anonymous SecurityContext
2026-04-05T11:23:25.001+05:30 DEBUG 25364 --- [financeboard-api] [           main] o.s.security.web.FilterChainProxy        : Secured POST /api/auth/login
2026-04-05T11:23:25.003+05:30  INFO 25364 --- [financeboard-api] [           main] com.financeboard.service.AuthService     : Login attempt for email: admin@finance.com
Hibernate: 
    select
        u1_0.id,
        u1_0.created_at,
        u1_0.email,
        u1_0.name,
        u1_0.password,
        u1_0.role,
        u1_0.status,
        u1_0.updated_at 
    from
        users u1_0 
    where
        u1_0.email=?
2026-04-05T11:23:25.062+05:30 DEBUG 25364 --- [financeboard-api] [           main] o.s.s.a.dao.DaoAuthenticationProvider    : Authenticated user
Hibernate: 
    select
        u1_0.id,
        u1_0.created_at,
        u1_0.email,
        u1_0.name,
        u1_0.password,
        u1_0.role,
        u1_0.status,
        u1_0.updated_at 
    from
        users u1_0 
    where
        u1_0.email=?
2026-04-05T11:23:25.064+05:30  INFO 25364 --- [financeboard-api] [           main] com.financeboard.service.AuthService     : Login successful for user: 08b0dfc5-b5f0-4ed9-a8cd-114dddfad514
2026-04-05T11:23:25.065+05:30 DEBUG 25364 --- [financeboard-api] [           main] o.s.security.web.FilterChainProxy        : Securing GET /api/users
Hibernate: 
    select
        u1_0.id,
        u1_0.created_at,
        u1_0.email,
        u1_0.name,
        u1_0.password,
        u1_0.role,
        u1_0.status,
        u1_0.updated_at 
    from
        users u1_0 
    where
        u1_0.email=?
2026-04-05T11:23:25.068+05:30 DEBUG 25364 --- [financeboard-api] [           main] o.s.security.web.FilterChainProxy        : Secured GET /api/users
2026-04-05T11:23:25.068+05:30 DEBUG 25364 --- [financeboard-api] [           main] horizationManagerBeforeMethodInterceptor : Authorizing method invocation ReflectiveMethodInvocation: public org.springframework.http.ResponseEntity com.financeboard.controller.UserController.getAllUsers(int,int,java.lang.String,java.lang.String); target is of class [com.financeboard.controller.UserController]
2026-04-05T11:23:25.068+05:30 DEBUG 25364 --- [financeboard-api] [           main] horizationManagerBeforeMethodInterceptor : Authorized method invocation ReflectiveMethodInvocation: public org.springframework.http.ResponseEntity com.financeboard.controller.UserController.getAllUsers(int,int,java.lang.String,java.lang.String); target is of class [com.financeboard.controller.UserController]
Hibernate: 
    select
        u1_0.id,
        u1_0.created_at,
        u1_0.email,
        u1_0.name,
        u1_0.password,
        u1_0.role,
        u1_0.status,
        u1_0.updated_at 
    from
        users u1_0 
    order by
        u1_0.created_at desc 
    offset
        ? rows 
    fetch
        first ? rows only
2026-04-05T11:23:25.076+05:30 DEBUG 25364 --- [financeboard-api] [           main] o.s.security.web.FilterChainProxy        : Securing POST /api/auth/login
2026-04-05T11:23:25.076+05:30 DEBUG 25364 --- [financeboard-api] [           main] o.s.s.w.a.AnonymousAuthenticationFilter  : Set SecurityContextHolder to anonymous SecurityContext
2026-04-05T11:23:25.077+05:30 DEBUG 25364 --- [financeboard-api] [           main] o.s.security.web.FilterChainProxy        : Secured POST /api/auth/login
2026-04-05T11:23:25.077+05:30  INFO 25364 --- [financeboard-api] [           main] com.financeboard.service.AuthService     : Login attempt for email: viewer@finance.com
Hibernate: 
    select
        u1_0.id,
        u1_0.created_at,
        u1_0.email,
        u1_0.name,
        u1_0.password,
        u1_0.role,
        u1_0.status,
        u1_0.updated_at 
    from
        users u1_0 
    where
        u1_0.email=?
2026-04-05T11:23:25.132+05:30 DEBUG 25364 --- [financeboard-api] [           main] o.s.s.a.dao.DaoAuthenticationProvider    : Authenticated user
Hibernate: 
    select
        u1_0.id,
        u1_0.created_at,
        u1_0.email,
        u1_0.name,
        u1_0.password,
        u1_0.role,
        u1_0.status,
        u1_0.updated_at 
    from
        users u1_0 
    where
        u1_0.email=?
2026-04-05T11:23:25.133+05:30  INFO 25364 --- [financeboard-api] [           main] com.financeboard.service.AuthService     : Login successful for user: f87bc9ce-015f-4564-bb0c-dc33d2df8084
2026-04-05T11:23:25.135+05:30 DEBUG 25364 --- [financeboard-api] [           main] o.s.security.web.FilterChainProxy        : Securing GET /api/dashboard/summary
Hibernate: 
    select
        u1_0.id,
        u1_0.created_at,
        u1_0.email,
        u1_0.name,
        u1_0.password,
        u1_0.role,
        u1_0.status,
        u1_0.updated_at 
    from
        users u1_0 
    where
        u1_0.email=?
2026-04-05T11:23:25.139+05:30 DEBUG 25364 --- [financeboard-api] [           main] o.s.security.web.FilterChainProxy        : Secured GET /api/dashboard/summary
2026-04-05T11:23:25.139+05:30 DEBUG 25364 --- [financeboard-api] [           main] horizationManagerBeforeMethodInterceptor : Authorizing method invocation ReflectiveMethodInvocation: public org.springframework.http.ResponseEntity com.financeboard.controller.DashboardController.getSummary(); target is of class [com.financeboard.controller.DashboardController]
2026-04-05T11:23:25.139+05:30 DEBUG 25364 --- [financeboard-api] [           main] horizationManagerBeforeMethodInterceptor : Authorized method invocation ReflectiveMethodInvocation: public org.springframework.http.ResponseEntity com.financeboard.controller.DashboardController.getSummary(); target is of class [com.financeboard.controller.DashboardController]
Hibernate: 
    select
        coalesce(sum(fr1_0.amount), 0) 
    from
        financial_records fr1_0 
    where
        (
            fr1_0.deleted_at IS NULL
        ) 
        and fr1_0.type=?
Hibernate: 
    select
        coalesce(sum(fr1_0.amount), 0) 
    from
        financial_records fr1_0 
    where
        (
            fr1_0.deleted_at IS NULL
        ) 
        and fr1_0.type=?
Hibernate: 
    select
        count(fr1_0.id) 
    from
        financial_records fr1_0 
    where
        (
            fr1_0.deleted_at IS NULL
        )
2026-04-05T11:23:25.153+05:30 DEBUG 25364 --- [financeboard-api] [           main] o.s.security.web.FilterChainProxy        : Securing GET /api/records
2026-04-05T11:23:25.154+05:30 DEBUG 25364 --- [financeboard-api] [           main] o.s.s.w.a.AnonymousAuthenticationFilter  : Set SecurityContextHolder to anonymous SecurityContext
[INFO] Tests run: 9, Failures: 0, Errors: 0, Skipped: 0, Time elapsed: 0.618 s -- in com.financeboard.controller.AuthIntegrationTest$AccessControl
[INFO] Running com.financeboard.controller.AuthIntegrationTest$AuthEndpoints
2026-04-05T11:23:25.160+05:30  INFO 25364 --- [financeboard-api] [           main] t.c.s.AnnotationConfigContextLoaderUtils : Could not detect default configuration classes for test class [com.financeboard.controller.AuthIntegrationTest$AuthEndpoints]: AuthEndpoints does not declare any static, non-private, non-final, nested classes annotated with @Configuration.
2026-04-05T11:23:25.161+05:30  INFO 25364 --- [financeboard-api] [           main] .b.t.c.SpringBootTestContextBootstrapper : Found @SpringBootConfiguration com.financeboard.FinanceBoardApplication for test class com.financeboard.controller.AuthIntegrationTest$AuthEndpoints
2026-04-05T11:23:25.167+05:30 DEBUG 25364 --- [financeboard-api] [           main] o.s.security.web.FilterChainProxy        : Securing POST /api/auth/register
2026-04-05T11:23:25.167+05:30 DEBUG 25364 --- [financeboard-api] [           main] o.s.s.w.a.AnonymousAuthenticationFilter  : Set SecurityContextHolder to anonymous SecurityContext
2026-04-05T11:23:25.167+05:30 DEBUG 25364 --- [financeboard-api] [           main] o.s.security.web.FilterChainProxy        : Secured POST /api/auth/register
2026-04-05T11:23:25.181+05:30 DEBUG 25364 --- [financeboard-api] [           main] o.s.security.web.FilterChainProxy        : Securing POST /api/auth/login
2026-04-05T11:23:25.181+05:30 DEBUG 25364 --- [financeboard-api] [           main] o.s.s.w.a.AnonymousAuthenticationFilter  : Set SecurityContextHolder to anonymous SecurityContext
2026-04-05T11:23:25.181+05:30 DEBUG 25364 --- [financeboard-api] [           main] o.s.security.web.FilterChainProxy        : Secured POST /api/auth/login
2026-04-05T11:23:25.182+05:30  INFO 25364 --- [financeboard-api] [           main] com.financeboard.service.AuthService     : Login attempt for email: admin@finance.com
Hibernate: 
    select
        u1_0.id,
        u1_0.created_at,
        u1_0.email,
        u1_0.name,
        u1_0.password,
        u1_0.role,
        u1_0.status,
        u1_0.updated_at 
    from
        users u1_0 
    where
        u1_0.email=?
2026-04-05T11:23:25.240+05:30 DEBUG 25364 --- [financeboard-api] [           main] o.s.s.a.dao.DaoAuthenticationProvider    : Failed to authenticate since password does not match stored value
2026-04-05T11:23:25.244+05:30 DEBUG 25364 --- [financeboard-api] [           main] o.s.security.web.FilterChainProxy        : Securing POST /api/auth/login
2026-04-05T11:23:25.244+05:30 DEBUG 25364 --- [financeboard-api] [           main] o.s.s.w.a.AnonymousAuthenticationFilter  : Set SecurityContextHolder to anonymous SecurityContext
2026-04-05T11:23:25.244+05:30 DEBUG 25364 --- [financeboard-api] [           main] o.s.security.web.FilterChainProxy        : Secured POST /api/auth/login
2026-04-05T11:23:25.245+05:30  INFO 25364 --- [financeboard-api] [           main] com.financeboard.service.AuthService     : Login attempt for email: admin@finance.com
Hibernate: 
    select
        u1_0.id,
        u1_0.created_at,
        u1_0.email,
        u1_0.name,
        u1_0.password,
        u1_0.role,
        u1_0.status,
        u1_0.updated_at 
    from
        users u1_0 
    where
        u1_0.email=?
2026-04-05T11:23:25.297+05:30 DEBUG 25364 --- [financeboard-api] [           main] o.s.s.a.dao.DaoAuthenticationProvider    : Authenticated user
Hibernate: 
    select
        u1_0.id,
        u1_0.created_at,
        u1_0.email,
        u1_0.name,
        u1_0.password,
        u1_0.role,
        u1_0.status,
        u1_0.updated_at 
    from
        users u1_0 
    where
        u1_0.email=?
2026-04-05T11:23:25.300+05:30  INFO 25364 --- [financeboard-api] [           main] com.financeboard.service.AuthService     : Login successful for user: 08b0dfc5-b5f0-4ed9-a8cd-114dddfad514
[INFO] Tests run: 3, Failures: 0, Errors: 0, Skipped: 0, Time elapsed: 0.145 s -- in com.financeboard.controller.AuthIntegrationTest$AuthEndpoints
[INFO] Tests run: 0, Failures: 0, Errors: 0, Skipped: 0, Time elapsed: 8.435 s -- in com.financeboard.controller.AuthIntegrationTest
[INFO] Running com.financeboard.FinanceBoardApplicationTests
2026-04-05T11:23:25.305+05:30  INFO 25364 --- [financeboard-api] [           main] t.c.s.AnnotationConfigContextLoaderUtils : Could not detect default configuration classes for test class [com.financeboard.FinanceBoardApplicationTests]: FinanceBoardApplicationTests does not declare any static, non-private, non-final, nested classes annotated with @Configuration.
2026-04-05T11:23:25.311+05:30  INFO 25364 --- [financeboard-api] [           main] .b.t.c.SpringBootTestContextBootstrapper : Found @SpringBootConfiguration com.financeboard.FinanceBoardApplication for test class com.financeboard.FinanceBoardApplicationTests

  .   ____          _            __ _ _
 /\\ / ___'_ __ _ _(_)_ __  __ _ \ \ \ \
( ( )\___ | '_ | '_| | '_ \/ _` | \ \ \ \
 \\/  ___)| |_)| | | | | || (_| |  ) ) ) )
  '  |____| .__|_| |_|_| |_\__, | / / / /
 =========|_|==============|___/=/_/_/_/
 :: Spring Boot ::                (v3.2.5)

2026-04-05T11:23:25.333+05:30  INFO 25364 --- [financeboard-api] [           main] c.f.FinanceBoardApplicationTests         : Starting FinanceBoardApplicationTests using Java 23.0.1 with PID 25364 (started by Priyanshu in D:\Z\backend)
2026-04-05T11:23:25.333+05:30 DEBUG 25364 --- [financeboard-api] [           main] c.f.FinanceBoardApplicationTests         : Running with Spring Boot v3.2.5, Spring v6.1.6
2026-04-05T11:23:25.333+05:30  INFO 25364 --- [financeboard-api] [           main] c.f.FinanceBoardApplicationTests         : The following 1 profile is active: "dev"
2026-04-05T11:23:25.480+05:30  INFO 25364 --- [financeboard-api] [           main] .s.d.r.c.RepositoryConfigurationDelegate : Bootstrapping Spring Data JPA repositories in DEFAULT mode.
2026-04-05T11:23:25.490+05:30  INFO 25364 --- [financeboard-api] [           main] .s.d.r.c.RepositoryConfigurationDelegate : Finished Spring Data repository scanning in 10 ms. Found 2 JPA repository interfaces.
2026-04-05T11:23:25.545+05:30  INFO 25364 --- [financeboard-api] [           main] o.hibernate.jpa.internal.util.LogHelper  : HHH000204: Processing PersistenceUnitInfo [name: default]
2026-04-05T11:23:25.546+05:30  INFO 25364 --- [financeboard-api] [           main] o.h.c.internal.RegionFactoryInitiator    : HHH000026: Second-level cache disabled
2026-04-05T11:23:25.547+05:30  INFO 25364 --- [financeboard-api] [           main] o.s.o.j.p.SpringPersistenceUnitInfo      : No LoadTimeWeaver setup: ignoring JPA class transformer
2026-04-05T11:23:25.549+05:30  INFO 25364 --- [financeboard-api] [           main] com.zaxxer.hikari.HikariDataSource       : HikariPool-2 - Starting...
2026-04-05T11:23:25.549+05:30  INFO 25364 --- [financeboard-api] [           main] com.zaxxer.hikari.pool.HikariPool        : HikariPool-2 - Added connection conn10: url=jdbc:h2:mem:financeboard user=SA
2026-04-05T11:23:25.550+05:30  INFO 25364 --- [financeboard-api] [           main] com.zaxxer.hikari.HikariDataSource       : HikariPool-2 - Start completed.
2026-04-05T11:23:25.550+05:30  WARN 25364 --- [financeboard-api] [           main] org.hibernate.orm.deprecation            : HHH90000025: H2Dialect does not need to be specified explicitly using 'hibernate.dialect' (remove the property setting and it will be selected by default)
2026-04-05T11:23:25.598+05:30  INFO 25364 --- [financeboard-api] [           main] o.h.e.t.j.p.i.JtaPlatformInitiator       : HHH000489: No JTA platform available (set 'hibernate.transaction.jta.platform' to enable JTA platform integration)
Hibernate: 
    drop table if exists financial_records cascade 
Hibernate: 
    drop table if exists users cascade 
Hibernate: 
    create table financial_records (
        amount numeric(15,2) not null,
        date date not null,
        created_at timestamp(6),
        deleted_at timestamp(6),
        updated_at timestamp(6),
        created_by uuid not null,
        id uuid not null,
        category varchar(50) not null,
        notes varchar(255),
        type varchar(255) not null check (type in ('INCOME','EXPENSE')),
        primary key (id)
    )
Hibernate: 
    create table users (
        created_at timestamp(6),
        updated_at timestamp(6),
        id uuid not null,
        name varchar(50) not null,
        email varchar(255) not null unique,
        password varchar(255) not null,
        role varchar(255) not null check (role in ('ADMIN','ANALYST','VIEWER')),
        status varchar(255) not null check (status in ('ACTIVE','INACTIVE')),
        primary key (id)
    )
Hibernate: 
    create index idx_record_type 
       on financial_records (type)
Hibernate: 
    create index idx_record_category 
       on financial_records (category)
Hibernate: 
    create index idx_record_date 
       on financial_records (date)
Hibernate: 
    create index idx_record_created_by 
       on financial_records (created_by)
Hibernate: 
    create index idx_record_deleted_at 
       on financial_records (deleted_at)
Hibernate: 
    create index idx_user_role 
       on users (role)
Hibernate: 
    create index idx_user_status 
       on users (status)
Hibernate: 
    alter table if exists financial_records 
       add constraint FK3iiyhh031thqq7e200pa1gohq 
       foreign key (created_by) 
       references users
2026-04-05T11:23:25.608+05:30  INFO 25364 --- [financeboard-api] [           main] j.LocalContainerEntityManagerFactoryBean : Initialized JPA EntityManagerFactory for persistence unit 'default'
2026-04-05T11:23:25.690+05:30  WARN 25364 --- [financeboard-api] [           main] JpaBaseConfiguration$JpaWebConfiguration : spring.jpa.open-in-view is enabled by default. Therefore, database queries may be performed during view rendering. Explicitly configure spring.jpa.open-in-view to disable this warning
2026-04-05T11:23:25.738+05:30  INFO 25364 --- [financeboard-api] [           main] o.s.s.web.DefaultSecurityFilterChain     : Will secure any request with [org.springframework.security.web.session.DisableEncodeUrlFilter@53413a1a, org.springframework.security.web.context.request.async.WebAsyncManagerIntegrationFilter@1d0ed7d8, org.springframework.security.web.context.SecurityContextHolderFilter@76242b2c, org.springframework.security.web.header.HeaderWriterFilter@2485325, org.springframework.web.filter.CorsFilter@52ce568, org.springframework.security.web.authentication.logout.LogoutFilter@56b3165c, com.financeboard.security.JwtFilter@d99e0ea, org.springframework.security.web.savedrequest.RequestCacheAwareFilter@2dfabaea, org.springframework.security.web.servletapi.SecurityContextHolderAwareRequestFilter@6deb050b, org.springframework.security.web.authentication.AnonymousAuthenticationFilter@1c25b58d, org.springframework.security.web.session.SessionManagementFilter@1fae6618, org.springframework.security.web.access.ExceptionTranslationFilter@51d15a98, org.springframework.security.web.access.intercept.AuthorizationFilter@1b104000]
2026-04-05T11:23:25.789+05:30  INFO 25364 --- [financeboard-api] [           main] o.s.b.a.h2.H2ConsoleAutoConfiguration    : H2 console available at '/h2-console'. Database available at 'jdbc:h2:mem:financeboard'
2026-04-05T11:23:25.805+05:30  INFO 25364 --- [financeboard-api] [           main] c.f.FinanceBoardApplicationTests         : Started FinanceBoardApplicationTests in 0.491 seconds (process running for 9.435)
Hibernate: 
    select
        count(*) 
    from
        users u1_0
2026-04-05T11:23:25.808+05:30  INFO 25364 --- [financeboard-api] [           main] c.financeboard.config.DataInitializer    : === Seeding development data ===
Hibernate: 
    insert 
    into
        users
        (created_at, email, name, password, role, status, updated_at, id) 
    values
        (?, ?, ?, ?, ?, ?, ?, ?)
Hibernate: 
    insert 
    into
        users
        (created_at, email, name, password, role, status, updated_at, id) 
    values
        (?, ?, ?, ?, ?, ?, ?, ?)
Hibernate: 
    insert 
    into
        users
        (created_at, email, name, password, role, status, updated_at, id) 
    values
        (?, ?, ?, ?, ?, ?, ?, ?)
2026-04-05T11:23:25.987+05:30  INFO 25364 --- [financeboard-api] [           main] c.financeboard.config.DataInitializer    : Seeded 3 users: admin, analyst, viewer
Hibernate: 
    insert 
    into
        financial_records
        (amount, category, created_at, created_by, date, deleted_at, notes, type, updated_at, id) 
    values
        (?, ?, ?, ?, ?, ?, ?, ?, ?, ?)
Hibernate: 
    insert 
    into
        financial_records
        (amount, category, created_at, created_by, date, deleted_at, notes, type, updated_at, id) 
    values
        (?, ?, ?, ?, ?, ?, ?, ?, ?, ?)
Hibernate: 
    insert 
    into
        financial_records
        (amount, category, created_at, created_by, date, deleted_at, notes, type, updated_at, id) 
    values
        (?, ?, ?, ?, ?, ?, ?, ?, ?, ?)
Hibernate: 
    insert 
    into
        financial_records
        (amount, category, created_at, created_by, date, deleted_at, notes, type, updated_at, id) 
    values
        (?, ?, ?, ?, ?, ?, ?, ?, ?, ?)
Hibernate: 
    insert 
    into
        financial_records
        (amount, category, created_at, created_by, date, deleted_at, notes, type, updated_at, id) 
    values
        (?, ?, ?, ?, ?, ?, ?, ?, ?, ?)
Hibernate: 
    insert 
    into
        financial_records
        (amount, category, created_at, created_by, date, deleted_at, notes, type, updated_at, id) 
    values
        (?, ?, ?, ?, ?, ?, ?, ?, ?, ?)
Hibernate: 
    insert 
    into
        financial_records
        (amount, category, created_at, created_by, date, deleted_at, notes, type, updated_at, id) 
    values
        (?, ?, ?, ?, ?, ?, ?, ?, ?, ?)
Hibernate: 
    insert 
    into
        financial_records
        (amount, category, created_at, created_by, date, deleted_at, notes, type, updated_at, id) 
    values
        (?, ?, ?, ?, ?, ?, ?, ?, ?, ?)
Hibernate: 
    insert 
    into
        financial_records
        (amount, category, created_at, created_by, date, deleted_at, notes, type, updated_at, id) 
    values
        (?, ?, ?, ?, ?, ?, ?, ?, ?, ?)
Hibernate: 
    insert 
    into
        financial_records
        (amount, category, created_at, created_by, date, deleted_at, notes, type, updated_at, id) 
    values
        (?, ?, ?, ?, ?, ?, ?, ?, ?, ?)
Hibernate: 
    insert 
    into
        financial_records
        (amount, category, created_at, created_by, date, deleted_at, notes, type, updated_at, id) 
    values
        (?, ?, ?, ?, ?, ?, ?, ?, ?, ?)
Hibernate: 
    insert 
    into
        financial_records
        (amount, category, created_at, created_by, date, deleted_at, notes, type, updated_at, id) 
    values
        (?, ?, ?, ?, ?, ?, ?, ?, ?, ?)
Hibernate: 
    insert 
    into
        financial_records
        (amount, category, created_at, created_by, date, deleted_at, notes, type, updated_at, id) 
    values
        (?, ?, ?, ?, ?, ?, ?, ?, ?, ?)
Hibernate: 
    insert 
    into
        financial_records
        (amount, category, created_at, created_by, date, deleted_at, notes, type, updated_at, id) 
    values
        (?, ?, ?, ?, ?, ?, ?, ?, ?, ?)
Hibernate: 
    insert 
    into
        financial_records
        (amount, category, created_at, created_by, date, deleted_at, notes, type, updated_at, id) 
    values
        (?, ?, ?, ?, ?, ?, ?, ?, ?, ?)
Hibernate: 
    insert 
    into
        financial_records
        (amount, category, created_at, created_by, date, deleted_at, notes, type, updated_at, id) 
    values
        (?, ?, ?, ?, ?, ?, ?, ?, ?, ?)
Hibernate: 
    insert 
    into
        financial_records
        (amount, category, created_at, created_by, date, deleted_at, notes, type, updated_at, id) 
    values
        (?, ?, ?, ?, ?, ?, ?, ?, ?, ?)
Hibernate: 
    insert 
    into
        financial_records
        (amount, category, created_at, created_by, date, deleted_at, notes, type, updated_at, id) 
    values
        (?, ?, ?, ?, ?, ?, ?, ?, ?, ?)
Hibernate: 
    insert 
    into
        financial_records
        (amount, category, created_at, created_by, date, deleted_at, notes, type, updated_at, id) 
    values
        (?, ?, ?, ?, ?, ?, ?, ?, ?, ?)
Hibernate: 
    insert 
    into
        financial_records
        (amount, category, created_at, created_by, date, deleted_at, notes, type, updated_at, id) 
    values
        (?, ?, ?, ?, ?, ?, ?, ?, ?, ?)
2026-04-05T11:23:26.013+05:30  INFO 25364 --- [financeboard-api] [           main] c.financeboard.config.DataInitializer    : Seeded 20 financial records.
2026-04-05T11:23:26.013+05:30  INFO 25364 --- [financeboard-api] [           main] c.financeboard.config.DataInitializer    : === Data seeding complete ===
[INFO] Tests run: 1, Failures: 0, Errors: 0, Skipped: 0, Time elapsed: 0.710 s -- in com.financeboard.FinanceBoardApplicationTests
[INFO] Running com.financeboard.service.AuthServiceTest
[INFO] Running com.financeboard.service.AuthServiceTest$Login
[ERROR] Tests run: 2, Failures: 0, Errors: 2, Skipped: 0, Time elapsed: 0.317 s <<< FAILURE! -- in com.financeboard.service.AuthServiceTest$Login
[ERROR] com.financeboard.service.AuthServiceTest$Login.shouldLoginWithValidCredentials -- Time elapsed: 0.253 s <<< ERROR!
org.mockito.exceptions.base.MockitoException: 

Mockito cannot mock this class: class com.financeboard.security.JwtUtil.

If you're not sure why you're getting this error, please open an issue on GitHub.


Java               : 23
JVM vendor name    : Oracle Corporation
JVM vendor version : 23.0.1+11-39
JVM name           : Java HotSpot(TM) 64-Bit Server VM
JVM version        : 23.0.1+11-39
JVM info           : mixed mode, sharing
OS name            : Windows 11
OS version         : 10.0


You are seeing this disclaimer because Mockito is configured to create inlined mocks.
You can learn about inline mocks and their limitations under item #39 of the Mockito class javadoc.

Underlying exception : org.mockito.exceptions.base.MockitoException: Could not modify all classes [class com.financeboard.security.JwtUtil, class java.lang.Object]
	at org.mockito.junit.jupiter.MockitoExtension.beforeEach(MockitoExtension.java:159)
	at java.base/java.util.ArrayList.forEach(ArrayList.java:1597)
	at java.base/java.util.ArrayList.forEach(ArrayList.java:1597)
	at java.base/java.util.ArrayList.forEach(ArrayList.java:1597)
	Suppressed: java.lang.NullPointerException: Cannot invoke "java.util.Set.forEach(java.util.function.Consumer)" because the return value of "org.junit.jupiter.api.extension.ExtensionContext$Store.remove(Object, java.lang.Class)" is null
		at org.mockito.junit.jupiter.MockitoExtension.afterEach(MockitoExtension.java:190)
		... 3 more
Caused by: org.mockito.exceptions.base.MockitoException: Could not modify all classes [class com.financeboard.security.JwtUtil, class java.lang.Object]
	at net.bytebuddy.TypeCache.findOrInsert(TypeCache.java:168)
	at net.bytebuddy.TypeCache$WithInlineExpunction.findOrInsert(TypeCache.java:399)
	at net.bytebuddy.TypeCache.findOrInsert(TypeCache.java:190)
	at net.bytebuddy.TypeCache$WithInlineExpunction.findOrInsert(TypeCache.java:410)
	... 4 more
Caused by: java.lang.IllegalStateException: 
Byte Buddy could not instrument all classes within the mock's type hierarchy

This problem should never occur for javac-compiled classes. This problem has been observed for classes that are:
 - Compiled by older versions of scalac
 - Classes that are part of the Android distribution
	at org.mockito.internal.creation.bytebuddy.InlineBytecodeGenerator.triggerRetransformation(InlineBytecodeGenerator.java:285)
	at org.mockito.internal.creation.bytebuddy.InlineBytecodeGenerator.mockClass(InlineBytecodeGenerator.java:218)
	at org.mockito.internal.creation.bytebuddy.TypeCachingBytecodeGenerator.lambda$mockClass$0(TypeCachingBytecodeGenerator.java:78)
	at net.bytebuddy.TypeCache.findOrInsert(TypeCache.java:168)
	at net.bytebuddy.TypeCache$WithInlineExpunction.findOrInsert(TypeCache.java:399)
	at net.bytebuddy.TypeCache.findOrInsert(TypeCache.java:190)
	at net.bytebuddy.TypeCache$WithInlineExpunction.findOrInsert(TypeCache.java:410)
	at org.mockito.internal.creation.bytebuddy.TypeCachingBytecodeGenerator.mockClass(TypeCachingBytecodeGenerator.java:75)
	at org.mockito.internal.creation.bytebuddy.InlineDelegateByteBuddyMockMaker.createMockType(InlineDelegateByteBuddyMockMaker.java:412)
	at org.mockito.internal.creation.bytebuddy.InlineDelegateByteBuddyMockMaker.doCreateMock(InlineDelegateByteBuddyMockMaker.java:371)
	at org.mockito.internal.creation.bytebuddy.InlineDelegateByteBuddyMockMaker.createMock(InlineDelegateByteBuddyMockMaker.java:350)
	at org.mockito.internal.creation.bytebuddy.InlineByteBuddyMockMaker.createMock(InlineByteBuddyMockMaker.java:56)
	at org.mockito.internal.util.MockUtil.createMock(MockUtil.java:99)
	at org.mockito.internal.MockitoCore.mock(MockitoCore.java:88)
	at org.mockito.Mockito.mock(Mockito.java:2101)
	at org.mockito.internal.configuration.MockAnnotationProcessor.processAnnotationForMock(MockAnnotationProcessor.java:79)
	at org.mockito.internal.configuration.MockAnnotationProcessor.process(MockAnnotationProcessor.java:28)
	at org.mockito.internal.configuration.MockAnnotationProcessor.process(MockAnnotationProcessor.java:25)
	at org.mockito.internal.configuration.IndependentAnnotationEngine.createMockFor(IndependentAnnotationEngine.java:44)
	at org.mockito.internal.configuration.IndependentAnnotationEngine.process(IndependentAnnotationEngine.java:72)
	at org.mockito.internal.configuration.InjectingAnnotationEngine.processIndependentAnnotations(InjectingAnnotationEngine.java:62)
	at org.mockito.internal.configuration.InjectingAnnotationEngine.process(InjectingAnnotationEngine.java:47)
	at org.mockito.MockitoAnnotations.openMocks(MockitoAnnotations.java:81)
	at org.mockito.internal.framework.DefaultMockitoSession.<init>(DefaultMockitoSession.java:43)
	at org.mockito.internal.session.DefaultMockitoSessionBuilder.startMocking(DefaultMockitoSessionBuilder.java:83)
	... 4 more
Caused by: java.lang.IllegalArgumentException: Java 23 (67) is not supported by the current version of Byte Buddy which officially supports Java 22 (66) - update Byte Buddy or set net.bytebuddy.experimental as a VM property
	at net.bytebuddy.utility.OpenedClassReader.of(OpenedClassReader.java:100)
	at net.bytebuddy.dynamic.scaffold.TypeWriter$Default$ForInlining.create(TypeWriter.java:4011)
	at net.bytebuddy.dynamic.scaffold.TypeWriter$Default.make(TypeWriter.java:2224)
	at net.bytebuddy.dynamic.DynamicType$Builder$AbstractBase$UsingTypeWriter.make(DynamicType.java:4055)
	at net.bytebuddy.dynamic.DynamicType$Builder$AbstractBase.make(DynamicType.java:3739)
	at org.mockito.internal.creation.bytebuddy.InlineBytecodeGenerator.transform(InlineBytecodeGenerator.java:402)
	at java.instrument/java.lang.instrument.ClassFileTransformer.transform(ClassFileTransformer.java:242)
	at java.instrument/sun.instrument.TransformerManager.transform(TransformerManager.java:188)
	at java.instrument/sun.instrument.InstrumentationImpl.transform(InstrumentationImpl.java:610)
	at java.instrument/sun.instrument.InstrumentationImpl.retransformClasses0(Native Method)
	at java.instrument/sun.instrument.InstrumentationImpl.retransformClasses(InstrumentationImpl.java:225)
	at org.mockito.internal.creation.bytebuddy.InlineBytecodeGenerator.triggerRetransformation(InlineBytecodeGenerator.java:281)
	... 28 more

[ERROR] com.financeboard.service.AuthServiceTest$Login.shouldRejectInvalidCredentials -- Time elapsed: 0.051 s <<< ERROR!
org.mockito.exceptions.base.MockitoException: 

Mockito cannot mock this class: class com.financeboard.security.JwtUtil.

If you're not sure why you're getting this error, please open an issue on GitHub.


Java               : 23
JVM vendor name    : Oracle Corporation
JVM vendor version : 23.0.1+11-39
JVM name           : Java HotSpot(TM) 64-Bit Server VM
JVM version        : 23.0.1+11-39
JVM info           : mixed mode, sharing
OS name            : Windows 11
OS version         : 10.0


You are seeing this disclaimer because Mockito is configured to create inlined mocks.
You can learn about inline mocks and their limitations under item #39 of the Mockito class javadoc.

Underlying exception : org.mockito.exceptions.base.MockitoException: Could not modify all classes [class com.financeboard.security.JwtUtil, class java.lang.Object]
	at org.mockito.junit.jupiter.MockitoExtension.beforeEach(MockitoExtension.java:159)
	at java.base/java.util.ArrayList.forEach(ArrayList.java:1597)
	at java.base/java.util.ArrayList.forEach(ArrayList.java:1597)
	at java.base/java.util.ArrayList.forEach(ArrayList.java:1597)
	Suppressed: java.lang.NullPointerException: Cannot invoke "java.util.Set.forEach(java.util.function.Consumer)" because the return value of "org.junit.jupiter.api.extension.ExtensionContext$Store.remove(Object, java.lang.Class)" is null
		at org.mockito.junit.jupiter.MockitoExtension.afterEach(MockitoExtension.java:190)
		... 3 more
Caused by: org.mockito.exceptions.base.MockitoException: Could not modify all classes [class com.financeboard.security.JwtUtil, class java.lang.Object]
	at net.bytebuddy.TypeCache.findOrInsert(TypeCache.java:168)
	at net.bytebuddy.TypeCache$WithInlineExpunction.findOrInsert(TypeCache.java:399)
	at net.bytebuddy.TypeCache.findOrInsert(TypeCache.java:190)
	at net.bytebuddy.TypeCache$WithInlineExpunction.findOrInsert(TypeCache.java:410)
	... 4 more
Caused by: java.lang.IllegalStateException: 
Byte Buddy could not instrument all classes within the mock's type hierarchy

This problem should never occur for javac-compiled classes. This problem has been observed for classes that are:
 - Compiled by older versions of scalac
 - Classes that are part of the Android distribution
	at org.mockito.internal.creation.bytebuddy.InlineBytecodeGenerator.triggerRetransformation(InlineBytecodeGenerator.java:285)
	at org.mockito.internal.creation.bytebuddy.InlineBytecodeGenerator.mockClass(InlineBytecodeGenerator.java:218)
	at org.mockito.internal.creation.bytebuddy.TypeCachingBytecodeGenerator.lambda$mockClass$0(TypeCachingBytecodeGenerator.java:78)
	at net.bytebuddy.TypeCache.findOrInsert(TypeCache.java:168)
	at net.bytebuddy.TypeCache$WithInlineExpunction.findOrInsert(TypeCache.java:399)
	at net.bytebuddy.TypeCache.findOrInsert(TypeCache.java:190)
	at net.bytebuddy.TypeCache$WithInlineExpunction.findOrInsert(TypeCache.java:410)
	at org.mockito.internal.creation.bytebuddy.TypeCachingBytecodeGenerator.mockClass(TypeCachingBytecodeGenerator.java:75)
	at org.mockito.internal.creation.bytebuddy.InlineDelegateByteBuddyMockMaker.createMockType(InlineDelegateByteBuddyMockMaker.java:412)
	at org.mockito.internal.creation.bytebuddy.InlineDelegateByteBuddyMockMaker.doCreateMock(InlineDelegateByteBuddyMockMaker.java:371)
	at org.mockito.internal.creation.bytebuddy.InlineDelegateByteBuddyMockMaker.createMock(InlineDelegateByteBuddyMockMaker.java:350)
	at org.mockito.internal.creation.bytebuddy.InlineByteBuddyMockMaker.createMock(InlineByteBuddyMockMaker.java:56)
	at org.mockito.internal.util.MockUtil.createMock(MockUtil.java:99)
	at org.mockito.internal.MockitoCore.mock(MockitoCore.java:88)
	at org.mockito.Mockito.mock(Mockito.java:2101)
	at org.mockito.internal.configuration.MockAnnotationProcessor.processAnnotationForMock(MockAnnotationProcessor.java:79)
	at org.mockito.internal.configuration.MockAnnotationProcessor.process(MockAnnotationProcessor.java:28)
	at org.mockito.internal.configuration.MockAnnotationProcessor.process(MockAnnotationProcessor.java:25)
	at org.mockito.internal.configuration.IndependentAnnotationEngine.createMockFor(IndependentAnnotationEngine.java:44)
	at org.mockito.internal.configuration.IndependentAnnotationEngine.process(IndependentAnnotationEngine.java:72)
	at org.mockito.internal.configuration.InjectingAnnotationEngine.processIndependentAnnotations(InjectingAnnotationEngine.java:62)
	at org.mockito.internal.configuration.InjectingAnnotationEngine.process(InjectingAnnotationEngine.java:47)
	at org.mockito.MockitoAnnotations.openMocks(MockitoAnnotations.java:81)
	at org.mockito.internal.framework.DefaultMockitoSession.<init>(DefaultMockitoSession.java:43)
	at org.mockito.internal.session.DefaultMockitoSessionBuilder.startMocking(DefaultMockitoSessionBuilder.java:83)
	... 4 more
Caused by: java.lang.IllegalArgumentException: Java 23 (67) is not supported by the current version of Byte Buddy which officially supports Java 22 (66) - update Byte Buddy or set net.bytebuddy.experimental as a VM property
	at net.bytebuddy.utility.OpenedClassReader.of(OpenedClassReader.java:100)
	at net.bytebuddy.dynamic.scaffold.TypeWriter$Default$ForInlining.create(TypeWriter.java:4011)
	at net.bytebuddy.dynamic.scaffold.TypeWriter$Default.make(TypeWriter.java:2224)
	at net.bytebuddy.dynamic.DynamicType$Builder$AbstractBase$UsingTypeWriter.make(DynamicType.java:4055)
	at net.bytebuddy.dynamic.DynamicType$Builder$AbstractBase.make(DynamicType.java:3739)
	at org.mockito.internal.creation.bytebuddy.InlineBytecodeGenerator.transform(InlineBytecodeGenerator.java:402)
	at java.instrument/java.lang.instrument.ClassFileTransformer.transform(ClassFileTransformer.java:242)
	at java.instrument/sun.instrument.TransformerManager.transform(TransformerManager.java:188)
	at java.instrument/sun.instrument.InstrumentationImpl.transform(InstrumentationImpl.java:610)
	at java.instrument/sun.instrument.InstrumentationImpl.retransformClasses0(Native Method)
	at java.instrument/sun.instrument.InstrumentationImpl.retransformClasses(InstrumentationImpl.java:225)
	at org.mockito.internal.creation.bytebuddy.InlineBytecodeGenerator.triggerRetransformation(InlineBytecodeGenerator.java:281)
	... 28 more

[INFO] Running com.financeboard.service.AuthServiceTest$Registration
[ERROR] Tests run: 3, Failures: 0, Errors: 3, Skipped: 0, Time elapsed: 0.149 s <<< FAILURE! -- in com.financeboard.service.AuthServiceTest$Registration
[ERROR] com.financeboard.service.AuthServiceTest$Registration.shouldRejectDuplicateEmail -- Time elapsed: 0.049 s <<< ERROR!
org.mockito.exceptions.base.MockitoException: 

Mockito cannot mock this class: class com.financeboard.security.JwtUtil.

If you're not sure why you're getting this error, please open an issue on GitHub.


Java               : 23
JVM vendor name    : Oracle Corporation
JVM vendor version : 23.0.1+11-39
JVM name           : Java HotSpot(TM) 64-Bit Server VM
JVM version        : 23.0.1+11-39
JVM info           : mixed mode, sharing
OS name            : Windows 11
OS version         : 10.0


You are seeing this disclaimer because Mockito is configured to create inlined mocks.
You can learn about inline mocks and their limitations under item #39 of the Mockito class javadoc.

Underlying exception : org.mockito.exceptions.base.MockitoException: Could not modify all classes [class com.financeboard.security.JwtUtil, class java.lang.Object]
	at org.mockito.junit.jupiter.MockitoExtension.beforeEach(MockitoExtension.java:159)
	at java.base/java.util.ArrayList.forEach(ArrayList.java:1597)
	at java.base/java.util.ArrayList.forEach(ArrayList.java:1597)
	at java.base/java.util.ArrayList.forEach(ArrayList.java:1597)
	Suppressed: java.lang.NullPointerException: Cannot invoke "java.util.Set.forEach(java.util.function.Consumer)" because the return value of "org.junit.jupiter.api.extension.ExtensionContext$Store.remove(Object, java.lang.Class)" is null
		at org.mockito.junit.jupiter.MockitoExtension.afterEach(MockitoExtension.java:190)
		... 3 more
Caused by: org.mockito.exceptions.base.MockitoException: Could not modify all classes [class com.financeboard.security.JwtUtil, class java.lang.Object]
	at net.bytebuddy.TypeCache.findOrInsert(TypeCache.java:168)
	at net.bytebuddy.TypeCache$WithInlineExpunction.findOrInsert(TypeCache.java:399)
	at net.bytebuddy.TypeCache.findOrInsert(TypeCache.java:190)
	at net.bytebuddy.TypeCache$WithInlineExpunction.findOrInsert(TypeCache.java:410)
	... 4 more
Caused by: java.lang.IllegalStateException: 
Byte Buddy could not instrument all classes within the mock's type hierarchy

This problem should never occur for javac-compiled classes. This problem has been observed for classes that are:
 - Compiled by older versions of scalac
 - Classes that are part of the Android distribution
	at org.mockito.internal.creation.bytebuddy.InlineBytecodeGenerator.triggerRetransformation(InlineBytecodeGenerator.java:285)
	at org.mockito.internal.creation.bytebuddy.InlineBytecodeGenerator.mockClass(InlineBytecodeGenerator.java:218)
	at org.mockito.internal.creation.bytebuddy.TypeCachingBytecodeGenerator.lambda$mockClass$0(TypeCachingBytecodeGenerator.java:78)
	at net.bytebuddy.TypeCache.findOrInsert(TypeCache.java:168)
	at net.bytebuddy.TypeCache$WithInlineExpunction.findOrInsert(TypeCache.java:399)
	at net.bytebuddy.TypeCache.findOrInsert(TypeCache.java:190)
	at net.bytebuddy.TypeCache$WithInlineExpunction.findOrInsert(TypeCache.java:410)
	at org.mockito.internal.creation.bytebuddy.TypeCachingBytecodeGenerator.mockClass(TypeCachingBytecodeGenerator.java:75)
	at org.mockito.internal.creation.bytebuddy.InlineDelegateByteBuddyMockMaker.createMockType(InlineDelegateByteBuddyMockMaker.java:412)
	at org.mockito.internal.creation.bytebuddy.InlineDelegateByteBuddyMockMaker.doCreateMock(InlineDelegateByteBuddyMockMaker.java:371)
	at org.mockito.internal.creation.bytebuddy.InlineDelegateByteBuddyMockMaker.createMock(InlineDelegateByteBuddyMockMaker.java:350)
	at org.mockito.internal.creation.bytebuddy.InlineByteBuddyMockMaker.createMock(InlineByteBuddyMockMaker.java:56)
	at org.mockito.internal.util.MockUtil.createMock(MockUtil.java:99)
	at org.mockito.internal.MockitoCore.mock(MockitoCore.java:88)
	at org.mockito.Mockito.mock(Mockito.java:2101)
	at org.mockito.internal.configuration.MockAnnotationProcessor.processAnnotationForMock(MockAnnotationProcessor.java:79)
	at org.mockito.internal.configuration.MockAnnotationProcessor.process(MockAnnotationProcessor.java:28)
	at org.mockito.internal.configuration.MockAnnotationProcessor.process(MockAnnotationProcessor.java:25)
	at org.mockito.internal.configuration.IndependentAnnotationEngine.createMockFor(IndependentAnnotationEngine.java:44)
	at org.mockito.internal.configuration.IndependentAnnotationEngine.process(IndependentAnnotationEngine.java:72)
	at org.mockito.internal.configuration.InjectingAnnotationEngine.processIndependentAnnotations(InjectingAnnotationEngine.java:62)
	at org.mockito.internal.configuration.InjectingAnnotationEngine.process(InjectingAnnotationEngine.java:47)
	at org.mockito.MockitoAnnotations.openMocks(MockitoAnnotations.java:81)
	at org.mockito.internal.framework.DefaultMockitoSession.<init>(DefaultMockitoSession.java:43)
	at org.mockito.internal.session.DefaultMockitoSessionBuilder.startMocking(DefaultMockitoSessionBuilder.java:83)
	... 4 more
Caused by: java.lang.IllegalArgumentException: Java 23 (67) is not supported by the current version of Byte Buddy which officially supports Java 22 (66) - update Byte Buddy or set net.bytebuddy.experimental as a VM property
	at net.bytebuddy.utility.OpenedClassReader.of(OpenedClassReader.java:100)
	at net.bytebuddy.dynamic.scaffold.TypeWriter$Default$ForInlining.create(TypeWriter.java:4011)
	at net.bytebuddy.dynamic.scaffold.TypeWriter$Default.make(TypeWriter.java:2224)
	at net.bytebuddy.dynamic.DynamicType$Builder$AbstractBase$UsingTypeWriter.make(DynamicType.java:4055)
	at net.bytebuddy.dynamic.DynamicType$Builder$AbstractBase.make(DynamicType.java:3739)
	at org.mockito.internal.creation.bytebuddy.InlineBytecodeGenerator.transform(InlineBytecodeGenerator.java:402)
	at java.instrument/java.lang.instrument.ClassFileTransformer.transform(ClassFileTransformer.java:242)
	at java.instrument/sun.instrument.TransformerManager.transform(TransformerManager.java:188)
	at java.instrument/sun.instrument.InstrumentationImpl.transform(InstrumentationImpl.java:610)
	at java.instrument/sun.instrument.InstrumentationImpl.retransformClasses0(Native Method)
	at java.instrument/sun.instrument.InstrumentationImpl.retransformClasses(InstrumentationImpl.java:225)
	at org.mockito.internal.creation.bytebuddy.InlineBytecodeGenerator.triggerRetransformation(InlineBytecodeGenerator.java:281)
	... 28 more

[ERROR] com.financeboard.service.AuthServiceTest$Registration.shouldDefaultRoleToViewer -- Time elapsed: 0.042 s <<< ERROR!
org.mockito.exceptions.base.MockitoException: 

Mockito cannot mock this class: class com.financeboard.security.JwtUtil.

If you're not sure why you're getting this error, please open an issue on GitHub.


Java               : 23
JVM vendor name    : Oracle Corporation
JVM vendor version : 23.0.1+11-39
JVM name           : Java HotSpot(TM) 64-Bit Server VM
JVM version        : 23.0.1+11-39
JVM info           : mixed mode, sharing
OS name            : Windows 11
OS version         : 10.0


You are seeing this disclaimer because Mockito is configured to create inlined mocks.
You can learn about inline mocks and their limitations under item #39 of the Mockito class javadoc.

Underlying exception : org.mockito.exceptions.base.MockitoException: Could not modify all classes [class com.financeboard.security.JwtUtil, class java.lang.Object]
	at org.mockito.junit.jupiter.MockitoExtension.beforeEach(MockitoExtension.java:159)
	at java.base/java.util.ArrayList.forEach(ArrayList.java:1597)
	at java.base/java.util.ArrayList.forEach(ArrayList.java:1597)
	at java.base/java.util.ArrayList.forEach(ArrayList.java:1597)
	Suppressed: java.lang.NullPointerException: Cannot invoke "java.util.Set.forEach(java.util.function.Consumer)" because the return value of "org.junit.jupiter.api.extension.ExtensionContext$Store.remove(Object, java.lang.Class)" is null
		at org.mockito.junit.jupiter.MockitoExtension.afterEach(MockitoExtension.java:190)
		... 3 more
Caused by: org.mockito.exceptions.base.MockitoException: Could not modify all classes [class com.financeboard.security.JwtUtil, class java.lang.Object]
	at net.bytebuddy.TypeCache.findOrInsert(TypeCache.java:168)
	at net.bytebuddy.TypeCache$WithInlineExpunction.findOrInsert(TypeCache.java:399)
	at net.bytebuddy.TypeCache.findOrInsert(TypeCache.java:190)
	at net.bytebuddy.TypeCache$WithInlineExpunction.findOrInsert(TypeCache.java:410)
	... 4 more
Caused by: java.lang.IllegalStateException: 
Byte Buddy could not instrument all classes within the mock's type hierarchy

This problem should never occur for javac-compiled classes. This problem has been observed for classes that are:
 - Compiled by older versions of scalac
 - Classes that are part of the Android distribution
	at org.mockito.internal.creation.bytebuddy.InlineBytecodeGenerator.triggerRetransformation(InlineBytecodeGenerator.java:285)
	at org.mockito.internal.creation.bytebuddy.InlineBytecodeGenerator.mockClass(InlineBytecodeGenerator.java:218)
	at org.mockito.internal.creation.bytebuddy.TypeCachingBytecodeGenerator.lambda$mockClass$0(TypeCachingBytecodeGenerator.java:78)
	at net.bytebuddy.TypeCache.findOrInsert(TypeCache.java:168)
	at net.bytebuddy.TypeCache$WithInlineExpunction.findOrInsert(TypeCache.java:399)
	at net.bytebuddy.TypeCache.findOrInsert(TypeCache.java:190)
	at net.bytebuddy.TypeCache$WithInlineExpunction.findOrInsert(TypeCache.java:410)
	at org.mockito.internal.creation.bytebuddy.TypeCachingBytecodeGenerator.mockClass(TypeCachingBytecodeGenerator.java:75)
	at org.mockito.internal.creation.bytebuddy.InlineDelegateByteBuddyMockMaker.createMockType(InlineDelegateByteBuddyMockMaker.java:412)
	at org.mockito.internal.creation.bytebuddy.InlineDelegateByteBuddyMockMaker.doCreateMock(InlineDelegateByteBuddyMockMaker.java:371)
	at org.mockito.internal.creation.bytebuddy.InlineDelegateByteBuddyMockMaker.createMock(InlineDelegateByteBuddyMockMaker.java:350)
	at org.mockito.internal.creation.bytebuddy.InlineByteBuddyMockMaker.createMock(InlineByteBuddyMockMaker.java:56)
	at org.mockito.internal.util.MockUtil.createMock(MockUtil.java:99)
	at org.mockito.internal.MockitoCore.mock(MockitoCore.java:88)
	at org.mockito.Mockito.mock(Mockito.java:2101)
	at org.mockito.internal.configuration.MockAnnotationProcessor.processAnnotationForMock(MockAnnotationProcessor.java:79)
	at org.mockito.internal.configuration.MockAnnotationProcessor.process(MockAnnotationProcessor.java:28)
	at org.mockito.internal.configuration.MockAnnotationProcessor.process(MockAnnotationProcessor.java:25)
	at org.mockito.internal.configuration.IndependentAnnotationEngine.createMockFor(IndependentAnnotationEngine.java:44)
	at org.mockito.internal.configuration.IndependentAnnotationEngine.process(IndependentAnnotationEngine.java:72)
	at org.mockito.internal.configuration.InjectingAnnotationEngine.processIndependentAnnotations(InjectingAnnotationEngine.java:62)
	at org.mockito.internal.configuration.InjectingAnnotationEngine.process(InjectingAnnotationEngine.java:47)
	at org.mockito.MockitoAnnotations.openMocks(MockitoAnnotations.java:81)
	at org.mockito.internal.framework.DefaultMockitoSession.<init>(DefaultMockitoSession.java:43)
	at org.mockito.internal.session.DefaultMockitoSessionBuilder.startMocking(DefaultMockitoSessionBuilder.java:83)
	... 4 more
Caused by: java.lang.IllegalArgumentException: Java 23 (67) is not supported by the current version of Byte Buddy which officially supports Java 22 (66) - update Byte Buddy or set net.bytebuddy.experimental as a VM property
	at net.bytebuddy.utility.OpenedClassReader.of(OpenedClassReader.java:100)
	at net.bytebuddy.dynamic.scaffold.TypeWriter$Default$ForInlining.create(TypeWriter.java:4011)
	at net.bytebuddy.dynamic.scaffold.TypeWriter$Default.make(TypeWriter.java:2224)
	at net.bytebuddy.dynamic.DynamicType$Builder$AbstractBase$UsingTypeWriter.make(DynamicType.java:4055)
	at net.bytebuddy.dynamic.DynamicType$Builder$AbstractBase.make(DynamicType.java:3739)
	at org.mockito.internal.creation.bytebuddy.InlineBytecodeGenerator.transform(InlineBytecodeGenerator.java:402)
	at java.instrument/java.lang.instrument.ClassFileTransformer.transform(ClassFileTransformer.java:242)
	at java.instrument/sun.instrument.TransformerManager.transform(TransformerManager.java:188)
	at java.instrument/sun.instrument.InstrumentationImpl.transform(InstrumentationImpl.java:610)
	at java.instrument/sun.instrument.InstrumentationImpl.retransformClasses0(Native Method)
	at java.instrument/sun.instrument.InstrumentationImpl.retransformClasses(InstrumentationImpl.java:225)
	at org.mockito.internal.creation.bytebuddy.InlineBytecodeGenerator.triggerRetransformation(InlineBytecodeGenerator.java:281)
	... 28 more

[ERROR] com.financeboard.service.AuthServiceTest$Registration.shouldRegisterNewUser -- Time elapsed: 0.047 s <<< ERROR!
org.mockito.exceptions.base.MockitoException: 

Mockito cannot mock this class: class com.financeboard.security.JwtUtil.

If you're not sure why you're getting this error, please open an issue on GitHub.


Java               : 23
JVM vendor name    : Oracle Corporation
JVM vendor version : 23.0.1+11-39
JVM name           : Java HotSpot(TM) 64-Bit Server VM
JVM version        : 23.0.1+11-39
JVM info           : mixed mode, sharing
OS name            : Windows 11
OS version         : 10.0


You are seeing this disclaimer because Mockito is configured to create inlined mocks.
You can learn about inline mocks and their limitations under item #39 of the Mockito class javadoc.

Underlying exception : org.mockito.exceptions.base.MockitoException: Could not modify all classes [class com.financeboard.security.JwtUtil, class java.lang.Object]
	at org.mockito.junit.jupiter.MockitoExtension.beforeEach(MockitoExtension.java:159)
	at java.base/java.util.ArrayList.forEach(ArrayList.java:1597)
	at java.base/java.util.ArrayList.forEach(ArrayList.java:1597)
	at java.base/java.util.ArrayList.forEach(ArrayList.java:1597)
	Suppressed: java.lang.NullPointerException: Cannot invoke "java.util.Set.forEach(java.util.function.Consumer)" because the return value of "org.junit.jupiter.api.extension.ExtensionContext$Store.remove(Object, java.lang.Class)" is null
		at org.mockito.junit.jupiter.MockitoExtension.afterEach(MockitoExtension.java:190)
		... 3 more
Caused by: org.mockito.exceptions.base.MockitoException: Could not modify all classes [class com.financeboard.security.JwtUtil, class java.lang.Object]
	at net.bytebuddy.TypeCache.findOrInsert(TypeCache.java:168)
	at net.bytebuddy.TypeCache$WithInlineExpunction.findOrInsert(TypeCache.java:399)
	at net.bytebuddy.TypeCache.findOrInsert(TypeCache.java:190)
	at net.bytebuddy.TypeCache$WithInlineExpunction.findOrInsert(TypeCache.java:410)
	... 4 more
Caused by: java.lang.IllegalStateException: 
Byte Buddy could not instrument all classes within the mock's type hierarchy

This problem should never occur for javac-compiled classes. This problem has been observed for classes that are:
 - Compiled by older versions of scalac
 - Classes that are part of the Android distribution
	at org.mockito.internal.creation.bytebuddy.InlineBytecodeGenerator.triggerRetransformation(InlineBytecodeGenerator.java:285)
	at org.mockito.internal.creation.bytebuddy.InlineBytecodeGenerator.mockClass(InlineBytecodeGenerator.java:218)
	at org.mockito.internal.creation.bytebuddy.TypeCachingBytecodeGenerator.lambda$mockClass$0(TypeCachingBytecodeGenerator.java:78)
	at net.bytebuddy.TypeCache.findOrInsert(TypeCache.java:168)
	at net.bytebuddy.TypeCache$WithInlineExpunction.findOrInsert(TypeCache.java:399)
	at net.bytebuddy.TypeCache.findOrInsert(TypeCache.java:190)
	at net.bytebuddy.TypeCache$WithInlineExpunction.findOrInsert(TypeCache.java:410)
	at org.mockito.internal.creation.bytebuddy.TypeCachingBytecodeGenerator.mockClass(TypeCachingBytecodeGenerator.java:75)
	at org.mockito.internal.creation.bytebuddy.InlineDelegateByteBuddyMockMaker.createMockType(InlineDelegateByteBuddyMockMaker.java:412)
	at org.mockito.internal.creation.bytebuddy.InlineDelegateByteBuddyMockMaker.doCreateMock(InlineDelegateByteBuddyMockMaker.java:371)
	at org.mockito.internal.creation.bytebuddy.InlineDelegateByteBuddyMockMaker.createMock(InlineDelegateByteBuddyMockMaker.java:350)
	at org.mockito.internal.creation.bytebuddy.InlineByteBuddyMockMaker.createMock(InlineByteBuddyMockMaker.java:56)
	at org.mockito.internal.util.MockUtil.createMock(MockUtil.java:99)
	at org.mockito.internal.MockitoCore.mock(MockitoCore.java:88)
	at org.mockito.Mockito.mock(Mockito.java:2101)
	at org.mockito.internal.configuration.MockAnnotationProcessor.processAnnotationForMock(MockAnnotationProcessor.java:79)
	at org.mockito.internal.configuration.MockAnnotationProcessor.process(MockAnnotationProcessor.java:28)
	at org.mockito.internal.configuration.MockAnnotationProcessor.process(MockAnnotationProcessor.java:25)
	at org.mockito.internal.configuration.IndependentAnnotationEngine.createMockFor(IndependentAnnotationEngine.java:44)
	at org.mockito.internal.configuration.IndependentAnnotationEngine.process(IndependentAnnotationEngine.java:72)
	at org.mockito.internal.configuration.InjectingAnnotationEngine.processIndependentAnnotations(InjectingAnnotationEngine.java:62)
	at org.mockito.internal.configuration.InjectingAnnotationEngine.process(InjectingAnnotationEngine.java:47)
	at org.mockito.MockitoAnnotations.openMocks(MockitoAnnotations.java:81)
	at org.mockito.internal.framework.DefaultMockitoSession.<init>(DefaultMockitoSession.java:43)
	at org.mockito.internal.session.DefaultMockitoSessionBuilder.startMocking(DefaultMockitoSessionBuilder.java:83)
	... 4 more
Caused by: java.lang.IllegalArgumentException: Java 23 (67) is not supported by the current version of Byte Buddy which officially supports Java 22 (66) - update Byte Buddy or set net.bytebuddy.experimental as a VM property
	at net.bytebuddy.utility.OpenedClassReader.of(OpenedClassReader.java:100)
	at net.bytebuddy.dynamic.scaffold.TypeWriter$Default$ForInlining.create(TypeWriter.java:4011)
	at net.bytebuddy.dynamic.scaffold.TypeWriter$Default.make(TypeWriter.java:2224)
	at net.bytebuddy.dynamic.DynamicType$Builder$AbstractBase$UsingTypeWriter.make(DynamicType.java:4055)
	at net.bytebuddy.dynamic.DynamicType$Builder$AbstractBase.make(DynamicType.java:3739)
	at org.mockito.internal.creation.bytebuddy.InlineBytecodeGenerator.transform(InlineBytecodeGenerator.java:402)
	at java.instrument/java.lang.instrument.ClassFileTransformer.transform(ClassFileTransformer.java:242)
	at java.instrument/sun.instrument.TransformerManager.transform(TransformerManager.java:188)
	at java.instrument/sun.instrument.InstrumentationImpl.transform(InstrumentationImpl.java:610)
	at java.instrument/sun.instrument.InstrumentationImpl.retransformClasses0(Native Method)
	at java.instrument/sun.instrument.InstrumentationImpl.retransformClasses(InstrumentationImpl.java:225)
	at org.mockito.internal.creation.bytebuddy.InlineBytecodeGenerator.triggerRetransformation(InlineBytecodeGenerator.java:281)
	... 28 more

[INFO] Tests run: 0, Failures: 0, Errors: 0, Skipped: 0, Time elapsed: 0.475 s -- in com.financeboard.service.AuthServiceTest
[INFO] Running com.financeboard.service.DashboardServiceTest
[INFO] Tests run: 6, Failures: 0, Errors: 0, Skipped: 0, Time elapsed: 0.416 s -- in com.financeboard.service.DashboardServiceTest
[INFO] Running com.financeboard.service.RecordServiceTest
[INFO] Running com.financeboard.service.RecordServiceTest$SoftDelete
2026-04-05T11:23:26.932+05:30  INFO 25364 --- [financeboard-api] [           main] com.financeboard.service.RecordService   : Soft deleting record: b8e7d8a2-234e-49d4-95fb-f67a33d7889a
2026-04-05T11:23:26.942+05:30  INFO 25364 --- [financeboard-api] [           main] com.financeboard.service.RecordService   : Soft deleting record: ee44a874-5400-4aa5-8caa-370b470d61ff
[INFO] Tests run: 2, Failures: 0, Errors: 0, Skipped: 0, Time elapsed: 0.027 s -- in com.financeboard.service.RecordServiceTest$SoftDelete
[INFO] Running com.financeboard.service.RecordServiceTest$CreateRecord
[ERROR] Tests run: 1, Failures: 0, Errors: 1, Skipped: 0, Time elapsed: 0.047 s <<< FAILURE! -- in com.financeboard.service.RecordServiceTest$CreateRecord
[ERROR] com.financeboard.service.RecordServiceTest$CreateRecord.shouldCreateRecordWithCurrentUser -- Time elapsed: 0.045 s <<< ERROR!
org.mockito.exceptions.base.MockitoException: 

Mockito cannot mock this class: interface org.springframework.security.core.Authentication.

If you're not sure why you're getting this error, please open an issue on GitHub.


Java               : 23
JVM vendor name    : Oracle Corporation
JVM vendor version : 23.0.1+11-39
JVM name           : Java HotSpot(TM) 64-Bit Server VM
JVM version        : 23.0.1+11-39
JVM info           : mixed mode, sharing
OS name            : Windows 11
OS version         : 10.0


You are seeing this disclaimer because Mockito is configured to create inlined mocks.
You can learn about inline mocks and their limitations under item #39 of the Mockito class javadoc.

Underlying exception : org.mockito.exceptions.base.MockitoException: Could not modify all classes [interface java.security.Principal, interface java.io.Serializable, interface org.springframework.security.core.Authentication]
	at com.financeboard.service.RecordServiceTest$CreateRecord.shouldCreateRecordWithCurrentUser(RecordServiceTest.java:146)
	at java.base/java.lang.reflect.Method.invoke(Method.java:580)
	at java.base/java.util.ArrayList.forEach(ArrayList.java:1597)
	at java.base/java.util.ArrayList.forEach(ArrayList.java:1597)
	at java.base/java.util.ArrayList.forEach(ArrayList.java:1597)
Caused by: org.mockito.exceptions.base.MockitoException: Could not modify all classes [interface java.security.Principal, interface java.io.Serializable, interface org.springframework.security.core.Authentication]
	at net.bytebuddy.TypeCache.findOrInsert(TypeCache.java:168)
	at net.bytebuddy.TypeCache$WithInlineExpunction.findOrInsert(TypeCache.java:399)
	at net.bytebuddy.TypeCache.findOrInsert(TypeCache.java:190)
	at net.bytebuddy.TypeCache$WithInlineExpunction.findOrInsert(TypeCache.java:410)
	... 5 more
Caused by: java.lang.IllegalStateException: 
Byte Buddy could not instrument all classes within the mock's type hierarchy

This problem should never occur for javac-compiled classes. This problem has been observed for classes that are:
 - Compiled by older versions of scalac
 - Classes that are part of the Android distribution
	at org.mockito.internal.creation.bytebuddy.InlineBytecodeGenerator.triggerRetransformation(InlineBytecodeGenerator.java:285)
	at org.mockito.internal.creation.bytebuddy.InlineBytecodeGenerator.mockClass(InlineBytecodeGenerator.java:218)
	at org.mockito.internal.creation.bytebuddy.TypeCachingBytecodeGenerator.lambda$mockClass$0(TypeCachingBytecodeGenerator.java:78)
	at net.bytebuddy.TypeCache.findOrInsert(TypeCache.java:168)
	at net.bytebuddy.TypeCache$WithInlineExpunction.findOrInsert(TypeCache.java:399)
	at net.bytebuddy.TypeCache.findOrInsert(TypeCache.java:190)
	at net.bytebuddy.TypeCache$WithInlineExpunction.findOrInsert(TypeCache.java:410)
	at org.mockito.internal.creation.bytebuddy.TypeCachingBytecodeGenerator.mockClass(TypeCachingBytecodeGenerator.java:75)
	at org.mockito.internal.creation.bytebuddy.InlineDelegateByteBuddyMockMaker.createMockType(InlineDelegateByteBuddyMockMaker.java:412)
	at org.mockito.internal.creation.bytebuddy.InlineDelegateByteBuddyMockMaker.doCreateMock(InlineDelegateByteBuddyMockMaker.java:371)
	at org.mockito.internal.creation.bytebuddy.InlineDelegateByteBuddyMockMaker.createMock(InlineDelegateByteBuddyMockMaker.java:350)
	at org.mockito.internal.creation.bytebuddy.InlineByteBuddyMockMaker.createMock(InlineByteBuddyMockMaker.java:56)
	at org.mockito.internal.util.MockUtil.createMock(MockUtil.java:99)
	at org.mockito.internal.MockitoCore.mock(MockitoCore.java:88)
	at org.mockito.Mockito.mock(Mockito.java:2101)
	at org.mockito.Mockito.mock(Mockito.java:2016)
	... 5 more
Caused by: java.lang.IllegalArgumentException: Java 23 (67) is not supported by the current version of Byte Buddy which officially supports Java 22 (66) - update Byte Buddy or set net.bytebuddy.experimental as a VM property
	at net.bytebuddy.utility.OpenedClassReader.of(OpenedClassReader.java:100)
	at net.bytebuddy.dynamic.scaffold.TypeWriter$Default$ForInlining.create(TypeWriter.java:4011)
	at net.bytebuddy.dynamic.scaffold.TypeWriter$Default.make(TypeWriter.java:2224)
	at net.bytebuddy.dynamic.DynamicType$Builder$AbstractBase$UsingTypeWriter.make(DynamicType.java:4055)
	at net.bytebuddy.dynamic.DynamicType$Builder$AbstractBase.make(DynamicType.java:3739)
	at org.mockito.internal.creation.bytebuddy.InlineBytecodeGenerator.transform(InlineBytecodeGenerator.java:402)
	at java.instrument/java.lang.instrument.ClassFileTransformer.transform(ClassFileTransformer.java:242)
	at java.instrument/sun.instrument.TransformerManager.transform(TransformerManager.java:188)
	at java.instrument/sun.instrument.InstrumentationImpl.transform(InstrumentationImpl.java:610)
	at java.instrument/sun.instrument.InstrumentationImpl.retransformClasses0(Native Method)
	at java.instrument/sun.instrument.InstrumentationImpl.retransformClasses(InstrumentationImpl.java:225)
	at org.mockito.internal.creation.bytebuddy.InlineBytecodeGenerator.triggerRetransformation(InlineBytecodeGenerator.java:281)
	... 20 more

[INFO] Running com.financeboard.service.RecordServiceTest$ListRecords
[INFO] Tests run: 3, Failures: 0, Errors: 0, Skipped: 0, Time elapsed: 0.014 s -- in com.financeboard.service.RecordServiceTest$ListRecords
[INFO] Tests run: 0, Failures: 0, Errors: 0, Skipped: 0, Time elapsed: 0.094 s -- in com.financeboard.service.RecordServiceTest
[INFO] Running com.financeboard.service.UserServiceTest
[INFO] Running com.financeboard.service.UserServiceTest$DeleteUser
2026-04-05T11:23:27.060+05:30  INFO 25364 --- [financeboard-api] [           main] com.financeboard.service.UserService     : Deleting user: 0332bbdc-d4f3-4f7f-8b61-acdbb576d584
2026-04-05T11:23:27.062+05:30  INFO 25364 --- [financeboard-api] [           main] com.financeboard.service.UserService     : Deleting user: 8fa1ade1-c14a-4edd-9ab0-259039dc6c7c
[INFO] Tests run: 2, Failures: 0, Errors: 0, Skipped: 0, Time elapsed: 0.052 s -- in com.financeboard.service.UserServiceTest$DeleteUser
[INFO] Running com.financeboard.service.UserServiceTest$ToggleStatus
2026-04-05T11:23:27.067+05:30  INFO 25364 --- [financeboard-api] [           main] com.financeboard.service.UserService     : Toggling status for user: ce2ad0dd-cd5a-4a43-a859-e6d6934183f6
2026-04-05T11:23:27.072+05:30  INFO 25364 --- [financeboard-api] [           main] com.financeboard.service.UserService     : Toggling status for user: 0d4a46c0-98f0-4047-a6d8-048b8c691894
[INFO] Tests run: 2, Failures: 0, Errors: 0, Skipped: 0, Time elapsed: 0.009 s -- in com.financeboard.service.UserServiceTest$ToggleStatus
[INFO] Running com.financeboard.service.UserServiceTest$UpdateUser
2026-04-05T11:23:27.080+05:30  INFO 25364 --- [financeboard-api] [           main] com.financeboard.service.UserService     : Updating user: 185296db-2ac7-4891-b680-a374e0193c8e
2026-04-05T11:23:27.082+05:30  INFO 25364 --- [financeboard-api] [           main] com.financeboard.service.UserService     : Updating user: 4c767ef9-62f6-4c2a-9283-7872a3e7b471
[INFO] Tests run: 2, Failures: 0, Errors: 0, Skipped: 0, Time elapsed: 0.008 s -- in com.financeboard.service.UserServiceTest$UpdateUser
[INFO] Running com.financeboard.service.UserServiceTest$CreateUser
2026-04-05T11:23:27.088+05:30  INFO 25364 --- [financeboard-api] [           main] com.financeboard.service.UserService     : Creating user with email: test@finance.com
2026-04-05T11:23:27.095+05:30  INFO 25364 --- [financeboard-api] [           main] com.financeboard.service.UserService     : Creating user with email: new@finance.com
[INFO] Tests run: 2, Failures: 0, Errors: 0, Skipped: 0, Time elapsed: 0.012 s -- in com.financeboard.service.UserServiceTest$CreateUser
[INFO] Running com.financeboard.service.UserServiceTest$GetUserById
[INFO] Tests run: 2, Failures: 0, Errors: 0, Skipped: 0, Time elapsed: 0.007 s -- in com.financeboard.service.UserServiceTest$GetUserById
[INFO] Running com.financeboard.service.UserServiceTest$GetAllUsers
[INFO] Tests run: 2, Failures: 0, Errors: 0, Skipped: 0, Time elapsed: 0.007 s -- in com.financeboard.service.UserServiceTest$GetAllUsers
[INFO] Tests run: 0, Failures: 0, Errors: 0, Skipped: 0, Time elapsed: 0.101 s -- in com.financeboard.service.UserServiceTest
[DEBUG] Closing the fork 1 after saying GoodBye.
[INFO] 
[INFO] Results:
[INFO] 
[ERROR] Errors: 
[ERROR]   AuthServiceTest$Login.shouldLoginWithValidCredentials ┬╗ Mockito 
Mockito cannot mock this class: class com.financeboard.security.JwtUtil.

If you're not sure why you're getting this error, please open an issue on GitHub.


Java               : 23
JVM vendor name    : Oracle Corporation
JVM vendor version : 23.0.1+11-39
JVM name           : Java HotSpot(TM) 64-Bit Server VM
JVM version        : 23.0.1+11-39
JVM info           : mixed mode, sharing
OS name            : Windows 11
OS version         : 10.0


You are seeing this disclaimer because Mockito is configured to create inlined mocks.
You can learn about inline mocks and their limitations under item #39 of the Mockito class javadoc.

Underlying exception : org.mockito.exceptions.base.MockitoException: Could not modify all classes [class com.financeboard.security.JwtUtil, class java.lang.Object]
[ERROR]   AuthServiceTest$Login.shouldRejectInvalidCredentials ┬╗ Mockito 
Mockito cannot mock this class: class com.financeboard.security.JwtUtil.

If you're not sure why you're getting this error, please open an issue on GitHub.


Java               : 23
JVM vendor name    : Oracle Corporation
JVM vendor version : 23.0.1+11-39
JVM name           : Java HotSpot(TM) 64-Bit Server VM
JVM version        : 23.0.1+11-39
JVM info           : mixed mode, sharing
OS name            : Windows 11
OS version         : 10.0


You are seeing this disclaimer because Mockito is configured to create inlined mocks.
You can learn about inline mocks and their limitations under item #39 of the Mockito class javadoc.

Underlying exception : org.mockito.exceptions.base.MockitoException: Could not modify all classes [class com.financeboard.security.JwtUtil, class java.lang.Object]
[ERROR]   AuthServiceTest$Registration.shouldDefaultRoleToViewer ┬╗ Mockito 
Mockito cannot mock this class: class com.financeboard.security.JwtUtil.

If you're not sure why you're getting this error, please open an issue on GitHub.


Java               : 23
JVM vendor name    : Oracle Corporation
JVM vendor version : 23.0.1+11-39
JVM name           : Java HotSpot(TM) 64-Bit Server VM
JVM version        : 23.0.1+11-39
JVM info           : mixed mode, sharing
OS name            : Windows 11
OS version         : 10.0


You are seeing this disclaimer because Mockito is configured to create inlined mocks.
You can learn about inline mocks and their limitations under item #39 of the Mockito class javadoc.

Underlying exception : org.mockito.exceptions.base.MockitoException: Could not modify all classes [class com.financeboard.security.JwtUtil, class java.lang.Object]
[ERROR]   AuthServiceTest$Registration.shouldRegisterNewUser ┬╗ Mockito 
Mockito cannot mock this class: class com.financeboard.security.JwtUtil.

If you're not sure why you're getting this error, please open an issue on GitHub.


Java               : 23
JVM vendor name    : Oracle Corporation
JVM vendor version : 23.0.1+11-39
JVM name           : Java HotSpot(TM) 64-Bit Server VM
JVM version        : 23.0.1+11-39
JVM info           : mixed mode, sharing
OS name            : Windows 11
OS version         : 10.0


You are seeing this disclaimer because Mockito is configured to create inlined mocks.
You can learn about inline mocks and their limitations under item #39 of the Mockito class javadoc.

Underlying exception : org.mockito.exceptions.base.MockitoException: Could not modify all classes [class com.financeboard.security.JwtUtil, class java.lang.Object]
[ERROR]   AuthServiceTest$Registration.shouldRejectDuplicateEmail ┬╗ Mockito 
Mockito cannot mock this class: class com.financeboard.security.JwtUtil.

If you're not sure why you're getting this error, please open an issue on GitHub.


Java               : 23
JVM vendor name    : Oracle Corporation
JVM vendor version : 23.0.1+11-39
JVM name           : Java HotSpot(TM) 64-Bit Server VM
JVM version        : 23.0.1+11-39
JVM info           : mixed mode, sharing
OS name            : Windows 11
OS version         : 10.0


You are seeing this disclaimer because Mockito is configured to create inlined mocks.
You can learn about inline mocks and their limitations under item #39 of the Mockito class javadoc.

Underlying exception : org.mockito.exceptions.base.MockitoException: Could not modify all classes [class com.financeboard.security.JwtUtil, class java.lang.Object]
[ERROR]   RecordServiceTest$CreateRecord.shouldCreateRecordWithCurrentUser:146 Mockito 
Mockito cannot mock this class: interface org.springframework.security.core.Authentication.

If you're not sure why you're getting this error, please open an issue on GitHub.


Java               : 23
JVM vendor name    : Oracle Corporation
JVM vendor version : 23.0.1+11-39
JVM name           : Java HotSpot(TM) 64-Bit Server VM
JVM version        : 23.0.1+11-39
JVM info           : mixed mode, sharing
OS name            : Windows 11
OS version         : 10.0


You are seeing this disclaimer because Mockito is configured to create inlined mocks.
You can learn about inline mocks and their limitations under item #39 of the Mockito class javadoc.

Underlying exception : org.mockito.exceptions.base.MockitoException: Could not modify all classes [interface java.security.Principal, interface java.io.Serializable, interface org.springframework.security.core.Authentication]
[INFO] 
[ERROR] Tests run: 45, Failures: 0, Errors: 6, Skipped: 0
[INFO] 
[INFO] ------------------------------------------------------------------------
[INFO] BUILD FAILURE
[INFO] ------------------------------------------------------------------------
[INFO] Total time:  12.731 s
[INFO] Finished at: 2026-04-05T11:23:27+05:30
[INFO] ------------------------------------------------------------------------
[ERROR] Failed to execute goal org.apache.maven.plugins:maven-surefire-plugin:3.1.2:test (default-test) on project financeboard-api: 
[ERROR] 
[ERROR] Please refer to D:\Z\backend\target\surefire-reports for the individual test results.
[ERROR] Please refer to dump files (if any exist) [date].dump, [date]-jvmRun[N].dump and [date].dumpstream.
[ERROR] -> [Help 1]
org.apache.maven.lifecycle.LifecycleExecutionException: Failed to execute goal org.apache.maven.plugins:maven-surefire-plugin:3.1.2:test (default-test) on project financeboard-api: 

Please refer to D:\Z\backend\target\surefire-reports for the individual test results.
Please refer to dump files (if any exist) [date].dump, [date]-jvmRun[N].dump and [date].dumpstream.
    at org.apache.maven.lifecycle.internal.MojoExecutor.doExecute2 (MojoExecutor.java:333)
    at org.apache.maven.lifecycle.internal.MojoExecutor.doExecute (MojoExecutor.java:316)
    at org.apache.maven.lifecycle.internal.MojoExecutor.execute (MojoExecutor.java:212)
    at org.apache.maven.lifecycle.internal.MojoExecutor.execute (MojoExecutor.java:174)
    at org.apache.maven.lifecycle.internal.MojoExecutor.access$000 (MojoExecutor.java:75)
    at org.apache.maven.lifecycle.internal.MojoExecutor$1.run (MojoExecutor.java:162)
    at org.apache.maven.plugin.DefaultMojosExecutionStrategy.execute (DefaultMojosExecutionStrategy.java:39)
    at org.apache.maven.lifecycle.internal.MojoExecutor.execute (MojoExecutor.java:159)
    at org.apache.maven.lifecycle.internal.LifecycleModuleBuilder.buildProject (LifecycleModuleBuilder.java:105)
    at org.apache.maven.lifecycle.internal.LifecycleModuleBuilder.buildProject (LifecycleModuleBuilder.java:73)
    at org.apache.maven.lifecycle.internal.builder.singlethreaded.SingleThreadedBuilder.build (SingleThreadedBuilder.java:53)
    at org.apache.maven.lifecycle.internal.LifecycleStarter.execute (LifecycleStarter.java:118)
    at org.apache.maven.DefaultMaven.doExecute (DefaultMaven.java:261)
    at org.apache.maven.DefaultMaven.doExecute (DefaultMaven.java:173)
    at org.apache.maven.DefaultMaven.execute (DefaultMaven.java:101)
    at org.apache.maven.cli.MavenCli.execute (MavenCli.java:906)
    at org.apache.maven.cli.MavenCli.doMain (MavenCli.java:283)
    at org.apache.maven.cli.MavenCli.main (MavenCli.java:206)
    at jdk.internal.reflect.DirectMethodHandleAccessor.invoke (DirectMethodHandleAccessor.java:103)
    at java.lang.reflect.Method.invoke (Method.java:580)
    at org.codehaus.plexus.classworlds.launcher.Launcher.launchEnhanced (Launcher.java:283)
    at org.codehaus.plexus.classworlds.launcher.Launcher.launch (Launcher.java:226)
    at org.codehaus.plexus.classworlds.launcher.Launcher.mainWithExitCode (Launcher.java:407)
    at org.codehaus.plexus.classworlds.launcher.Launcher.main (Launcher.java:348)
    at jdk.internal.reflect.DirectMethodHandleAccessor.invoke (DirectMethodHandleAccessor.java:103)
    at java.lang.reflect.Method.invoke (Method.java:580)
    at org.apache.maven.wrapper.BootstrapMainStarter.start (BootstrapMainStarter.java:52)
    at org.apache.maven.wrapper.WrapperExecutor.execute (WrapperExecutor.java:161)
    at org.apache.maven.wrapper.MavenWrapperMain.main (MavenWrapperMain.java:73)
Caused by: org.apache.maven.plugin.MojoFailureException: 

Please refer to D:\Z\backend\target\surefire-reports for the individual test results.
Please refer to dump files (if any exist) [date].dump, [date]-jvmRun[N].dump and [date].dumpstream.
    at org.apache.maven.plugin.surefire.SurefireHelper.throwException (SurefireHelper.java:247)
    at org.apache.maven.plugin.surefire.SurefireHelper.reportExecution (SurefireHelper.java:159)
    at org.apache.maven.plugin.surefire.SurefirePlugin.handleSummary (SurefirePlugin.java:542)
    at org.apache.maven.plugin.surefire.AbstractSurefireMojo.executeAfterPreconditionsChecked (AbstractSurefireMojo.java:1067)
    at org.apache.maven.plugin.surefire.AbstractSurefireMojo.execute (AbstractSurefireMojo.java:871)
    at org.apache.maven.plugin.DefaultBuildPluginManager.executeMojo (DefaultBuildPluginManager.java:126)
    at org.apache.maven.lifecycle.internal.MojoExecutor.doExecute2 (MojoExecutor.java:328)
    at org.apache.maven.lifecycle.internal.MojoExecutor.doExecute (MojoExecutor.java:316)
    at org.apache.maven.lifecycle.internal.MojoExecutor.execute (MojoExecutor.java:212)
    at org.apache.maven.lifecycle.internal.MojoExecutor.execute (MojoExecutor.java:174)
    at org.apache.maven.lifecycle.internal.MojoExecutor.access$000 (MojoExecutor.java:75)
    at org.apache.maven.lifecycle.internal.MojoExecutor$1.run (MojoExecutor.java:162)
    at org.apache.maven.plugin.DefaultMojosExecutionStrategy.execute (DefaultMojosExecutionStrategy.java:39)
    at org.apache.maven.lifecycle.internal.MojoExecutor.execute (MojoExecutor.java:159)
    at org.apache.maven.lifecycle.internal.LifecycleModuleBuilder.buildProject (LifecycleModuleBuilder.java:105)
    at org.apache.maven.lifecycle.internal.LifecycleModuleBuilder.buildProject (LifecycleModuleBuilder.java:73)
    at org.apache.maven.lifecycle.internal.builder.singlethreaded.SingleThreadedBuilder.build (SingleThreadedBuilder.java:53)
    at org.apache.maven.lifecycle.internal.LifecycleStarter.execute (LifecycleStarter.java:118)
    at org.apache.maven.DefaultMaven.doExecute (DefaultMaven.java:261)
    at org.apache.maven.DefaultMaven.doExecute (DefaultMaven.java:173)
    at org.apache.maven.DefaultMaven.execute (DefaultMaven.java:101)
    at org.apache.maven.cli.MavenCli.execute (MavenCli.java:906)
    at org.apache.maven.cli.MavenCli.doMain (MavenCli.java:283)
    at org.apache.maven.cli.MavenCli.main (MavenCli.java:206)
    at jdk.internal.reflect.DirectMethodHandleAccessor.invoke (DirectMethodHandleAccessor.java:103)
    at java.lang.reflect.Method.invoke (Method.java:580)
    at org.codehaus.plexus.classworlds.launcher.Launcher.launchEnhanced (Launcher.java:283)
    at org.codehaus.plexus.classworlds.launcher.Launcher.launch (Launcher.java:226)
    at org.codehaus.plexus.classworlds.launcher.Launcher.mainWithExitCode (Launcher.java:407)
    at org.codehaus.plexus.classworlds.launcher.Launcher.main (Launcher.java:348)
    at jdk.internal.reflect.DirectMethodHandleAccessor.invoke (DirectMethodHandleAccessor.java:103)
    at java.lang.reflect.Method.invoke (Method.java:580)
    at org.apache.maven.wrapper.BootstrapMainStarter.start (BootstrapMainStarter.java:52)
    at org.apache.maven.wrapper.WrapperExecutor.execute (WrapperExecutor.java:161)
    at org.apache.maven.wrapper.MavenWrapperMain.main (MavenWrapperMain.java:73)
[ERROR] 
[ERROR] 
[ERROR] For more information about the errors and possible solutions, please read the following articles:
[ERROR] [Help 1] http://cwiki.apache.org/confluence/display/MAVEN/MojoFailureException
[DEBUG] Shutting down adapter factory; available factories [file-lock, rwlock-local, semaphore-local, noop]; available name mappers [discriminating, file-gav, file-hgav, file-static, gav, static]
[DEBUG] Shutting down 'file-lock' factory
[DEBUG] Shutting down 'rwlock-local' factory
[DEBUG] Shutting down 'semaphore-local' factory
[DEBUG] Shutting down 'noop' factory
